Archive member included to satisfy reference by file (symbol)

c:/st/stm32cubeide_1.7.0/stm32cubeide/plugins/com.st.stm32cube.ide.mcu.externaltools.gnu-tools-for-stm32.9-2020-q2-update.win32_2.0.0.202105311346/tools/bin/../lib/gcc/arm-none-eabi/9.3.1/../../../../arm-none-eabi/lib/thumb/v7-m/nofp\libc_nano.a(lib_a-errno.o)
                              ./Core/Src/syscalls.o (__errno)
c:/st/stm32cubeide_1.7.0/stm32cubeide/plugins/com.st.stm32cube.ide.mcu.externaltools.gnu-tools-for-stm32.9-2020-q2-update.win32_2.0.0.202105311346/tools/bin/../lib/gcc/arm-none-eabi/9.3.1/../../../../arm-none-eabi/lib/thumb/v7-m/nofp\libc_nano.a(lib_a-exit.o)
                              c:/st/stm32cubeide_1.7.0/stm32cubeide/plugins/com.st.stm32cube.ide.mcu.externaltools.gnu-tools-for-stm32.9-2020-q2-update.win32_2.0.0.202105311346/tools/bin/../lib/gcc/arm-none-eabi/9.3.1/../../../../arm-none-eabi/lib/thumb/v7-m/nofp/crt0.o (exit)
c:/st/stm32cubeide_1.7.0/stm32cubeide/plugins/com.st.stm32cube.ide.mcu.externaltools.gnu-tools-for-stm32.9-2020-q2-update.win32_2.0.0.202105311346/tools/bin/../lib/gcc/arm-none-eabi/9.3.1/../../../../arm-none-eabi/lib/thumb/v7-m/nofp\libc_nano.a(lib_a-impure.o)
                              c:/st/stm32cubeide_1.7.0/stm32cubeide/plugins/com.st.stm32cube.ide.mcu.externaltools.gnu-tools-for-stm32.9-2020-q2-update.win32_2.0.0.202105311346/tools/bin/../lib/gcc/arm-none-eabi/9.3.1/../../../../arm-none-eabi/lib/thumb/v7-m/nofp\libc_nano.a(lib_a-exit.o) (_global_impure_ptr)
c:/st/stm32cubeide_1.7.0/stm32cubeide/plugins/com.st.stm32cube.ide.mcu.externaltools.gnu-tools-for-stm32.9-2020-q2-update.win32_2.0.0.202105311346/tools/bin/../lib/gcc/arm-none-eabi/9.3.1/../../../../arm-none-eabi/lib/thumb/v7-m/nofp\libc_nano.a(lib_a-init.o)
                              c:/st/stm32cubeide_1.7.0/stm32cubeide/plugins/com.st.stm32cube.ide.mcu.externaltools.gnu-tools-for-stm32.9-2020-q2-update.win32_2.0.0.202105311346/tools/bin/../lib/gcc/arm-none-eabi/9.3.1/../../../../arm-none-eabi/lib/thumb/v7-m/nofp/crt0.o (__libc_init_array)
c:/st/stm32cubeide_1.7.0/stm32cubeide/plugins/com.st.stm32cube.ide.mcu.externaltools.gnu-tools-for-stm32.9-2020-q2-update.win32_2.0.0.202105311346/tools/bin/../lib/gcc/arm-none-eabi/9.3.1/../../../../arm-none-eabi/lib/thumb/v7-m/nofp\libc_nano.a(lib_a-memset.o)
                              c:/st/stm32cubeide_1.7.0/stm32cubeide/plugins/com.st.stm32cube.ide.mcu.externaltools.gnu-tools-for-stm32.9-2020-q2-update.win32_2.0.0.202105311346/tools/bin/../lib/gcc/arm-none-eabi/9.3.1/../../../../arm-none-eabi/lib/thumb/v7-m/nofp/crt0.o (memset)
c:/st/stm32cubeide_1.7.0/stm32cubeide/plugins/com.st.stm32cube.ide.mcu.externaltools.gnu-tools-for-stm32.9-2020-q2-update.win32_2.0.0.202105311346/tools/bin/../lib/gcc/arm-none-eabi/9.3.1/../../../../arm-none-eabi/lib/thumb/v7-m/nofp\libc_nano.a(lib_a-sprintf.o)
                              ./Core/Src/main.o (sprintf)
c:/st/stm32cubeide_1.7.0/stm32cubeide/plugins/com.st.stm32cube.ide.mcu.externaltools.gnu-tools-for-stm32.9-2020-q2-update.win32_2.0.0.202105311346/tools/bin/../lib/gcc/arm-none-eabi/9.3.1/../../../../arm-none-eabi/lib/thumb/v7-m/nofp\libc_nano.a(lib_a-nano-svfprintf.o)
                              c:/st/stm32cubeide_1.7.0/stm32cubeide/plugins/com.st.stm32cube.ide.mcu.externaltools.gnu-tools-for-stm32.9-2020-q2-update.win32_2.0.0.202105311346/tools/bin/../lib/gcc/arm-none-eabi/9.3.1/../../../../arm-none-eabi/lib/thumb/v7-m/nofp\libc_nano.a(lib_a-sprintf.o) (_svfprintf_r)
c:/st/stm32cubeide_1.7.0/stm32cubeide/plugins/com.st.stm32cube.ide.mcu.externaltools.gnu-tools-for-stm32.9-2020-q2-update.win32_2.0.0.202105311346/tools/bin/../lib/gcc/arm-none-eabi/9.3.1/../../../../arm-none-eabi/lib/thumb/v7-m/nofp\libc_nano.a(lib_a-nano-vfprintf_i.o)
                              c:/st/stm32cubeide_1.7.0/stm32cubeide/plugins/com.st.stm32cube.ide.mcu.externaltools.gnu-tools-for-stm32.9-2020-q2-update.win32_2.0.0.202105311346/tools/bin/../lib/gcc/arm-none-eabi/9.3.1/../../../../arm-none-eabi/lib/thumb/v7-m/nofp\libc_nano.a(lib_a-nano-svfprintf.o) (_printf_i)
c:/st/stm32cubeide_1.7.0/stm32cubeide/plugins/com.st.stm32cube.ide.mcu.externaltools.gnu-tools-for-stm32.9-2020-q2-update.win32_2.0.0.202105311346/tools/bin/../lib/gcc/arm-none-eabi/9.3.1/../../../../arm-none-eabi/lib/thumb/v7-m/nofp\libc_nano.a(lib_a-memchr-stub.o)
                              c:/st/stm32cubeide_1.7.0/stm32cubeide/plugins/com.st.stm32cube.ide.mcu.externaltools.gnu-tools-for-stm32.9-2020-q2-update.win32_2.0.0.202105311346/tools/bin/../lib/gcc/arm-none-eabi/9.3.1/../../../../arm-none-eabi/lib/thumb/v7-m/nofp\libc_nano.a(lib_a-nano-svfprintf.o) (memchr)
c:/st/stm32cubeide_1.7.0/stm32cubeide/plugins/com.st.stm32cube.ide.mcu.externaltools.gnu-tools-for-stm32.9-2020-q2-update.win32_2.0.0.202105311346/tools/bin/../lib/gcc/arm-none-eabi/9.3.1/../../../../arm-none-eabi/lib/thumb/v7-m/nofp\libc_nano.a(lib_a-memcpy-stub.o)
[...]
Memory Configuration

Name             Origin             Length             Attributes
RAM              0x0000000020000000 0x0000000000005000 xrw
FLASH            0x0000000008000000 0x0000000000020000 xr
*default*        0x0000000000000000 0xffffffffffffffff

Linker script and memory map

LOAD c:/st/stm32cubeide_1.7.0/stm32cubeide/plugins/com.st.stm32cube.ide.mcu.externaltools.gnu-tools-for-stm32.9-2020-q2-update.win32_2.0.0.202105311346/tools/bin/../lib/gcc/arm-none-eabi/9.3.1/thumb/v7-m/nofp/crti.o
LOAD c:/st/stm32cubeide_1.7.0/stm32cubeide/plugins/com.st.stm32cube.ide.mcu.externaltools.gnu-tools-for-stm32.9-2020-q2-update.win32_2.0.0.202105311346/tools/bin/../lib/gcc/arm-none-eabi/9.3.1/thumb/v7-m/nofp/crtbegin.o
LOAD c:/st/stm32cubeide_1.7.0/stm32cubeide/plugins/com.st.stm32cube.ide.mcu.externaltools.gnu-tools-for-stm32.9-2020-q2-update.win32_2.0.0.202105311346/tools/bin/../lib/gcc/arm-none-eabi/9.3.1/../../../../arm-none-eabi/lib/thumb/v7-m/nofp/crt0.o
LOAD ./Core/Src/button.o
LOAD ./Core/Src/fsm_automatic_1.o
LOAD ./Core/Src/fsm_automatic_2.o
LOAD ./Core/Src/fsm_mode.o
LOAD ./Core/Src/fsm_mode_Led7Seg.o
LOAD ./Core/Src/global.o
LOAD ./Core/Src/input_reading.o
LOAD ./Core/Src/led_display.o
LOAD ./Core/Src/main.o
LOAD ./Core/Src/pedestrian.o
LOAD ./Core/Src/scheduler.o
LOAD ./Core/Src/software_timer.o
LOAD ./Core/Src/stm32f1xx_hal_msp.o
LOAD ./Core/Src/stm32f1xx_it.o
LOAD ./Core/Src/syscalls.o
LOAD ./Core/Src/sysmem.o
LOAD ./Core/Src/system_stm32f1xx.o
LOAD ./Core/Src/timer.o
LOAD ./Core/Startup/startup_stm32f103rbtx.o
LOAD ./Drivers/STM32F1xx_HAL_Driver/Src/stm32f1xx_hal.o
LOAD ./Drivers/STM32F1xx_HAL_Driver/Src/stm32f1xx_hal_cortex.o
LOAD ./Drivers/STM32F1xx_HAL_Driver/Src/stm32f1xx_hal_dma.o
LOAD ./Drivers/STM32F1xx_HAL_Driver/Src/stm32f1xx_hal_exti.o
LOAD ./Drivers/STM32F1xx_HAL_Driver/Src/stm32f1xx_hal_flash.o
LOAD ./Drivers/STM32F1xx_HAL_Driver/Src/stm32f1xx_hal_flash_ex.o
LOAD ./Drivers/STM32F1xx_HAL_Driver/Src/stm32f1xx_hal_gpio.o
LOAD ./Drivers/STM32F1xx_HAL_Driver/Src/stm32f1xx_hal_gpio_ex.o
LOAD ./Drivers/STM32F1xx_HAL_Driver/Src/stm32f1xx_hal_pwr.o
LOAD ./Drivers/STM32F1xx_HAL_Driver/Src/stm32f1xx_hal_rcc.o
LOAD ./Drivers/STM32F1xx_HAL_Driver/Src/stm32f1xx_hal_rcc_ex.o
LOAD ./Drivers/STM32F1xx_HAL_Driver/Src/stm32f1xx_hal_tim.o
LOAD ./Drivers/STM32F1xx_HAL_Driver/Src/stm32f1xx_hal_tim_ex.o
LOAD ./Drivers/STM32F1xx_HAL_Driver/Src/stm32f1xx_hal_uart.o
START GROUP
LOAD c:/st/stm32cubeide_1.7.0/stm32cubeide/plugins/com.st.stm32cube.ide.mcu.externaltools.gnu-tools-for-stm32.9-2020-q2-update.win32_2.0.0.202105311346/tools/bin/../lib/gcc/arm-none-eabi/9.3.1/../../../../arm-none-eabi/lib/thumb/v7-m/nofp\libc_nano.a
LOAD c:/st/stm32cubeide_1.7.0/stm32cubeide/plugins/com.st.stm32cube.ide.mcu.externaltools.gnu-tools-for-stm32.9-2020-q2-update.win32_2.0.0.202105311346/tools/bin/../lib/gcc/arm-none-eabi/9.3.1/../../../../arm-none-eabi/lib/thumb/v7-m/nofp\libm.a
END GROUP
START GROUP
LOAD c:/st/stm32cubeide_1.7.0/stm32cubeide/plugins/com.st.stm32cube.ide.mcu.externaltools.gnu-tools-for-stm32.9-2020-q2-update.win32_2.0.0.202105311346/tools/bin/../lib/gcc/arm-none-eabi/9.3.1/thumb/v7-m/nofp\libgcc.a
LOAD c:/st/stm32cubeide_1.7.0/stm32cubeide/plugins/com.st.stm32cube.ide.mcu.externaltools.gnu-tools-for-stm32.9-2020-q2-update.win32_2.0.0.202105311346/tools/bin/../lib/gcc/arm-none-eabi/9.3.1/../../../../arm-none-eabi/lib/thumb/v7-m/nofp\libc_nano.a
END GROUP
START GROUP
LOAD c:/st/stm32cubeide_1.7.0/stm32cubeide/plugins/com.st.stm32cube.ide.mcu.externaltools.gnu-tools-for-stm32.9-2020-q2-update.win32_2.0.0.202105311346/tools/bin/../lib/gcc/arm-none-eabi/9.3.1/thumb/v7-m/nofp\libgcc.a
LOAD c:/st/stm32cubeide_1.7.0/stm32cubeide/plugins/com.st.stm32cube.ide.mcu.externaltools.gnu-tools-for-stm32.9-2020-q2-update.win32_2.0.0.202105311346/tools/bin/../lib/gcc/arm-none-eabi/9.3.1/../../../../arm-none-eabi/lib/thumb/v7-m/nofp\libc_nano.a
LOAD c:/st/stm32cubeide_1.7.0/stm32cubeide/plugins/com.st.stm32cube.ide.mcu.externaltools.gnu-tools-for-stm32.9-2020-q2-update.win32_2.0.0.202105311346/tools/bin/../lib/gcc/arm-none-eabi/9.3.1/../../../../arm-none-eabi/lib/thumb/v7-m/nofp\libnosys.a
END GROUP
START GROUP
LOAD c:/st/stm32cubeide_1.7.0/stm32cubeide/plugins/com.st.stm32cube.ide.mcu.externaltools.gnu-tools-for-stm32.9-2020-q2-update.win32_2.0.0.202105311346/tools/bin/../lib/gcc/arm-none-eabi/9.3.1/thumb/v7-m/nofp\libgcc.a
LOAD c:/st/stm32cubeide_1.7.0/stm32cubeide/plugins/com.st.stm32cube.ide.mcu.externaltools.gnu-tools-for-stm32.9-2020-q2-update.win32_2.0.0.202105311346/tools/bin/../lib/gcc/arm-none-eabi/9.3.1/../../../../arm-none-eabi/lib/thumb/v7-m/nofp\libc_nano.a
LOAD c:/st/stm32cubeide_1.7.0/stm32cubeide/plugins/com.st.stm32cube.ide.mcu.externaltools.gnu-tools-for-stm32.9-2020-q2-update.win32_2.0.0.202105311346/tools/bin/../lib/gcc/arm-none-eabi/9.3.1/../../../../arm-none-eabi/lib/thumb/v7-m/nofp\libnosys.a
END GROUP
LOAD c:/st/stm32cubeide_1.7.0/stm32cubeide/plugins/com.st.stm32cube.ide.mcu.externaltools.gnu-tools-for-stm32.9-2020-q2-update.win32_2.0.0.202105311346/tools/bin/../lib/gcc/arm-none-eabi/9.3.1/thumb/v7-m/nofp/crtend.o
LOAD c:/st/stm32cubeide_1.7.0/stm32cubeide/plugins/com.st.stm32cube.ide.mcu.externaltools.gnu-tools-for-stm32.9-2020-q2-update.win32_2.0.0.202105311346/tools/bin/../lib/gcc/arm-none-eabi/9.3.1/thumb/v7-m/nofp/crtn.o
                0x0000000020005000                _estack = (ORIGIN (RAM) + LENGTH (RAM))
                0x0000000000000200                _Min_Heap_Size = 0x200
                0x0000000000000400                _Min_Stack_Size = 0x400

.isr_vector     0x0000000008000000      0x10c
                0x0000000008000000                . = ALIGN (0x4)
 *(.isr_vector)
 .isr_vector    0x0000000008000000      0x10c ./Core/Startup/startup_stm32f103rbtx.o
                0x0000000008000000                g_pfnVectors
                0x000000000800010c                . = ALIGN (0x4)

.text           0x000000000800010c     0x41b0
                0x000000000800010c                . = ALIGN (0x4)
 *(.text)
 .text          0x000000000800010c       0x40 c:/st/stm32cubeide_1.7.0/stm32cubeide/plugins/com.st.stm32cube.ide.mcu.externaltools.gnu-tools-for-stm32.9-2020-q2-update.win32_2.0.0.202105311346/tools/bin/../lib/gcc/arm-none-eabi/9.3.1/thumb/v7-m/nofp/crtbegin.o
 *(.text*)
 .text.fsm_automatic_1_run
                0x000000000800014c      0x178 ./Core/Src/fsm_automatic_1.o
                0x000000000800014c                fsm_automatic_1_run
 .text.fsm_automatic_2_run
                0x00000000080002c4      0x178 ./Core/Src/fsm_automatic_2.o
                0x00000000080002c4                fsm_automatic_2_run
 .text.fsm_mode_run
                0x000000000800043c      0x244 ./Core/Src/fsm_mode.o
                0x000000000800043c                fsm_mode_run
 .text.timeTimer
                0x0000000008000680       0x1c ./Core/Src/global.o
                0x0000000008000680                timeTimer
 .text.isButtonflag
                0x000000000800069c       0x34 ./Core/Src/input_reading.o
                0x000000000800069c                isButtonflag
 .text.is_button_pressed
                0x00000000080006d0       0x34 ./Core/Src/input_reading.o
                0x00000000080006d0                is_button_pressed
 .text.is_button_pressed_3s
                0x0000000008000704       0x34 ./Core/Src/input_reading.o
                0x0000000008000704                is_button_pressed_3s
 .text.fsm_for_input_processing
                0x0000000008000738      0x168 ./Core/Src/input_reading.o
                0x0000000008000738                fsm_for_input_processing
 .text.button_reading
                0x00000000080008a0       0xd8 ./Core/Src/input_reading.o
                0x00000000080008a0                button_reading
 .text.BlinkyRedVer
                0x0000000008000978       0x24 ./Core/Src/led_display.o
                0x0000000008000978                BlinkyRedVer
 .text.BlinkyGreenVer
                0x000000000800099c       0x24 ./Core/Src/led_display.o
                0x000000000800099c                BlinkyGreenVer
 .text.BlinkyYellowVer
                0x00000000080009c0       0x24 ./Core/Src/led_display.o
                0x00000000080009c0                BlinkyYellowVer
 .text.BlinkyRedHor
                0x00000000080009e4       0x20 ./Core/Src/led_display.o
                0x00000000080009e4                BlinkyRedHor
 .text.BlinkyGreenHor
                0x0000000008000a04       0x20 ./Core/Src/led_display.o
                0x0000000008000a04                BlinkyGreenHor
 .text.BlinkyYellowHor
                0x0000000008000a24       0x1c ./Core/Src/led_display.o
                0x0000000008000a24                BlinkyYellowHor
 .text.SetOffVer
                0x0000000008000a40       0x28 ./Core/Src/led_display.o
                0x0000000008000a40                SetOffVer
 .text.SetPedesRed
                0x0000000008000a68       0x28 ./Core/Src/led_display.o
                0x0000000008000a68                SetPedesRed
 .text.SetPedesGreen
                0x0000000008000a90       0x28 ./Core/Src/led_display.o
                0x0000000008000a90                SetPedesGreen
 .text.SetPedesOff
                0x0000000008000ab8       0x28 ./Core/Src/led_display.o
                0x0000000008000ab8                SetPedesOff
 .text.SetRedVer
                0x0000000008000ae0       0x28 ./Core/Src/led_display.o
                0x0000000008000ae0                SetRedVer
 .text.SetGreenVer
                0x0000000008000b08       0x28 ./Core/Src/led_display.o
                0x0000000008000b08                SetGreenVer
 .text.SetYellowVer
                0x0000000008000b30       0x28 ./Core/Src/led_display.o
                0x0000000008000b30                SetYellowVer
 .text.SetOffHor
                0x0000000008000b58       0x20 ./Core/Src/led_display.o
                0x0000000008000b58                SetOffHor
 .text.SetRedHor
                0x0000000008000b78       0x20 ./Core/Src/led_display.o
                0x0000000008000b78                SetRedHor
 .text.SetGreenHor
                0x0000000008000b98       0x20 ./Core/Src/led_display.o
                0x0000000008000b98                SetGreenHor
 .text.SetYellowHor
                0x0000000008000bb8       0x20 ./Core/Src/led_display.o
                0x0000000008000bb8                SetYellowHor
 .text.Buzzer_On
                0x0000000008000bd8       0x6c ./Core/Src/main.o
                0x0000000008000bd8                Buzzer_On
 .text.main     0x0000000008000c44      0x11c ./Core/Src/main.o
                0x0000000008000c44                main
 .text.SystemClock_Config
                0x0000000008000d60       0x82 ./Core/Src/main.o
                0x0000000008000d60                SystemClock_Config
 *fill*         0x0000000008000de2        0x2 
 .text.MX_TIM2_Init
                0x0000000008000de4       0x98 ./Core/Src/main.o
 .text.MX_TIM3_Init
                0x0000000008000e7c       0xec ./Core/Src/main.o
 .text.MX_USART2_UART_Init
                0x0000000008000f68       0x54 ./Core/Src/main.o
 .text.MX_GPIO_Init
                0x0000000008000fbc       0xdc ./Core/Src/main.o
 .text.Error_Handler
                0x0000000008001098        0xa ./Core/Src/main.o
                0x0000000008001098                Error_Handler
 *fill*         0x00000000080010a2        0x2 
 .text.pedestrian_cramble
                0x00000000080010a4       0x7c ./Core/Src/pedestrian.o
                0x00000000080010a4                pedestrian_cramble
 .text.SCH_Init
                0x0000000008001120       0x18 ./Core/Src/scheduler.o
                0x0000000008001120                SCH_Init
 .text.SCH_Add_Task
                0x0000000008001138       0xc0 ./Core/Src/scheduler.o
                0x0000000008001138                SCH_Add_Task
 .text.SCH_Update
                0x00000000080011f8       0xc0 ./Core/Src/scheduler.o
                0x00000000080011f8                SCH_Update
 .text.clearTimer1
                0x00000000080012b8       0x20 ./Core/Src/software_timer.o
                0x00000000080012b8                clearTimer1
 .text.clearTimer2
                0x00000000080012d8       0x20 ./Core/Src/software_timer.o
                0x00000000080012d8                clearTimer2
 .text.clearTimer3
                0x00000000080012f8       0x20 ./Core/Src/software_timer.o
                0x00000000080012f8                clearTimer3
 .text.setTimer1
                0x0000000008001318       0x34 ./Core/Src/software_timer.o
                0x0000000008001318                setTimer1
 .text.setTimer2
                0x000000000800134c       0x34 ./Core/Src/software_timer.o
                0x000000000800134c                setTimer2
 .text.setTimer3
                0x0000000008001380       0x34 ./Core/Src/software_timer.o
                0x0000000008001380                setTimer3
 .text.setTimer4
                0x00000000080013b4       0x34 ./Core/Src/software_timer.o
                0x00000000080013b4                setTimer4
 .text.setTimer5
                0x00000000080013e8       0x34 ./Core/Src/software_timer.o
                0x00000000080013e8                setTimer5
 .text.setTimer6
                0x000000000800141c       0x34 ./Core/Src/software_timer.o
                0x000000000800141c                setTimer6
 .text.timerRun
                0x0000000008001450      0x124 ./Core/Src/software_timer.o
                0x0000000008001450                timerRun
 .text.HAL_MspInit
                0x0000000008001574       0x64 ./Core/Src/stm32f1xx_hal_msp.o
                0x0000000008001574                HAL_MspInit
 .text.HAL_TIM_Base_MspInit
                0x00000000080015d8       0x80 ./Core/Src/stm32f1xx_hal_msp.o
                0x00000000080015d8                HAL_TIM_Base_MspInit
 .text.HAL_TIM_MspPostInit
                0x0000000008001658       0x64 ./Core/Src/stm32f1xx_hal_msp.o
                0x0000000008001658                HAL_TIM_MspPostInit
 .text.HAL_UART_MspInit
                0x00000000080016bc       0x94 ./Core/Src/stm32f1xx_hal_msp.o
                0x00000000080016bc                HAL_UART_MspInit
 .text.NMI_Handler
                0x0000000008001750        0x6 ./Core/Src/stm32f1xx_it.o
                0x0000000008001750                NMI_Handler
 .text.HardFault_Handler
                0x0000000008001756        0x6 ./Core/Src/stm32f1xx_it.o
                0x0000000008001756                HardFault_Handler
 .text.MemManage_Handler
                0x000000000800175c        0x6 ./Core/Src/stm32f1xx_it.o
                0x000000000800175c                MemManage_Handler
 .text.BusFault_Handler
                0x0000000008001762        0x6 ./Core/Src/stm32f1xx_it.o
                0x0000000008001762                BusFault_Handler
 .text.UsageFault_Handler
                0x0000000008001768        0x6 ./Core/Src/stm32f1xx_it.o
                0x0000000008001768                UsageFault_Handler
 .text.SVC_Handler
                0x000000000800176e        0xc ./Core/Src/stm32f1xx_it.o
                0x000000000800176e                SVC_Handler
 .text.DebugMon_Handler
                0x000000000800177a        0xc ./Core/Src/stm32f1xx_it.o
                0x000000000800177a                DebugMon_Handler
 .text.PendSV_Handler
                0x0000000008001786        0xc ./Core/Src/stm32f1xx_it.o
                0x0000000008001786                PendSV_Handler
 .text.SysTick_Handler
                0x0000000008001792        0xc ./Core/Src/stm32f1xx_it.o
                0x0000000008001792                SysTick_Handler
 *fill*         0x000000000800179e        0x2 
 .text.TIM2_IRQHandler
                0x00000000080017a0       0x14 ./Core/Src/stm32f1xx_it.o
                0x00000000080017a0                TIM2_IRQHandler
 .text.TIM3_IRQHandler
                0x00000000080017b4       0x14 ./Core/Src/stm32f1xx_it.o
                0x00000000080017b4                TIM3_IRQHandler
 .text._sbrk    0x00000000080017c8       0x6c ./Core/Src/sysmem.o
                0x00000000080017c8                _sbrk
 .text.SystemInit
                0x0000000008001834        0xc ./Core/Src/system_stm32f1xx.o
                0x0000000008001834                SystemInit
 .text.HAL_TIM_PeriodElapsedCallback
                0x0000000008001840       0x1e ./Core/Src/timer.o
                0x0000000008001840                HAL_TIM_PeriodElapsedCallback
 *fill*         0x000000000800185e        0x2 
 .text.Reset_Handler
                0x0000000008001860       0x48 ./Core/Startup/startup_stm32f103rbtx.o
                0x0000000008001860                Reset_Handler
 .text.Default_Handler
                0x00000000080018a8        0x2 ./Core/Startup/startup_stm32f103rbtx.o
                0x00000000080018a8                RTC_Alarm_IRQHandler
                0x00000000080018a8                EXTI2_IRQHandler
                0x00000000080018a8                TIM1_CC_IRQHandler
                0x00000000080018a8                PVD_IRQHandler
                0x00000000080018a8                EXTI3_IRQHandler
                0x00000000080018a8                EXTI0_IRQHandler
                0x00000000080018a8                I2C2_EV_IRQHandler
                0x00000000080018a8                ADC1_2_IRQHandler
                0x00000000080018a8                SPI1_IRQHandler
                0x00000000080018a8                TAMPER_IRQHandler
                0x00000000080018a8                DMA1_Channel4_IRQHandler
                0x00000000080018a8                USART3_IRQHandler
                0x00000000080018a8                RTC_IRQHandler
                0x00000000080018a8                DMA1_Channel7_IRQHandler
                0x00000000080018a8                CAN1_RX1_IRQHandler
                0x00000000080018a8                TIM4_IRQHandler
                0x00000000080018a8                I2C1_EV_IRQHandler
                0x00000000080018a8                DMA1_Channel6_IRQHandler
                0x00000000080018a8                RCC_IRQHandler
                0x00000000080018a8                TIM1_TRG_COM_IRQHandler
                0x00000000080018a8                DMA1_Channel1_IRQHandler
                0x00000000080018a8                Default_Handler
                0x00000000080018a8                EXTI15_10_IRQHandler
                0x00000000080018a8                EXTI9_5_IRQHandler
                0x00000000080018a8                SPI2_IRQHandler
                0x00000000080018a8                DMA1_Channel5_IRQHandler
                0x00000000080018a8                EXTI4_IRQHandler
                0x00000000080018a8                USB_LP_CAN1_RX0_IRQHandler
                0x00000000080018a8                USB_HP_CAN1_TX_IRQHandler
                0x00000000080018a8                DMA1_Channel3_IRQHandler
                0x00000000080018a8                TIM1_UP_IRQHandler
                0x00000000080018a8                WWDG_IRQHandler
                0x00000000080018a8                TIM1_BRK_IRQHandler
                0x00000000080018a8                EXTI1_IRQHandler
                0x00000000080018a8                USART2_IRQHandler
                0x00000000080018a8                I2C2_ER_IRQHandler
                0x00000000080018a8                DMA1_Channel2_IRQHandler
                0x00000000080018a8                CAN1_SCE_IRQHandler
                0x00000000080018a8                FLASH_IRQHandler
                0x00000000080018a8                USART1_IRQHandler
                0x00000000080018a8                I2C1_ER_IRQHandler
                0x00000000080018a8                USBWakeUp_IRQHandler
 *fill*         0x00000000080018aa        0x2 
 .text.HAL_Init
                0x00000000080018ac       0x2c ./Drivers/STM32F1xx_HAL_Driver/Src/stm32f1xx_hal.o
                0x00000000080018ac                HAL_Init
 .text.HAL_InitTick
                0x00000000080018d8       0x60 ./Drivers/STM32F1xx_HAL_Driver/Src/stm32f1xx_hal.o
                0x00000000080018d8                HAL_InitTick
 .text.HAL_IncTick
                0x0000000008001938       0x24 ./Drivers/STM32F1xx_HAL_Driver/Src/stm32f1xx_hal.o
                0x0000000008001938                HAL_IncTick
 .text.HAL_GetTick
                0x000000000800195c       0x14 ./Drivers/STM32F1xx_HAL_Driver/Src/stm32f1xx_hal.o
                0x000000000800195c                HAL_GetTick
 .text.HAL_Delay
                0x0000000008001970       0x48 ./Drivers/STM32F1xx_HAL_Driver/Src/stm32f1xx_hal.o
                0x0000000008001970                HAL_Delay
 .text.__NVIC_SetPriorityGrouping
                0x00000000080019b8       0x48 ./Drivers/STM32F1xx_HAL_Driver/Src/stm32f1xx_hal_cortex.o
 .text.__NVIC_GetPriorityGrouping
                0x0000000008001a00       0x1c ./Drivers/STM32F1xx_HAL_Driver/Src/stm32f1xx_hal_cortex.o
 .text.__NVIC_EnableIRQ
                0x0000000008001a1c       0x38 ./Drivers/STM32F1xx_HAL_Driver/Src/stm32f1xx_hal_cortex.o
 .text.__NVIC_SetPriority
                0x0000000008001a54       0x54 ./Drivers/STM32F1xx_HAL_Driver/Src/stm32f1xx_hal_cortex.o
 .text.NVIC_EncodePriority
                0x0000000008001aa8       0x64 ./Drivers/STM32F1xx_HAL_Driver/Src/stm32f1xx_hal_cortex.o
 .text.SysTick_Config
                0x0000000008001b0c       0x44 ./Drivers/STM32F1xx_HAL_Driver/Src/stm32f1xx_hal_cortex.o
 .text.HAL_NVIC_SetPriorityGrouping
                0x0000000008001b50       0x16 ./Drivers/STM32F1xx_HAL_Driver/Src/stm32f1xx_hal_cortex.o
                0x0000000008001b50                HAL_NVIC_SetPriorityGrouping
 .text.HAL_NVIC_SetPriority
                0x0000000008001b66       0x38 ./Drivers/STM32F1xx_HAL_Driver/Src/stm32f1xx_hal_cortex.o
                0x0000000008001b66                HAL_NVIC_SetPriority
 .text.HAL_NVIC_EnableIRQ
                0x0000000008001b9e       0x1c ./Drivers/STM32F1xx_HAL_Driver/Src/stm32f1xx_hal_cortex.o
                0x0000000008001b9e                HAL_NVIC_EnableIRQ
 .text.HAL_SYSTICK_Config
                0x0000000008001bba       0x18 ./Drivers/STM32F1xx_HAL_Driver/Src/stm32f1xx_hal_cortex.o
                0x0000000008001bba                HAL_SYSTICK_Config
 *fill*         0x0000000008001bd2        0x2 
 .text.HAL_GPIO_Init
                0x0000000008001bd4      0x308 ./Drivers/STM32F1xx_HAL_Driver/Src/stm32f1xx_hal_gpio.o
                0x0000000008001bd4                HAL_GPIO_Init
 .text.HAL_GPIO_ReadPin
                0x0000000008001edc       0x2e ./Drivers/STM32F1xx_HAL_Driver/Src/stm32f1xx_hal_gpio.o
                0x0000000008001edc                HAL_GPIO_ReadPin
 .text.HAL_GPIO_WritePin
                0x0000000008001f0a       0x30 ./Drivers/STM32F1xx_HAL_Driver/Src/stm32f1xx_hal_gpio.o
                0x0000000008001f0a                HAL_GPIO_WritePin
 .text.HAL_GPIO_TogglePin
                0x0000000008001f3a       0x32 ./Drivers/STM32F1xx_HAL_Driver/Src/stm32f1xx_hal_gpio.o
                0x0000000008001f3a                HAL_GPIO_TogglePin
 .text.HAL_RCC_OscConfig
                0x0000000008001f6c      0x500 ./Drivers/STM32F1xx_HAL_Driver/Src/stm32f1xx_hal_rcc.o
                0x0000000008001f6c                HAL_RCC_OscConfig
 .text.HAL_RCC_ClockConfig
                0x000000000800246c      0x1d4 ./Drivers/STM32F1xx_HAL_Driver/Src/stm32f1xx_hal_rcc.o
                0x000000000800246c                HAL_RCC_ClockConfig
 .text.HAL_RCC_GetSysClockFreq
                0x0000000008002640       0xc0 ./Drivers/STM32F1xx_HAL_Driver/Src/stm32f1xx_hal_rcc.o
                0x0000000008002640                HAL_RCC_GetSysClockFreq
 .text.HAL_RCC_GetHCLKFreq
                0x0000000008002700       0x14 ./Drivers/STM32F1xx_HAL_Driver/Src/stm32f1xx_hal_rcc.o
                0x0000000008002700                HAL_RCC_GetHCLKFreq
 .text.HAL_RCC_GetPCLK1Freq
                0x0000000008002714       0x28 ./Drivers/STM32F1xx_HAL_Driver/Src/stm32f1xx_hal_rcc.o
                0x0000000008002714                HAL_RCC_GetPCLK1Freq
 .text.HAL_RCC_GetPCLK2Freq
                0x000000000800273c       0x28 ./Drivers/STM32F1xx_HAL_Driver/Src/stm32f1xx_hal_rcc.o
                0x000000000800273c                HAL_RCC_GetPCLK2Freq
 .text.RCC_Delay
                0x0000000008002764       0x3c ./Drivers/STM32F1xx_HAL_Driver/Src/stm32f1xx_hal_rcc.o
 .text.HAL_TIM_Base_Init
                0x00000000080027a0       0x9e ./Drivers/STM32F1xx_HAL_Driver/Src/stm32f1xx_hal_tim.o
                0x00000000080027a0                HAL_TIM_Base_Init
 *fill*         0x000000000800283e        0x2 
 .text.HAL_TIM_Base_Start_IT
                0x0000000008002840       0xa4 ./Drivers/STM32F1xx_HAL_Driver/Src/stm32f1xx_hal_tim.o
                0x0000000008002840                HAL_TIM_Base_Start_IT
 .text.HAL_TIM_PWM_Init
                0x00000000080028e4       0x9e ./Drivers/STM32F1xx_HAL_Driver/Src/stm32f1xx_hal_tim.o
                0x00000000080028e4                HAL_TIM_PWM_Init
 .text.HAL_TIM_PWM_MspInit
                0x0000000008002982       0x12 ./Drivers/STM32F1xx_HAL_Driver/Src/stm32f1xx_hal_tim.o
                0x0000000008002982                HAL_TIM_PWM_MspInit
 .text.HAL_TIM_PWM_Start
                0x0000000008002994      0x144 ./Drivers/STM32F1xx_HAL_Driver/Src/stm32f1xx_hal_tim.o
                0x0000000008002994                HAL_TIM_PWM_Start
 .text.HAL_TIM_IRQHandler
                0x0000000008002ad8      0x210 ./Drivers/STM32F1xx_HAL_Driver/Src/stm32f1xx_hal_tim.o
                0x0000000008002ad8                HAL_TIM_IRQHandler
 .text.HAL_TIM_PWM_ConfigChannel
                0x0000000008002ce8      0x17c ./Drivers/STM32F1xx_HAL_Driver/Src/stm32f1xx_hal_tim.o
                0x0000000008002ce8                HAL_TIM_PWM_ConfigChannel
 .text.HAL_TIM_ConfigClockSource
                0x0000000008002e64      0x188 ./Drivers/STM32F1xx_HAL_Driver/Src/stm32f1xx_hal_tim.o
                0x0000000008002e64                HAL_TIM_ConfigClockSource
 .text.HAL_TIM_OC_DelayElapsedCallback
                0x0000000008002fec       0x12 ./Drivers/STM32F1xx_HAL_Driver/Src/stm32f1xx_hal_tim.o
                0x0000000008002fec                HAL_TIM_OC_DelayElapsedCallback
 .text.HAL_TIM_IC_CaptureCallback
                0x0000000008002ffe       0x12 ./Drivers/STM32F1xx_HAL_Driver/Src/stm32f1xx_hal_tim.o
                0x0000000008002ffe                HAL_TIM_IC_CaptureCallback
 .text.HAL_TIM_PWM_PulseFinishedCallback
                0x0000000008003010       0x12 ./Drivers/STM32F1xx_HAL_Driver/Src/stm32f1xx_hal_tim.o
                0x0000000008003010                HAL_TIM_PWM_PulseFinishedCallback
 .text.HAL_TIM_TriggerCallback
                0x0000000008003022       0x12 ./Drivers/STM32F1xx_HAL_Driver/Src/stm32f1xx_hal_tim.o
                0x0000000008003022                HAL_TIM_TriggerCallback
 .text.TIM_Base_SetConfig
                0x0000000008003034       0xc4 ./Drivers/STM32F1xx_HAL_Driver/Src/stm32f1xx_hal_tim.o
                0x0000000008003034                TIM_Base_SetConfig
 .text.TIM_OC1_SetConfig
                0x00000000080030f8       0xcc ./Drivers/STM32F1xx_HAL_Driver/Src/stm32f1xx_hal_tim.o
 .text.TIM_OC2_SetConfig
                0x00000000080031c4       0xd4 ./Drivers/STM32F1xx_HAL_Driver/Src/stm32f1xx_hal_tim.o
                0x00000000080031c4                TIM_OC2_SetConfig
 .text.TIM_OC3_SetConfig
                0x0000000008003298       0xd4 ./Drivers/STM32F1xx_HAL_Driver/Src/stm32f1xx_hal_tim.o
 .text.TIM_OC4_SetConfig
                0x000000000800336c       0x9c ./Drivers/STM32F1xx_HAL_Driver/Src/stm32f1xx_hal_tim.o
 .text.TIM_TI1_ConfigInputStage
                0x0000000008003408       0x5c ./Drivers/STM32F1xx_HAL_Driver/Src/stm32f1xx_hal_tim.o
 .text.TIM_TI2_ConfigInputStage
                0x0000000008003464       0x5e ./Drivers/STM32F1xx_HAL_Driver/Src/stm32f1xx_hal_tim.o
 .text.TIM_ITRx_SetConfig
                0x00000000080034c2       0x34 ./Drivers/STM32F1xx_HAL_Driver/Src/stm32f1xx_hal_tim.o
 .text.TIM_ETR_SetConfig
                0x00000000080034f6       0x3e ./Drivers/STM32F1xx_HAL_Driver/Src/stm32f1xx_hal_tim.o
                0x00000000080034f6                TIM_ETR_SetConfig
 .text.TIM_CCxChannelCmd
                0x0000000008003534       0x48 ./Drivers/STM32F1xx_HAL_Driver/Src/stm32f1xx_hal_tim.o
                0x0000000008003534                TIM_CCxChannelCmd
 .text.HAL_TIMEx_MasterConfigSynchronization
                0x000000000800357c       0xbc ./Drivers/STM32F1xx_HAL_Driver/Src/stm32f1xx_hal_tim_ex.o
                0x000000000800357c                HAL_TIMEx_MasterConfigSynchronization
 .text.HAL_TIMEx_CommutCallback
                0x0000000008003638       0x12 ./Drivers/STM32F1xx_HAL_Driver/Src/stm32f1xx_hal_tim_ex.o
                0x0000000008003638                HAL_TIMEx_CommutCallback
 .text.HAL_TIMEx_BreakCallback
                0x000000000800364a       0x12 ./Drivers/STM32F1xx_HAL_Driver/Src/stm32f1xx_hal_tim_ex.o
                0x000000000800364a                HAL_TIMEx_BreakCallback
 .text.HAL_UART_Init
                0x000000000800365c       0x9a ./Drivers/STM32F1xx_HAL_Driver/Src/stm32f1xx_hal_uart.o
                0x000000000800365c                HAL_UART_Init
 .text.HAL_UART_Transmit
                0x00000000080036f6      0x124 ./Drivers/STM32F1xx_HAL_Driver/Src/stm32f1xx_hal_uart.o
                0x00000000080036f6                HAL_UART_Transmit
 .text.UART_WaitOnFlagUntilTimeout
                0x000000000800381a       0x94 ./Drivers/STM32F1xx_HAL_Driver/Src/stm32f1xx_hal_uart.o
 *fill*         0x00000000080038ae        0x2 
 .text.UART_SetConfig
                0x00000000080038b0      0x11c ./Drivers/STM32F1xx_HAL_Driver/Src/stm32f1xx_hal_uart.o
 .text.__errno  0x00000000080039cc        0xc c:/st/stm32cubeide_1.7.0/stm32cubeide/plugins/com.st.stm32cube.ide.mcu.externaltools.gnu-tools-for-stm32.9-2020-q2-update.win32_2.0.0.202105311346/tools/bin/../lib/gcc/arm-none-eabi/9.3.1/../../../../arm-none-eabi/lib/thumb/v7-m/nofp\libc_nano.a(lib_a-errno.o)
                0x00000000080039cc                __errno
 .text.__libc_init_array
                0x00000000080039d8       0x48 c:/st/stm32cubeide_1.7.0/stm32cubeide/plugins/com.st.stm32cube.ide.mcu.externaltools.gnu-tools-for-stm32.9-2020-q2-update.win32_2.0.0.202105311346/tools/bin/../lib/gcc/arm-none-eabi/9.3.1/../../../../arm-none-eabi/lib/thumb/v7-m/nofp\libc_nano.a(lib_a-init.o)
                0x00000000080039d8                __libc_init_array
 .text.memset   0x0000000008003a20       0x10 c:/st/stm32cubeide_1.7.0/stm32cubeide/plugins/com.st.stm32cube.ide.mcu.externaltools.gnu-tools-for-stm32.9-2020-q2-update.win32_2.0.0.202105311346/tools/bin/../lib/gcc/arm-none-eabi/9.3.1/../../../../arm-none-eabi/lib/thumb/v7-m/nofp\libc_nano.a(lib_a-memset.o)
                0x0000000008003a20                memset
 .text.sprintf  0x0000000008003a30       0x40 c:/st/stm32cubeide_1.7.0/stm32cubeide/plugins/com.st.stm32cube.ide.mcu.externaltools.gnu-tools-for-stm32.9-2020-q2-update.win32_2.0.0.202105311346/tools/bin/../lib/gcc/arm-none-eabi/9.3.1/../../../../arm-none-eabi/lib/thumb/v7-m/nofp\libc_nano.a(lib_a-sprintf.o)
                0x0000000008003a30                siprintf
                0x0000000008003a30                sprintf
 .text.__ssputs_r
                0x0000000008003a70       0xb6 c:/st/stm32cubeide_1.7.0/stm32cubeide/plugins/com.st.stm32cube.ide.mcu.externaltools.gnu-tools-for-stm32.9-2020-q2-update.win32_2.0.0.202105311346/tools/bin/../lib/gcc/arm-none-eabi/9.3.1/../../../../arm-none-eabi/lib/thumb/v7-m/nofp\libc_nano.a(lib_a-nano-svfprintf.o)
                0x0000000008003a70                __ssputs_r
 *fill*         0x0000000008003b26        0x2 
 .text._svfprintf_r
                0x0000000008003b28      0x200 c:/st/stm32cubeide_1.7.0/stm32cubeide/plugins/com.st.stm32cube.ide.mcu.externaltools.gnu-tools-for-stm32.9-2020-q2-update.win32_2.0.0.202105311346/tools/bin/../lib/gcc/arm-none-eabi/9.3.1/../../../../arm-none-eabi/lib/thumb/v7-m/nofp\libc_nano.a(lib_a-nano-svfprintf.o)
                0x0000000008003b28                _svfiprintf_r
                0x0000000008003b28                _svfprintf_r
 .text._printf_common
                0x0000000008003d28       0xde c:/st/stm32cubeide_1.7.0/stm32cubeide/plugins/com.st.stm32cube.ide.mcu.externaltools.gnu-tools-for-stm32.9-2020-q2-update.win32_2.0.0.202105311346/tools/bin/../lib/gcc/arm-none-eabi/9.3.1/../../../../arm-none-eabi/lib/thumb/v7-m/nofp\libc_nano.a(lib_a-nano-vfprintf_i.o)
                0x0000000008003d28                _printf_common
 *fill*         0x0000000008003e06        0x2 
 .text._printf_i
                0x0000000008003e08      0x24c c:/st/stm32cubeide_1.7.0/stm32cubeide/plugins/com.st.stm32cube.ide.mcu.externaltools.gnu-tools-for-stm32.9-2020-q2-update.win32_2.0.0.202105311346/tools/bin/../lib/gcc/arm-none-eabi/9.3.1/../../../../arm-none-eabi/lib/thumb/v7-m/nofp\libc_nano.a(lib_a-nano-vfprintf_i.o)
                0x0000000008003e08                _printf_i
 .text.memchr   0x0000000008004054       0x1c c:/st/stm32cubeide_1.7.0/stm32cubeide/plugins/com.st.stm32cube.ide.mcu.externaltools.gnu-tools-for-stm32.9-2020-q2-update.win32_2.0.0.202105311346/tools/bin/../lib/gcc/arm-none-eabi/9.3.1/../../../../arm-none-eabi/lib/thumb/v7-m/nofp\libc_nano.a(lib_a-memchr-stub.o)
                0x0000000008004054                memchr
 .text.memcpy   0x0000000008004070       0x1c c:/st/stm32cubeide_1.7.0/stm32cubeide/plugins/com.st.stm32cube.ide.mcu.externaltools.gnu-tools-for-stm32.9-2020-q2-update.win32_2.0.0.202105311346/tools/bin/../lib/gcc/arm-none-eabi/9.3.1/../../../../arm-none-eabi/lib/thumb/v7-m/nofp\libc_nano.a(lib_a-memcpy-stub.o)
                0x0000000008004070                memcpy
 .text.memmove  0x000000000800408c       0x34 c:/st/stm32cubeide_1.7.0/stm32cubeide/plugins/com.st.stm32cube.ide.mcu.externaltools.gnu-tools-for-stm32.9-2020-q2-update.win32_2.0.0.202105311346/tools/bin/../lib/gcc/arm-none-eabi/9.3.1/../../../../arm-none-eabi/lib/thumb/v7-m/nofp\libc_nano.a(lib_a-memmove.o)
                0x000000000800408c                memmove
 .text._free_r  0x00000000080040c0       0x98 c:/st/stm32cubeide_1.7.0/stm32cubeide/plugins/com.st.stm32cube.ide.mcu.externaltools.gnu-tools-for-stm32.9-2020-q2-update.win32_2.0.0.202105311346/tools/bin/../lib/gcc/arm-none-eabi/9.3.1/../../../../arm-none-eabi/lib/thumb/v7-m/nofp\libc_nano.a(lib_a-nano-freer.o)
                0x00000000080040c0                _free_r
 .text._malloc_r
                0x0000000008004158       0xb4 c:/st/stm32cubeide_1.7.0/stm32cubeide/plugins/com.st.stm32cube.ide.mcu.externaltools.gnu-tools-for-stm32.9-2020-q2-update.win32_2.0.0.202105311346/tools/bin/../lib/gcc/arm-none-eabi/9.3.1/../../../../arm-none-eabi/lib/thumb/v7-m/nofp\libc_nano.a(lib_a-nano-mallocr.o)
                0x0000000008004158                _malloc_r
 .text._realloc_r
                0x000000000800420c       0x4c c:/st/stm32cubeide_1.7.0/stm32cubeide/plugins/com.st.stm32cube.ide.mcu.externaltools.gnu-tools-for-stm32.9-2020-q2-update.win32_2.0.0.202105311346/tools/bin/../lib/gcc/arm-none-eabi/9.3.1/../../../../arm-none-eabi/lib/thumb/v7-m/nofp\libc_nano.a(lib_a-nano-reallocr.o)
                0x000000000800420c                _realloc_r
 .text._sbrk_r  0x0000000008004258       0x20 c:/st/stm32cubeide_1.7.0/stm32cubeide/plugins/com.st.stm32cube.ide.mcu.externaltools.gnu-tools-for-stm32.9-2020-q2-update.win32_2.0.0.202105311346/tools/bin/../lib/gcc/arm-none-eabi/9.3.1/../../../../arm-none-eabi/lib/thumb/v7-m/nofp\libc_nano.a(lib_a-sbrkr.o)
                0x0000000008004258                _sbrk_r
 .text.__malloc_lock
                0x0000000008004278        0xc c:/st/stm32cubeide_1.7.0/stm32cubeide/plugins/com.st.stm32cube.ide.mcu.externaltools.gnu-tools-for-stm32.9-2020-q2-update.win32_2.0.0.202105311346/tools/bin/../lib/gcc/arm-none-eabi/9.3.1/../../../../arm-none-eabi/lib/thumb/v7-m/nofp\libc_nano.a(lib_a-mlock.o)
                0x0000000008004278                __malloc_lock
 .text.__malloc_unlock
                0x0000000008004284        0xc c:/st/stm32cubeide_1.7.0/stm32cubeide/plugins/com.st.stm32cube.ide.mcu.externaltools.gnu-tools-for-stm32.9-2020-q2-update.win32_2.0.0.202105311346/tools/bin/../lib/gcc/arm-none-eabi/9.3.1/../../../../arm-none-eabi/lib/thumb/v7-m/nofp\libc_nano.a(lib_a-mlock.o)
                0x0000000008004284                __malloc_unlock
 .text._malloc_usable_size_r
                0x0000000008004290       0x10 c:/st/stm32cubeide_1.7.0/stm32cubeide/plugins/com.st.stm32cube.ide.mcu.externaltools.gnu-tools-for-stm32.9-2020-q2-update.win32_2.0.0.202105311346/tools/bin/../lib/gcc/arm-none-eabi/9.3.1/../../../../arm-none-eabi/lib/thumb/v7-m/nofp\libc_nano.a(lib_a-nano-msizer.o)
                0x0000000008004290                _malloc_usable_size_r
 .text.__retarget_lock_acquire_recursive
                0x00000000080042a0        0x2 c:/st/stm32cubeide_1.7.0/stm32cubeide/plugins/com.st.stm32cube.ide.mcu.externaltools.gnu-tools-for-stm32.9-2020-q2-update.win32_2.0.0.202105311346/tools/bin/../lib/gcc/arm-none-eabi/9.3.1/../../../../arm-none-eabi/lib/thumb/v7-m/nofp\libc_nano.a(lib_a-lock.o)
                0x00000000080042a0                __retarget_lock_acquire_recursive
 .text.__retarget_lock_release_recursive
                0x00000000080042a2        0x2 c:/st/stm32cubeide_1.7.0/stm32cubeide/plugins/com.st.stm32cube.ide.mcu.externaltools.gnu-tools-for-stm32.9-2020-q2-update.win32_2.0.0.202105311346/tools/bin/../lib/gcc/arm-none-eabi/9.3.1/../../../../arm-none-eabi/lib/thumb/v7-m/nofp\libc_nano.a(lib_a-lock.o)
                0x00000000080042a2                __retarget_lock_release_recursive
 *(.glue_7)
 .glue_7        0x00000000080042a4        0x0 linker stubs
 *(.glue_7t)
 .glue_7t       0x00000000080042a4        0x0 linker stubs
 *(.eh_frame)
 .eh_frame      0x00000000080042a4        0x0 c:/st/stm32cubeide_1.7.0/stm32cubeide/plugins/com.st.stm32cube.ide.mcu.externaltools.gnu-tools-for-stm32.9-2020-q2-update.win32_2.0.0.202105311346/tools/bin/../lib/gcc/arm-none-eabi/9.3.1/thumb/v7-m/nofp/crtbegin.o
 *(.init)
 .init          0x00000000080042a4        0x4 c:/st/stm32cubeide_1.7.0/stm32cubeide/plugins/com.st.stm32cube.ide.mcu.externaltools.gnu-tools-for-stm32.9-2020-q2-update.win32_2.0.0.202105311346/tools/bin/../lib/gcc/arm-none-eabi/9.3.1/thumb/v7-m/nofp/crti.o
                0x00000000080042a4                _init
 .init          0x00000000080042a8        0x8 c:/st/stm32cubeide_1.7.0/stm32cubeide/plugins/com.st.stm32cube.ide.mcu.externaltools.gnu-tools-for-stm32.9-2020-q2-update.win32_2.0.0.202105311346/tools/bin/../lib/gcc/arm-none-eabi/9.3.1/thumb/v7-m/nofp/crtn.o
 *(.fini)
 .fini          0x00000000080042b0        0x4 c:/st/stm32cubeide_1.7.0/stm32cubeide/plugins/com.st.stm32cube.ide.mcu.externaltools.gnu-tools-for-stm32.9-2020-q2-update.win32_2.0.0.202105311346/tools/bin/../lib/gcc/arm-none-eabi/9.3.1/thumb/v7-m/nofp/crti.o
                0x00000000080042b0                _fini
 .fini          0x00000000080042b4        0x8 c:/st/stm32cubeide_1.7.0/stm32cubeide/plugins/com.st.stm32cube.ide.mcu.externaltools.gnu-tools-for-stm32.9-2020-q2-update.win32_2.0.0.202105311346/tools/bin/../lib/gcc/arm-none-eabi/9.3.1/thumb/v7-m/nofp/crtn.o
                0x00000000080042bc                . = ALIGN (0x4)
                0x00000000080042bc                _etext = .

.vfp11_veneer   0x00000000080042bc        0x0
 .vfp11_veneer  0x00000000080042bc        0x0 linker stubs

.v4_bx          0x00000000080042bc        0x0
 .v4_bx         0x00000000080042bc        0x0 linker stubs

.iplt           0x00000000080042bc        0x0
 .iplt          0x00000000080042bc        0x0 c:/st/stm32cubeide_1.7.0/stm32cubeide/plugins/com.st.stm32cube.ide.mcu.externaltools.gnu-tools-for-stm32.9-2020-q2-update.win32_2.0.0.202105311346/tools/bin/../lib/gcc/arm-none-eabi/9.3.1/thumb/v7-m/nofp/crtbegin.o

.rodata         0x00000000080042bc       0x68
                0x00000000080042bc                . = ALIGN (0x4)
 *(.rodata)
 .rodata        0x00000000080042bc        0xb ./Core/Src/main.o
 *fill*         0x00000000080042c7        0x1 
 .rodata        0x00000000080042c8       0x10 ./Drivers/STM32F1xx_HAL_Driver/Src/stm32f1xx_hal_rcc.o
 *(.rodata*)
 .rodata.AHBPrescTable
                0x00000000080042d8       0x10 ./Core/Src/system_stm32f1xx.o
                0x00000000080042d8                AHBPrescTable
 .rodata.APBPrescTable
                0x00000000080042e8        0x8 ./Core/Src/system_stm32f1xx.o
                0x00000000080042e8                APBPrescTable
 .rodata._svfprintf_r.str1.1
                0x00000000080042f0       0x11 c:/st/stm32cubeide_1.7.0/stm32cubeide/plugins/com.st.stm32cube.ide.mcu.externaltools.gnu-tools-for-stm32.9-2020-q2-update.win32_2.0.0.202105311346/tools/bin/../lib/gcc/arm-none-eabi/9.3.1/../../../../arm-none-eabi/lib/thumb/v7-m/nofp\libc_nano.a(lib_a-nano-svfprintf.o)
 .rodata._printf_i.str1.1
                0x0000000008004301       0x22 c:/st/stm32cubeide_1.7.0/stm32cubeide/plugins/com.st.stm32cube.ide.mcu.externaltools.gnu-tools-for-stm32.9-2020-q2-update.win32_2.0.0.202105311346/tools/bin/../lib/gcc/arm-none-eabi/9.3.1/../../../../arm-none-eabi/lib/thumb/v7-m/nofp\libc_nano.a(lib_a-nano-vfprintf_i.o)
                0x0000000008004324                . = ALIGN (0x4)
 *fill*         0x0000000008004323        0x1 

.rel.dyn        0x0000000008004324        0x0
 .rel.iplt      0x0000000008004324        0x0 c:/st/stm32cubeide_1.7.0/stm32cubeide/plugins/com.st.stm32cube.ide.mcu.externaltools.gnu-tools-for-stm32.9-2020-q2-update.win32_2.0.0.202105311346/tools/bin/../lib/gcc/arm-none-eabi/9.3.1/thumb/v7-m/nofp/crtbegin.o

.ARM.extab      0x0000000008004324        0x0
                0x0000000008004324                . = ALIGN (0x4)
 *(.ARM.extab* .gnu.linkonce.armextab.*)
                0x0000000008004324                . = ALIGN (0x4)

.ARM            0x0000000008004324        0x0
                0x0000000008004324                . = ALIGN (0x4)
                0x0000000008004324                __exidx_start = .
 *(.ARM.exidx*)
                0x0000000008004324                __exidx_end = .
                0x0000000008004324                . = ALIGN (0x4)

.preinit_array  0x0000000008004324        0x0
                0x0000000008004324                . = ALIGN (0x4)
                0x0000000008004324                PROVIDE (__preinit_array_start = .)
 *(.preinit_array*)
                0x0000000008004324                PROVIDE (__preinit_array_end = .)
                0x0000000008004324                . = ALIGN (0x4)

.init_array     0x0000000008004324        0x4
                0x0000000008004324                . = ALIGN (0x4)
                0x0000000008004324                PROVIDE (__init_array_start = .)
 *(SORT_BY_NAME(.init_array.*))
 *(.init_array*)
 .init_array    0x0000000008004324        0x4 c:/st/stm32cubeide_1.7.0/stm32cubeide/plugins/com.st.stm32cube.ide.mcu.externaltools.gnu-tools-for-stm32.9-2020-q2-update.win32_2.0.0.202105311346/tools/bin/../lib/gcc/arm-none-eabi/9.3.1/thumb/v7-m/nofp/crtbegin.o
                0x0000000008004328                PROVIDE (__init_array_end = .)
                0x0000000008004328                . = ALIGN (0x4)

.fini_array     0x0000000008004328        0x4
                0x0000000008004328                . = ALIGN (0x4)
                [!provide]                        PROVIDE (__fini_array_start = .)
 *(SORT_BY_NAME(.fini_array.*))
 *(.fini_array*)
 .fini_array    0x0000000008004328        0x4 c:/st/stm32cubeide_1.7.0/stm32cubeide/plugins/com.st.stm32cube.ide.mcu.externaltools.gnu-tools-for-stm32.9-2020-q2-update.win32_2.0.0.202105311346/tools/bin/../lib/gcc/arm-none-eabi/9.3.1/thumb/v7-m/nofp/crtbegin.o
                [!provide]                        PROVIDE (__fini_array_end = .)
                0x000000000800432c                . = ALIGN (0x4)
                0x000000000800432c                _sidata = LOADADDR (.data)

.data           0x0000000020000000       0x94 load address 0x000000000800432c
                0x0000000020000000                . = ALIGN (0x4)
                0x0000000020000000                _sdata = .
 *(.data)
 *(.data*)
 .data.but2     0x0000000020000000        0x4 ./Core/Src/global.o
                0x0000000020000000                but2
 .data.but3     0x0000000020000004        0x4 ./Core/Src/global.o
                0x0000000020000004                but3
 .data.butp     0x0000000020000008        0x4 ./Core/Src/global.o
                0x0000000020000008                butp
 .data.timered  0x000000002000000c        0x4 ./Core/Src/global.o
                0x000000002000000c                timered
 .data.timegreen
                0x0000000020000010        0x4 ./Core/Src/global.o
                0x0000000020000010                timegreen
 .data.timeyellow
                0x0000000020000014        0x4 ./Core/Src/global.o
                0x0000000020000014                timeyellow
 .data.led12    0x0000000020000018        0x4 ./Core/Src/global.o
                0x0000000020000018                led12
 .data.led34    0x000000002000001c        0x4 ./Core/Src/global.o
                0x000000002000001c                led34
 .data.TIMER_CYCLE
                0x0000000020000020        0x4 ./Core/Src/software_timer.o
                0x0000000020000020                TIMER_CYCLE
 .data.SystemCoreClock
                0x0000000020000024        0x4 ./Core/Src/system_stm32f1xx.o
                0x0000000020000024                SystemCoreClock
 .data.uwTickPrio
                0x0000000020000028        0x4 ./Drivers/STM32F1xx_HAL_Driver/Src/stm32f1xx_hal.o
                0x0000000020000028                uwTickPrio
 .data.uwTickFreq
                0x000000002000002c        0x1 ./Drivers/STM32F1xx_HAL_Driver/Src/stm32f1xx_hal.o
                0x000000002000002c                uwTickFreq
 *fill*         0x000000002000002d        0x3 
 .data._impure_ptr
                0x0000000020000030        0x4 c:/st/stm32cubeide_1.7.0/stm32cubeide/plugins/com.st.stm32cube.ide.mcu.externaltools.gnu-tools-for-stm32.9-2020-q2-update.win32_2.0.0.202105311346/tools/bin/../lib/gcc/arm-none-eabi/9.3.1/../../../../arm-none-eabi/lib/thumb/v7-m/nofp\libc_nano.a(lib_a-impure.o)
                0x0000000020000030                _impure_ptr
 .data.impure_data
                0x0000000020000034       0x60 c:/st/stm32cubeide_1.7.0/stm32cubeide/plugins/com.st.stm32cube.ide.mcu.externaltools.gnu-tools-for-stm32.9-2020-q2-update.win32_2.0.0.202105311346/tools/bin/../lib/gcc/arm-none-eabi/9.3.1/../../../../arm-none-eabi/lib/thumb/v7-m/nofp\libc_nano.a(lib_a-impure.o)
 *(.RamFunc)
 *(.RamFunc*)
                0x0000000020000094                . = ALIGN (0x4)
                0x0000000020000094                _edata = .

.igot.plt       0x0000000020000094        0x0 load address 0x00000000080043c0
 .igot.plt      0x0000000020000094        0x0 c:/st/stm32cubeide_1.7.0/stm32cubeide/plugins/com.st.stm32cube.ide.mcu.externaltools.gnu-tools-for-stm32.9-2020-q2-update.win32_2.0.0.202105311346/tools/bin/../lib/gcc/arm-none-eabi/9.3.1/thumb/v7-m/nofp/crtbegin.o
                0x0000000020000094                . = ALIGN (0x4)

.bss            0x0000000020000094      0x4b4 load address 0x00000000080043c0
                0x0000000020000094                _sbss = .
                0x0000000020000094                __bss_start__ = _sbss
 *(.bss)
 .bss           0x0000000020000094       0x1c c:/st/stm32cubeide_1.7.0/stm32cubeide/plugins/com.st.stm32cube.ide.mcu.externaltools.gnu-tools-for-stm32.9-2020-q2-update.win32_2.0.0.202105311346/tools/bin/../lib/gcc/arm-none-eabi/9.3.1/thumb/v7-m/nofp/crtbegin.o
 *(.bss*)
 .bss.status_mode
                0x00000000200000b0        0x4 ./Core/Src/global.o
                0x00000000200000b0                status_mode
 .bss.status_ver
                0x00000000200000b4        0x4 ./Core/Src/global.o
                0x00000000200000b4                status_ver
 .bss.status_hor
                0x00000000200000b8        0x4 ./Core/Src/global.o
                0x00000000200000b8                status_hor
 .bss.status_led7seg
                0x00000000200000bc        0x4 ./Core/Src/global.o
                0x00000000200000bc                status_led7seg
 .bss.index_led
                0x00000000200000c0        0x4 ./Core/Src/global.o
                0x00000000200000c0                index_led
 .bss.but1      0x00000000200000c4        0x4 ./Core/Src/global.o
                0x00000000200000c4                but1
 .bss.buttonBuffer
                0x00000000200000c8        0x3 ./Core/Src/input_reading.o
 *fill*         0x00000000200000cb        0x1 
 .bss.debounceButtonBuffer0
                0x00000000200000cc        0x3 ./Core/Src/input_reading.o
 *fill*         0x00000000200000cf        0x1 
 .bss.debounceButtonBuffer1
                0x00000000200000d0        0x3 ./Core/Src/input_reading.o
 *fill*         0x00000000200000d3        0x1 
 .bss.debounceButtonBuffer2
                0x00000000200000d4        0x3 ./Core/Src/input_reading.o
 *fill*         0x00000000200000d7        0x1 
 .bss.flagForButtonPress1s
                0x00000000200000d8        0x3 ./Core/Src/input_reading.o
 *fill*         0x00000000200000db        0x1 
 .bss.flagForButton
                0x00000000200000dc        0x3 ./Core/Src/input_reading.o
 *fill*         0x00000000200000df        0x1 
 .bss.counterForButtonPress1s
                0x00000000200000e0        0x6 ./Core/Src/input_reading.o
 *fill*         0x00000000200000e6        0x2 
 .bss.counterForButtonAfterPress1s
                0x00000000200000e8        0x6 ./Core/Src/input_reading.o
 *fill*         0x00000000200000ee        0x2 
 .bss.buttonState
                0x00000000200000f0        0x3 ./Core/Src/input_reading.o
                0x00000000200000f0                buttonState
 *fill*         0x00000000200000f3        0x1 
 .bss.counter_Pedes_On
                0x00000000200000f4        0x4 ./Core/Src/pedestrian.o
                0x00000000200000f4                counter_Pedes_On
 .bss.current_index_task
                0x00000000200000f8        0x1 ./Core/Src/scheduler.o
                0x00000000200000f8                current_index_task
 *fill*         0x00000000200000f9        0x3 
 .bss.timer0_flag
                0x00000000200000fc        0x4 ./Core/Src/software_timer.o
                0x00000000200000fc                timer0_flag
 .bss.timer1_flag
                0x0000000020000100        0x4 ./Core/Src/software_timer.o
                0x0000000020000100                timer1_flag
 .bss.timer2_flag
                0x0000000020000104        0x4 ./Core/Src/software_timer.o
                0x0000000020000104                timer2_flag
 .bss.timer3_flag
                0x0000000020000108        0x4 ./Core/Src/software_timer.o
                0x0000000020000108                timer3_flag
 .bss.timer4_flag
                0x000000002000010c        0x4 ./Core/Src/software_timer.o
                0x000000002000010c                timer4_flag
 .bss.timer5_flag
                0x0000000020000110        0x4 ./Core/Src/software_timer.o
                0x0000000020000110                timer5_flag
 .bss.timer6_flag
                0x0000000020000114        0x4 ./Core/Src/software_timer.o
                0x0000000020000114                timer6_flag
 .bss.timer0_counter
                0x0000000020000118        0x4 ./Core/Src/software_timer.o
                0x0000000020000118                timer0_counter
 .bss.timer1_counter
                0x000000002000011c        0x4 ./Core/Src/software_timer.o
                0x000000002000011c                timer1_counter
 .bss.timer2_counter
                0x0000000020000120        0x4 ./Core/Src/software_timer.o
                0x0000000020000120                timer2_counter
 .bss.timer3_counter
                0x0000000020000124        0x4 ./Core/Src/software_timer.o
                0x0000000020000124                timer3_counter
 .bss.timer4_counter
                0x0000000020000128        0x4 ./Core/Src/software_timer.o
                0x0000000020000128                timer4_counter
 .bss.timer5_counter
                0x000000002000012c        0x4 ./Core/Src/software_timer.o
                0x000000002000012c                timer5_counter
 .bss.timer6_counter
                0x0000000020000130        0x4 ./Core/Src/software_timer.o
                0x0000000020000130                timer6_counter
 .bss.__sbrk_heap_end
                0x0000000020000134        0x4 ./Core/Src/sysmem.o
 .bss.__malloc_free_list
                0x0000000020000138        0x4 c:/st/stm32cubeide_1.7.0/stm32cubeide/plugins/com.st.stm32cube.ide.mcu.externaltools.gnu-tools-for-stm32.9-2020-q2-update.win32_2.0.0.202105311346/tools/bin/../lib/gcc/arm-none-eabi/9.3.1/../../../../arm-none-eabi/lib/thumb/v7-m/nofp\libc_nano.a(lib_a-nano-mallocr.o)
                0x0000000020000138                __malloc_free_list
 .bss.__malloc_sbrk_start
                0x000000002000013c        0x4 c:/st/stm32cubeide_1.7.0/stm32cubeide/plugins/com.st.stm32cube.ide.mcu.externaltools.gnu-tools-for-stm32.9-2020-q2-update.win32_2.0.0.202105311346/tools/bin/../lib/gcc/arm-none-eabi/9.3.1/../../../../arm-none-eabi/lib/thumb/v7-m/nofp\libc_nano.a(lib_a-nano-mallocr.o)
                0x000000002000013c                __malloc_sbrk_start
 *(COMMON)
 COMMON         0x0000000020000140       0xd4 ./Core/Src/main.o
                0x0000000020000140                htim3
                0x0000000020000188                htim2
                0x00000000200001d0                huart2
 COMMON         0x0000000020000214      0x320 ./Core/Src/scheduler.o
                0x0000000020000214                SCH_tasks_G
 COMMON         0x0000000020000534        0x4 ./Drivers/STM32F1xx_HAL_Driver/Src/stm32f1xx_hal.o
                0x0000000020000534                uwTick
 COMMON         0x0000000020000538        0x4 c:/st/stm32cubeide_1.7.0/stm32cubeide/plugins/com.st.stm32cube.ide.mcu.externaltools.gnu-tools-for-stm32.9-2020-q2-update.win32_2.0.0.202105311346/tools/bin/../lib/gcc/arm-none-eabi/9.3.1/../../../../arm-none-eabi/lib/thumb/v7-m/nofp\libc_nano.a(lib_a-reent.o)
                0x0000000020000538                errno
 COMMON         0x000000002000053c        0x9 c:/st/stm32cubeide_1.7.0/stm32cubeide/plugins/com.st.stm32cube.ide.mcu.externaltools.gnu-tools-for-stm32.9-2020-q2-update.win32_2.0.0.202105311346/tools/bin/../lib/gcc/arm-none-eabi/9.3.1/../../../../arm-none-eabi/lib/thumb/v7-m/nofp\libc_nano.a(lib_a-lock.o)
                0x000000002000053c                __lock___atexit_recursive_mutex
                0x000000002000053d                __lock___arc4random_mutex
                0x000000002000053e                __lock___env_recursive_mutex
                0x000000002000053f                __lock___sinit_recursive_mutex
                0x0000000020000540                __lock___malloc_recursive_mutex
                0x0000000020000541                __lock___at_quick_exit_mutex
                0x0000000020000542                __lock___dd_hash_mutex
                0x0000000020000543                __lock___tz_mutex
                0x0000000020000544                __lock___sfp_recursive_mutex
                0x0000000020000548                . = ALIGN (0x4)
 *fill*         0x0000000020000545        0x3 
                0x0000000020000548                _ebss = .
                0x0000000020000548                __bss_end__ = _ebss

._user_heap_stack
                0x0000000020000548      0x600 load address 0x00000000080043c0
                0x0000000020000548                . = ALIGN (0x8)
                [!provide]                        PROVIDE (end = .)
                0x0000000020000548                PROVIDE (_end = .)
                0x0000000020000748                . = (. + _Min_Heap_Size)
 *fill*         0x0000000020000548      0x200 
                0x0000000020000b48                . = (. + _Min_Stack_Size)
 *fill*         0x0000000020000748      0x400 
                0x0000000020000b48                . = ALIGN (0x8)

/DISCARD/
 libc.a(*)
 libm.a(*)
 libgcc.a(*)

.ARM.attributes
                0x0000000000000000       0x29
 *(.ARM.attributes)
 .ARM.attributes
                0x0000000000000000       0x1d c:/st/stm32cubeide_1.7.0/stm32cubeide/plugins/com.st.stm32cube.ide.mcu.externaltools.gnu-tools-for-stm32.9-2020-q2-update.win32_2.0.0.202105311346/tools/bin/../lib/gcc/arm-none-eabi/9.3.1/thumb/v7-m/nofp/crti.o
 .ARM.attributes
                0x000000000000001d       0x2d c:/st/stm32cubeide_1.7.0/stm32cubeide/plugins/com.st.stm32cube.ide.mcu.externaltools.gnu-tools-for-stm32.9-2020-q2-update.win32_2.0.0.202105311346/tools/bin/../lib/gcc/arm-none-eabi/9.3.1/thumb/v7-m/nofp/crtbegin.o
 .ARM.attributes
                0x000000000000004a       0x2d ./Core/Src/fsm_automatic_1.o
 .ARM.attributes
                0x0000000000000077       0x2d ./Core/Src/fsm_automatic_2.o
 .ARM.attributes
                0x00000000000000a4       0x2d ./Core/Src/fsm_mode.o
 .ARM.attributes
                0x00000000000000d1       0x2d ./Core/Src/global.o
 .ARM.attributes
                0x00000000000000fe       0x2d ./Core/Src/input_reading.o
 .ARM.attributes
                0x000000000000012b       0x2d ./Core/Src/led_display.o
 .ARM.attributes
                0x0000000000000158       0x2d ./Core/Src/main.o
 .ARM.attributes
                0x0000000000000185       0x2d ./Core/Src/pedestrian.o
 .ARM.attributes
                0x00000000000001b2       0x2d ./Core/Src/scheduler.o
 .ARM.attributes
                0x00000000000001df       0x2d ./Core/Src/software_timer.o
 .ARM.attributes
                0x000000000000020c       0x2d ./Core/Src/stm32f1xx_hal_msp.o
 .ARM.attributes
                0x0000000000000239       0x2d ./Core/Src/stm32f1xx_it.o
 .ARM.attributes
                0x0000000000000266       0x2d ./Core/Src/sysmem.o
 .ARM.attributes
                0x0000000000000293       0x2d ./Core/Src/system_stm32f1xx.o
 .ARM.attributes
                0x00000000000002c0       0x2d ./Core/Src/timer.o
 .ARM.attributes
                0x00000000000002ed       0x21 ./Core/Startup/startup_stm32f103rbtx.o
 .ARM.attributes
                0x000000000000030e       0x2d ./Drivers/STM32F1xx_HAL_Driver/Src/stm32f1xx_hal.o
 .ARM.attributes
                0x000000000000033b       0x2d ./Drivers/STM32F1xx_HAL_Driver/Src/stm32f1xx_hal_cortex.o
 .ARM.attributes
                0x0000000000000368       0x2d ./Drivers/STM32F1xx_HAL_Driver/Src/stm32f1xx_hal_gpio.o
 .ARM.attributes
                0x0000000000000395       0x2d ./Drivers/STM32F1xx_HAL_Driver/Src/stm32f1xx_hal_rcc.o
 .ARM.attributes
                0x00000000000003c2       0x2d ./Drivers/STM32F1xx_HAL_Driver/Src/stm32f1xx_hal_tim.o
 .ARM.attributes
                0x00000000000003ef       0x2d ./Drivers/STM32F1xx_HAL_Driver/Src/stm32f1xx_hal_tim_ex.o
 .ARM.attributes
                0x000000000000041c       0x2d ./Drivers/STM32F1xx_HAL_Driver/Src/stm32f1xx_hal_uart.o
 .ARM.attributes
                0x0000000000000449       0x2d c:/st/stm32cubeide_1.7.0/stm32cubeide/plugins/com.st.stm32cube.ide.mcu.externaltools.gnu-tools-for-stm32.9-2020-q2-update.win32_2.0.0.202105311346/tools/bin/../lib/gcc/arm-none-eabi/9.3.1/../../../../arm-none-eabi/lib/thumb/v7-m/nofp\libc_nano.a(lib_a-errno.o)
 .ARM.attributes
                0x0000000000000476       0x2d c:/st/stm32cubeide_1.7.0/stm32cubeide/plugins/com.st.stm32cube.ide.mcu.externaltools.gnu-tools-for-stm32.9-2020-q2-update.win32_2.0.0.202105311346/tools/bin/../lib/gcc/arm-none-eabi/9.3.1/../../../../arm-none-eabi/lib/thumb/v7-m/nofp\libc_nano.a(lib_a-impure.o)
 .ARM.attributes
                0x00000000000004a3       0x2d c:/st/stm32cubeide_1.7.0/stm32cubeide/plugins/com.st.stm32cube.ide.mcu.externaltools.gnu-tools-for-stm32.9-2020-q2-update.win32_2.0.0.202105311346/tools/bin/../lib/gcc/arm-none-eabi/9.3.1/../../../../arm-none-eabi/lib/thumb/v7-m/nofp\libc_nano.a(lib_a-init.o)
 .ARM.attributes
                0x00000000000004d0       0x2d c:/st/stm32cubeide_1.7.0/stm32cubeide/plugins/com.st.stm32cube.ide.mcu.externaltools.gnu-tools-for-stm32.9-2020-q2-update.win32_2.0.0.202105311346/tools/bin/../lib/gcc/arm-none-eabi/9.3.1/../../../../arm-none-eabi/lib/thumb/v7-m/nofp\libc_nano.a(lib_a-memset.o)
 .ARM.attributes
                0x00000000000004fd       0x2d c:/st/stm32cubeide_1.7.0/stm32cubeide/plugins/com.st.stm32cube.ide.mcu.externaltools.gnu-tools-for-stm32.9-2020-q2-update.win32_2.0.0.202105311346/tools/bin/../lib/gcc/arm-none-eabi/9.3.1/../../../../arm-none-eabi/lib/thumb/v7-m/nofp\libc_nano.a(lib_a-sprintf.o)
 .ARM.attributes
                0x000000000000052a       0x2d c:/st/stm32cubeide_1.7.0/stm32cubeide/plugins/com.st.stm32cube.ide.mcu.externaltools.gnu-tools-for-stm32.9-2020-q2-update.win32_2.0.0.202105311346/tools/bin/../lib/gcc/arm-none-eabi/9.3.1/../../../../arm-none-eabi/lib/thumb/v7-m/nofp\libc_nano.a(lib_a-nano-svfprintf.o)
 .ARM.attributes
                0x0000000000000557       0x2d c:/st/stm32cubeide_1.7.0/stm32cubeide/plugins/com.st.stm32cube.ide.mcu.externaltools.gnu-tools-for-stm32.9-2020-q2-update.win32_2.0.0.202105311346/tools/bin/../lib/gcc/arm-none-eabi/9.3.1/../../../../arm-none-eabi/lib/thumb/v7-m/nofp\libc_nano.a(lib_a-nano-vfprintf_i.o)
 .ARM.attributes
                0x0000000000000584       0x2d c:/st/stm32cubeide_1.7.0/stm32cubeide/plugins/com.st.stm32cube.ide.mcu.externaltools.gnu-tools-for-stm32.9-2020-q2-update.win32_2.0.0.202105311346/tools/bin/../lib/gcc/arm-none-eabi/9.3.1/../../../../arm-none-eabi/lib/thumb/v7-m/nofp\libc_nano.a(lib_a-memchr-stub.o)
 .ARM.attributes
                0x00000000000005b1       0x2d c:/st/stm32cubeide_1.7.0/stm32cubeide/plugins/com.st.stm32cube.ide.mcu.externaltools.gnu-tools-for-stm32.9-2020-q2-update.win32_2.0.0.202105311346/tools/bin/../lib/gcc/arm-none-eabi/9.3.1/../../../../arm-none-eabi/lib/thumb/v7-m/nofp\libc_nano.a(lib_a-memcpy-stub.o)
 .ARM.attributes
                0x00000000000005de       0x2d c:/st/stm32cubeide_1.7.0/stm32cubeide/plugins/com.st.stm32cube.ide.mcu.externaltools.gnu-tools-for-stm32.9-2020-q2-update.win32_2.0.0.202105311346/tools/bin/../lib/gcc/arm-none-eabi/9.3.1/../../../../arm-none-eabi/lib/thumb/v7-m/nofp\libc_nano.a(lib_a-memmove.o)
 .ARM.attributes
                0x000000000000060b       0x2d c:/st/stm32cubeide_1.7.0/stm32cubeide/plugins/com.st.stm32cube.ide.mcu.externaltools.gnu-tools-for-stm32.9-2020-q2-update.win32_2.0.0.202105311346/tools/bin/../lib/gcc/arm-none-eabi/9.3.1/../../../../arm-none-eabi/lib/thumb/v7-m/nofp\libc_nano.a(lib_a-nano-freer.o)
 .ARM.attributes
                0x0000000000000638       0x2d c:/st/stm32cubeide_1.7.0/stm32cubeide/plugins/com.st.stm32cube.ide.mcu.externaltools.gnu-tools-for-stm32.9-2020-q2-update.win32_2.0.0.202105311346/tools/bin/../lib/gcc/arm-none-eabi/9.3.1/../../../../arm-none-eabi/lib/thumb/v7-m/nofp\libc_nano.a(lib_a-nano-mallocr.o)
 .ARM.attributes
                0x0000000000000665       0x2d c:/st/stm32cubeide_1.7.0/stm32cubeide/plugins/com.st.stm32cube.ide.mcu.externaltools.gnu-tools-for-stm32.9-2020-q2-update.win32_2.0.0.202105311346/tools/bin/../lib/gcc/arm-none-eabi/9.3.1/../../../../arm-none-eabi/lib/thumb/v7-m/nofp\libc_nano.a(lib_a-nano-reallocr.o)
 .ARM.attributes
                0x0000000000000692       0x2d c:/st/stm32cubeide_1.7.0/stm32cubeide/plugins/com.st.stm32cube.ide.mcu.externaltools.gnu-tools-for-stm32.9-2020-q2-update.win32_2.0.0.202105311346/tools/bin/../lib/gcc/arm-none-eabi/9.3.1/../../../../arm-none-eabi/lib/thumb/v7-m/nofp\libc_nano.a(lib_a-sbrkr.o)
 .ARM.attributes
                0x00000000000006bf       0x2d c:/st/stm32cubeide_1.7.0/stm32cubeide/plugins/com.st.stm32cube.ide.mcu.externaltools.gnu-tools-for-stm32.9-2020-q2-update.win32_2.0.0.202105311346/tools/bin/../lib/gcc/arm-none-eabi/9.3.1/../../../../arm-none-eabi/lib/thumb/v7-m/nofp\libc_nano.a(lib_a-mlock.o)
 .ARM.attributes
                0x00000000000006ec       0x2d c:/st/stm32cubeide_1.7.0/stm32cubeide/plugins/com.st.stm32cube.ide.mcu.externaltools.gnu-tools-for-stm32.9-2020-q2-update.win32_2.0.0.202105311346/tools/bin/../lib/gcc/arm-none-eabi/9.3.1/../../../../arm-none-eabi/lib/thumb/v7-m/nofp\libc_nano.a(lib_a-nano-msizer.o)
 .ARM.attributes
                0x0000000000000719       0x2d c:/st/stm32cubeide_1.7.0/stm32cubeide/plugins/com.st.stm32cube.ide.mcu.externaltools.gnu-tools-for-stm32.9-2020-q2-update.win32_2.0.0.202105311346/tools/bin/../lib/gcc/arm-none-eabi/9.3.1/../../../../arm-none-eabi/lib/thumb/v7-m/nofp\libc_nano.a(lib_a-reent.o)
 .ARM.attributes
                0x0000000000000746       0x2d c:/st/stm32cubeide_1.7.0/stm32cubeide/plugins/com.st.stm32cube.ide.mcu.externaltools.gnu-tools-for-stm32.9-2020-q2-update.win32_2.0.0.202105311346/tools/bin/../lib/gcc/arm-none-eabi/9.3.1/../../../../arm-none-eabi/lib/thumb/v7-m/nofp\libc_nano.a(lib_a-lock.o)
 .ARM.attributes
                0x0000000000000773       0x1d c:/st/stm32cubeide_1.7.0/stm32cubeide/plugins/com.st.stm32cube.ide.mcu.externaltools.gnu-tools-for-stm32.9-2020-q2-update.win32_2.0.0.202105311346/tools/bin/../lib/gcc/arm-none-eabi/9.3.1/thumb/v7-m/nofp/crtn.o
OUTPUT(ass.elf elf32-littlearm)
LOAD linker stubs
LOAD c:/st/stm32cubeide_1.7.0/stm32cubeide/plugins/com.st.stm32cube.ide.mcu.externaltools.gnu-tools-for-stm32.9-2020-q2-update.win32_2.0.0.202105311346/tools/bin/../lib/gcc/arm-none-eabi/9.3.1/../../../../arm-none-eabi/lib/thumb/v7-m/nofp\libc.a
LOAD c:/st/stm32cubeide_1.7.0/stm32cubeide/plugins/com.st.stm32cube.ide.mcu.externaltools.gnu-tools-for-stm32.9-2020-q2-update.win32_2.0.0.202105311346/tools/bin/../lib/gcc/arm-none-eabi/9.3.1/../../../../arm-none-eabi/lib/thumb/v7-m/nofp\libm.a
LOAD c:/st/stm32cubeide_1.7.0/stm32cubeide/plugins/com.st.stm32cube.ide.mcu.externaltools.gnu-tools-for-stm32.9-2020-q2-update.win32_2.0.0.202105311346/tools/bin/../lib/gcc/arm-none-eabi/9.3.1/thumb/v7-m/nofp\libgcc.a

.debug_info     0x0000000000000000     0xd74f
 .debug_info    0x0000000000000000      0x28e ./Core/Src/fsm_automatic_1.o
 .debug_info    0x000000000000028e      0x28e ./Core/Src/fsm_automatic_2.o
 .debug_info    0x000000000000051c      0x28e ./Core/Src/fsm_mode.o
 .debug_info    0x00000000000007aa      0x312 ./Core/Src/global.o
 .debug_info    0x0000000000000abc      0x40e ./Core/Src/input_reading.o
 .debug_info    0x0000000000000eca      0x4f5 ./Core/Src/led_display.o
 .debug_info    0x00000000000013bf     0x187d ./Core/Src/main.o
 .debug_info    0x0000000000002c3c      0x2a0 ./Core/Src/pedestrian.o
 .debug_info    0x0000000000002edc      0x22e ./Core/Src/scheduler.o
 .debug_info    0x000000000000310a      0x311 ./Core/Src/software_timer.o
 .debug_info    0x000000000000341b      0xe38 ./Core/Src/stm32f1xx_hal_msp.o
 .debug_info    0x0000000000004253      0x7d2 ./Core/Src/stm32f1xx_it.o
 .debug_info    0x0000000000004a25      0xa25 ./Core/Src/sysmem.o
 .debug_info    0x000000000000544a      0x2be ./Core/Src/system_stm32f1xx.o
 .debug_info    0x0000000000005708      0x81c ./Core/Src/timer.o
 .debug_info    0x0000000000005f24       0x22 ./Core/Startup/startup_stm32f103rbtx.o
 .debug_info    0x0000000000005f46      0x76a ./Drivers/STM32F1xx_HAL_Driver/Src/stm32f1xx_hal.o
 .debug_info    0x00000000000066b0      0xbdc ./Drivers/STM32F1xx_HAL_Driver/Src/stm32f1xx_hal_cortex.o
 .debug_info    0x000000000000728c      0x701 ./Drivers/STM32F1xx_HAL_Driver/Src/stm32f1xx_hal_gpio.o
 .debug_info    0x000000000000798d      0x88e ./Drivers/STM32F1xx_HAL_Driver/Src/stm32f1xx_hal_rcc.o
 .debug_info    0x000000000000821b     0x2a45 ./Drivers/STM32F1xx_HAL_Driver/Src/stm32f1xx_hal_tim.o
 .debug_info    0x000000000000ac60     0x14d5 ./Drivers/STM32F1xx_HAL_Driver/Src/stm32f1xx_hal_tim_ex.o
 .debug_info    0x000000000000c135     0x161a ./Drivers/STM32F1xx_HAL_Driver/Src/stm32f1xx_hal_uart.o

.debug_abbrev   0x0000000000000000     0x23e8
 .debug_abbrev  0x0000000000000000       0xb6 ./Core/Src/fsm_automatic_1.o
 .debug_abbrev  0x00000000000000b6       0xb6 ./Core/Src/fsm_automatic_2.o
 .debug_abbrev  0x000000000000016c       0xb6 ./Core/Src/fsm_mode.o
 .debug_abbrev  0x0000000000000222       0xda ./Core/Src/global.o
 .debug_abbrev  0x00000000000002fc      0x198 ./Core/Src/input_reading.o
 .debug_abbrev  0x0000000000000494      0x168 ./Core/Src/led_display.o
 .debug_abbrev  0x00000000000005fc      0x2f7 ./Core/Src/main.o
 .debug_abbrev  0x00000000000008f3       0xc9 ./Core/Src/pedestrian.o
 .debug_abbrev  0x00000000000009bc      0x11a ./Core/Src/scheduler.o
 .debug_abbrev  0x0000000000000ad6       0x9c ./Core/Src/software_timer.o
 .debug_abbrev  0x0000000000000b72      0x1c8 ./Core/Src/stm32f1xx_hal_msp.o
 .debug_abbrev  0x0000000000000d3a      0x176 ./Core/Src/stm32f1xx_it.o
 .debug_abbrev  0x0000000000000eb0      0x1bf ./Core/Src/sysmem.o
 .debug_abbrev  0x000000000000106f      0x14e ./Core/Src/system_stm32f1xx.o
 .debug_abbrev  0x00000000000011bd      0x16f ./Core/Src/timer.o
 .debug_abbrev  0x000000000000132c       0x12 ./Core/Startup/startup_stm32f103rbtx.o
 .debug_abbrev  0x000000000000133e      0x1ed ./Drivers/STM32F1xx_HAL_Driver/Src/stm32f1xx_hal.o
 .debug_abbrev  0x000000000000152b      0x313 ./Drivers/STM32F1xx_HAL_Driver/Src/stm32f1xx_hal_cortex.o
 .debug_abbrev  0x000000000000183e      0x1e8 ./Drivers/STM32F1xx_HAL_Driver/Src/stm32f1xx_hal_gpio.o
 .debug_abbrev  0x0000000000001a26      0x273 ./Drivers/STM32F1xx_HAL_Driver/Src/stm32f1xx_hal_rcc.o
 .debug_abbrev  0x0000000000001c99      0x25e ./Drivers/STM32F1xx_HAL_Driver/Src/stm32f1xx_hal_tim.o
 .debug_abbrev  0x0000000000001ef7      0x266 ./Drivers/STM32F1xx_HAL_Driver/Src/stm32f1xx_hal_tim_ex.o
 .debug_abbrev  0x000000000000215d      0x28b ./Drivers/STM32F1xx_HAL_Driver/Src/stm32f1xx_hal_uart.o

.debug_aranges  0x0000000000000000      0xe00
 .debug_aranges
                0x0000000000000000       0x20 ./Core/Src/fsm_automatic_1.o
 .debug_aranges
                0x0000000000000020       0x20 ./Core/Src/fsm_automatic_2.o
 .debug_aranges
                0x0000000000000040       0x20 ./Core/Src/fsm_mode.o
 .debug_aranges
                0x0000000000000060       0x20 ./Core/Src/global.o
 .debug_aranges
                0x0000000000000080       0x40 ./Core/Src/input_reading.o
 .debug_aranges
                0x00000000000000c0       0xb0 ./Core/Src/led_display.o
 .debug_aranges
                0x0000000000000170       0x58 ./Core/Src/main.o
 .debug_aranges
                0x00000000000001c8       0x20 ./Core/Src/pedestrian.o
 .debug_aranges
                0x00000000000001e8       0x40 ./Core/Src/scheduler.o
 .debug_aranges
                0x0000000000000228       0x90 ./Core/Src/software_timer.o
 .debug_aranges
                0x00000000000002b8       0x48 ./Core/Src/stm32f1xx_hal_msp.o
 .debug_aranges
                0x0000000000000300       0x70 ./Core/Src/stm32f1xx_it.o
 .debug_aranges
                0x0000000000000370       0x20 ./Core/Src/sysmem.o
 .debug_aranges
                0x0000000000000390       0x28 ./Core/Src/system_stm32f1xx.o
 .debug_aranges
                0x00000000000003b8       0x20 ./Core/Src/timer.o
 .debug_aranges
                0x00000000000003d8       0x28 ./Core/Startup/startup_stm32f103rbtx.o
 .debug_aranges
                0x0000000000000400       0xe0 ./Drivers/STM32F1xx_HAL_Driver/Src/stm32f1xx_hal.o
 .debug_aranges
                0x00000000000004e0      0x100 ./Drivers/STM32F1xx_HAL_Driver/Src/stm32f1xx_hal_cortex.o
 .debug_aranges
                0x00000000000005e0       0x58 ./Drivers/STM32F1xx_HAL_Driver/Src/stm32f1xx_hal_gpio.o
 .debug_aranges
                0x0000000000000638       0x90 ./Drivers/STM32F1xx_HAL_Driver/Src/stm32f1xx_hal_rcc.o
 .debug_aranges
                0x00000000000006c8      0x3d0 ./Drivers/STM32F1xx_HAL_Driver/Src/stm32f1xx_hal_tim.o
 .debug_aranges
                0x0000000000000a98      0x168 ./Drivers/STM32F1xx_HAL_Driver/Src/stm32f1xx_hal_tim_ex.o
 .debug_aranges
                0x0000000000000c00      0x200 ./Drivers/STM32F1xx_HAL_Driver/Src/stm32f1xx_hal_uart.o

.debug_ranges   0x0000000000000000      0xcc8
 .debug_ranges  0x0000000000000000       0x10 ./Core/Src/fsm_automatic_1.o
 .debug_ranges  0x0000000000000010       0x10 ./Core/Src/fsm_automatic_2.o
 .debug_ranges  0x0000000000000020       0x10 ./Core/Src/fsm_mode.o
 .debug_ranges  0x0000000000000030       0x10 ./Core/Src/global.o
 .debug_ranges  0x0000000000000040       0x30 ./Core/Src/input_reading.o
 .debug_ranges  0x0000000000000070       0xa0 ./Core/Src/led_display.o
 .debug_ranges  0x0000000000000110       0x48 ./Core/Src/main.o
 .debug_ranges  0x0000000000000158       0x10 ./Core/Src/pedestrian.o
 .debug_ranges  0x0000000000000168       0x30 ./Core/Src/scheduler.o
 .debug_ranges  0x0000000000000198       0x80 ./Core/Src/software_timer.o
 .debug_ranges  0x0000000000000218       0x38 ./Core/Src/stm32f1xx_hal_msp.o
 .debug_ranges  0x0000000000000250       0x60 ./Core/Src/stm32f1xx_it.o
 .debug_ranges  0x00000000000002b0       0x10 ./Core/Src/sysmem.o
 .debug_ranges  0x00000000000002c0       0x18 ./Core/Src/system_stm32f1xx.o
 .debug_ranges  0x00000000000002d8       0x10 ./Core/Src/timer.o
 .debug_ranges  0x00000000000002e8       0x20 ./Core/Startup/startup_stm32f103rbtx.o
 .debug_ranges  0x0000000000000308       0xd0 ./Drivers/STM32F1xx_HAL_Driver/Src/stm32f1xx_hal.o
 .debug_ranges  0x00000000000003d8       0xf0 ./Drivers/STM32F1xx_HAL_Driver/Src/stm32f1xx_hal_cortex.o
 .debug_ranges  0x00000000000004c8       0x48 ./Drivers/STM32F1xx_HAL_Driver/Src/stm32f1xx_hal_gpio.o
 .debug_ranges  0x0000000000000510       0x80 ./Drivers/STM32F1xx_HAL_Driver/Src/stm32f1xx_hal_rcc.o
 .debug_ranges  0x0000000000000590      0x3c0 ./Drivers/STM32F1xx_HAL_Driver/Src/stm32f1xx_hal_tim.o
 .debug_ranges  0x0000000000000950      0x158 ./Drivers/STM32F1xx_HAL_Driver/Src/stm32f1xx_hal_tim_ex.o
 .debug_ranges  0x0000000000000aa8      0x220 ./Drivers/STM32F1xx_HAL_Driver/Src/stm32f1xx_hal_uart.o

.debug_macro    0x0000000000000000     0x328d
 .debug_macro   0x0000000000000000      0x1fa ./Core/Src/fsm_automatic_1.o
 .debug_macro   0x00000000000001fa      0x1ec ./Core/Src/fsm_automatic_2.o
 .debug_macro   0x00000000000003e6      0x1f5 ./Core/Src/fsm_mode.o
 .debug_macro   0x00000000000005db       0x10 ./Core/Src/fsm_mode.o
 .debug_macro   0x00000000000005eb      0x1bb ./Core/Src/global.o
 .debug_macro   0x00000000000007a6      0x1d9 ./Core/Src/input_reading.o
 .debug_macro   0x000000000000097f      0x1d3 ./Core/Src/led_display.o
 .debug_macro   0x0000000000000b52      0x3af ./Core/Src/main.o
 .debug_macro   0x0000000000000f01       0x52 ./Core/Src/main.o
 .debug_macro   0x0000000000000f53       0x18 ./Core/Src/main.o
 .debug_macro   0x0000000000000f6b       0x3c ./Core/Src/main.o
 .debug_macro   0x0000000000000fa7       0x34 ./Core/Src/main.o
 .debug_macro   0x0000000000000fdb       0x16 ./Core/Src/main.o
 .debug_macro   0x0000000000000ff1       0x35 ./Core/Src/main.o
 .debug_macro   0x0000000000001026      0x333 ./Core/Src/main.o
 .debug_macro   0x0000000000001359       0x10 ./Core/Src/main.o
 .debug_macro   0x0000000000001369       0x16 ./Core/Src/main.o
 .debug_macro   0x000000000000137f       0x43 ./Core/Src/main.o
 .debug_macro   0x00000000000013c2       0x34 ./Core/Src/main.o
 .debug_macro   0x00000000000013f6       0x10 ./Core/Src/main.o
 .debug_macro   0x0000000000001406       0x58 ./Core/Src/main.o
 .debug_macro   0x000000000000145e       0x71 ./Core/Src/main.o
 .debug_macro   0x00000000000014cf       0x1c ./Core/Src/main.o
 .debug_macro   0x00000000000014eb      0x12a ./Core/Src/main.o
 .debug_macro   0x0000000000001615       0x10 ./Core/Src/main.o
 .debug_macro   0x0000000000001625       0x1c ./Core/Src/main.o
 .debug_macro   0x0000000000001641       0x52 ./Core/Src/main.o
 .debug_macro   0x0000000000001693       0x22 ./Core/Src/main.o
 .debug_macro   0x00000000000016b5       0x10 ./Core/Src/main.o
 .debug_macro   0x00000000000016c5       0x40 ./Core/Src/main.o
 .debug_macro   0x0000000000001705       0xd5 ./Core/Src/main.o
 .debug_macro   0x00000000000017da       0x1c ./Core/Src/main.o
 .debug_macro   0x00000000000017f6       0x3d ./Core/Src/main.o
 .debug_macro   0x0000000000001833       0x16 ./Core/Src/main.o
 .debug_macro   0x0000000000001849      0x145 ./Core/Src/main.o
 .debug_macro   0x000000000000198e       0x16 ./Core/Src/main.o
 .debug_macro   0x00000000000019a4      0x1ff ./Core/Src/pedestrian.o
 .debug_macro   0x0000000000001ba3       0x72 ./Core/Src/scheduler.o
 .debug_macro   0x0000000000001c15       0x10 ./Core/Src/scheduler.o
 .debug_macro   0x0000000000001c25       0x1b ./Core/Src/software_timer.o
 .debug_macro   0x0000000000001c40      0x1b2 ./Core/Src/stm32f1xx_hal_msp.o
 .debug_macro   0x0000000000001df2      0x1bc ./Core/Src/stm32f1xx_it.o
 .debug_macro   0x0000000000001fae       0xff ./Core/Src/sysmem.o
 .debug_macro   0x00000000000020ad      0x23b ./Core/Src/sysmem.o
 .debug_macro   0x00000000000022e8      0x1a3 ./Core/Src/system_stm32f1xx.o
 .debug_macro   0x000000000000248b      0x1ea ./Core/Src/timer.o
 .debug_macro   0x0000000000002675      0x1c7 ./Drivers/STM32F1xx_HAL_Driver/Src/stm32f1xx_hal.o
 .debug_macro   0x000000000000283c      0x1a3 ./Drivers/STM32F1xx_HAL_Driver/Src/stm32f1xx_hal_cortex.o
 .debug_macro   0x00000000000029df      0x20e ./Drivers/STM32F1xx_HAL_Driver/Src/stm32f1xx_hal_gpio.o
 .debug_macro   0x0000000000002bed      0x1b5 ./Drivers/STM32F1xx_HAL_Driver/Src/stm32f1xx_hal_rcc.o
 .debug_macro   0x0000000000002da2      0x1a4 ./Drivers/STM32F1xx_HAL_Driver/Src/stm32f1xx_hal_tim.o
 .debug_macro   0x0000000000002f46      0x1a3 ./Drivers/STM32F1xx_HAL_Driver/Src/stm32f1xx_hal_tim_ex.o
 .debug_macro   0x00000000000030e9      0x1a4 ./Drivers/STM32F1xx_HAL_Driver/Src/stm32f1xx_hal_uart.o

.debug_line     0x0000000000000000     0xf9b3
 .debug_line    0x0000000000000000      0x75c ./Core/Src/fsm_automatic_1.o
 .debug_line    0x000000000000075c      0x745 ./Core/Src/fsm_automatic_2.o
 .debug_line    0x0000000000000ea1      0x7a5 ./Core/Src/fsm_mode.o
 .debug_line    0x0000000000001646      0x67c ./Core/Src/global.o
 .debug_line    0x0000000000001cc2      0x851 ./Core/Src/input_reading.o
 .debug_line    0x0000000000002513      0x886 ./Core/Src/led_display.o
 .debug_line    0x0000000000002d99      0xb3b ./Core/Src/main.o
 .debug_line    0x00000000000038d4      0x706 ./Core/Src/pedestrian.o
 .debug_line    0x0000000000003fda      0x50c ./Core/Src/scheduler.o
 .debug_line    0x00000000000044e6      0x276 ./Core/Src/software_timer.o
 .debug_line    0x000000000000475c      0x75a ./Core/Src/stm32f1xx_hal_msp.o
 .debug_line    0x0000000000004eb6      0x76f ./Core/Src/stm32f1xx_it.o
 .debug_line    0x0000000000005625      0x4f8 ./Core/Src/sysmem.o
 .debug_line    0x0000000000005b1d      0x6fb ./Core/Src/system_stm32f1xx.o
 .debug_line    0x0000000000006218      0x6c3 ./Core/Src/timer.o
 .debug_line    0x00000000000068db       0x87 ./Core/Startup/startup_stm32f103rbtx.o
 .debug_line    0x0000000000006962      0x928 ./Drivers/STM32F1xx_HAL_Driver/Src/stm32f1xx_hal.o
 .debug_line    0x000000000000728a      0xb10 ./Drivers/STM32F1xx_HAL_Driver/Src/stm32f1xx_hal_cortex.o
 .debug_line    0x0000000000007d9a      0x9bf ./Drivers/STM32F1xx_HAL_Driver/Src/stm32f1xx_hal_gpio.o
 .debug_line    0x0000000000008759      0xd36 ./Drivers/STM32F1xx_HAL_Driver/Src/stm32f1xx_hal_rcc.o
 .debug_line    0x000000000000948f     0x32d1 ./Drivers/STM32F1xx_HAL_Driver/Src/stm32f1xx_hal_tim.o
 .debug_line    0x000000000000c760     0x1850 ./Drivers/STM32F1xx_HAL_Driver/Src/stm32f1xx_hal_tim_ex.o
 .debug_line    0x000000000000dfb0     0x1a03 ./Drivers/STM32F1xx_HAL_Driver/Src/stm32f1xx_hal_uart.o

.debug_str      0x0000000000000000    0x8b298
 .debug_str     0x0000000000000000    0x83532 ./Core/Src/fsm_automatic_1.o
                                      0x83871 (size before relaxing)
 .debug_str     0x0000000000083532       0x32 ./Core/Src/fsm_automatic_2.o
                                      0x83859 (size before relaxing)
 .debug_str     0x0000000000083564       0x5b ./Core/Src/fsm_mode.o
                                      0x8386a (size before relaxing)
 .debug_str     0x00000000000835bf       0x24 ./Core/Src/global.o
                                      0x8376e (size before relaxing)
 .debug_str     0x00000000000835e3      0x236 ./Core/Src/input_reading.o
                                      0x83817 (size before relaxing)
 .debug_str     0x0000000000083819      0x12e ./Core/Src/led_display.o
                                      0x83944 (size before relaxing)
 .debug_str     0x0000000000083947     0x49c3 ./Core/Src/main.o
                                      0x883c5 (size before relaxing)
 .debug_str     0x000000000008830a       0x3d ./Core/Src/pedestrian.o
                                      0x83895 (size before relaxing)
 .debug_str     0x0000000000088347       0xa5 ./Core/Src/scheduler.o
                                       0x3d64 (size before relaxing)
 .debug_str     0x00000000000883ec      0x13e ./Core/Src/software_timer.o
                                       0x2ee5 (size before relaxing)
 .debug_str     0x000000000008852a      0x337 ./Core/Src/stm32f1xx_hal_msp.o
                                      0x84064 (size before relaxing)
 .debug_str     0x0000000000088861       0xdd ./Core/Src/stm32f1xx_it.o
                                      0x83b33 (size before relaxing)
 .debug_str     0x000000000008893e      0x4e9 ./Core/Src/sysmem.o
                                       0x623b (size before relaxing)
 .debug_str     0x0000000000088e27       0x52 ./Core/Src/system_stm32f1xx.o
                                      0x83433 (size before relaxing)
 .debug_str     0x0000000000088e79       0x32 ./Core/Src/timer.o
                                      0x83d37 (size before relaxing)
 .debug_str     0x0000000000088eab       0x36 ./Core/Startup/startup_stm32f103rbtx.o
                                         0x4f (size before relaxing)
 .debug_str     0x0000000000088ee1      0x304 ./Drivers/STM32F1xx_HAL_Driver/Src/stm32f1xx_hal.o
                                      0x83ac4 (size before relaxing)
 .debug_str     0x00000000000891e5      0x300 ./Drivers/STM32F1xx_HAL_Driver/Src/stm32f1xx_hal_cortex.o
                                      0x83acc (size before relaxing)
 .debug_str     0x00000000000894e5      0x316 ./Drivers/STM32F1xx_HAL_Driver/Src/stm32f1xx_hal_gpio.o
                                      0x837f7 (size before relaxing)
 .debug_str     0x00000000000897fb      0x24f ./Drivers/STM32F1xx_HAL_Driver/Src/stm32f1xx_hal_rcc.o
                                      0x83830 (size before relaxing)
 .debug_str     0x0000000000089a4a      0xd73 ./Drivers/STM32F1xx_HAL_Driver/Src/stm32f1xx_hal_tim.o
                                      0x84802 (size before relaxing)
 .debug_str     0x000000000008a7bd      0x4ee ./Drivers/STM32F1xx_HAL_Driver/Src/stm32f1xx_hal_tim_ex.o
                                      0x83fb3 (size before relaxing)
 .debug_str     0x000000000008acab      0x5ed ./Drivers/STM32F1xx_HAL_Driver/Src/stm32f1xx_hal_uart.o
                                      0x83e22 (size before relaxing)

.comment        0x0000000000000000       0x53
 .comment       0x0000000000000000       0x53 ./Core/Src/fsm_automatic_1.o
                                         0x54 (size before relaxing)
 .comment       0x0000000000000053       0x54 ./Core/Src/fsm_automatic_2.o
 .comment       0x0000000000000053       0x54 ./Core/Src/fsm_mode.o
 .comment       0x0000000000000053       0x54 ./Core/Src/global.o
 .comment       0x0000000000000053       0x54 ./Core/Src/input_reading.o
 .comment       0x0000000000000053       0x54 ./Core/Src/led_display.o
 .comment       0x0000000000000053       0x54 ./Core/Src/main.o
 .comment       0x0000000000000053       0x54 ./Core/Src/pedestrian.o
 .comment       0x0000000000000053       0x54 ./Core/Src/scheduler.o
 .comment       0x0000000000000053       0x54 ./Core/Src/software_timer.o
 .comment       0x0000000000000053       0x54 ./Core/Src/stm32f1xx_hal_msp.o
 .comment       0x0000000000000053       0x54 ./Core/Src/stm32f1xx_it.o
 .comment       0x0000000000000053       0x54 ./Core/Src/sysmem.o
 .comment       0x0000000000000053       0x54 ./Core/Src/system_stm32f1xx.o
 .comment       0x0000000000000053       0x54 ./Core/Src/timer.o
 .comment       0x0000000000000053       0x54 ./Drivers/STM32F1xx_HAL_Driver/Src/stm32f1xx_hal.o
 .comment       0x0000000000000053       0x54 ./Drivers/STM32F1xx_HAL_Driver/Src/stm32f1xx_hal_cortex.o
 .comment       0x0000000000000053       0x54 ./Drivers/STM32F1xx_HAL_Driver/Src/stm32f1xx_hal_gpio.o
 .comment       0x0000000000000053       0x54 ./Drivers/STM32F1xx_HAL_Driver/Src/stm32f1xx_hal_rcc.o
 .comment       0x0000000000000053       0x54 ./Drivers/STM32F1xx_HAL_Driver/Src/stm32f1xx_hal_tim.o
 .comment       0x0000000000000053       0x54 ./Drivers/STM32F1xx_HAL_Driver/Src/stm32f1xx_hal_tim_ex.o
 .comment       0x0000000000000053       0x54 ./Drivers/STM32F1xx_HAL_Driver/Src/stm32f1xx_hal_uart.o

.debug_frame    0x0000000000000000     0x3b1c
 .debug_frame   0x0000000000000000       0x2c ./Core/Src/fsm_automatic_1.o
 .debug_frame   0x000000000000002c       0x2c ./Core/Src/fsm_automatic_2.o
 .debug_frame   0x0000000000000058       0x2c ./Core/Src/fsm_mode.o
 .debug_frame   0x0000000000000084       0x38 ./Core/Src/global.o
 .debug_frame   0x00000000000000bc       0xd4 ./Core/Src/input_reading.o
 .debug_frame   0x0000000000000190      0x238 ./Core/Src/led_display.o
 .debug_frame   0x00000000000003c8      0x118 ./Core/Src/main.o
 .debug_frame   0x00000000000004e0       0x2c ./Core/Src/pedestrian.o
 .debug_frame   0x000000000000050c       0xcc ./Core/Src/scheduler.o
 .debug_frame   0x00000000000005d8      0x228 ./Core/Src/software_timer.o
 .debug_frame   0x0000000000000800       0xec ./Core/Src/stm32f1xx_hal_msp.o
 .debug_frame   0x00000000000008ec      0x13c ./Core/Src/stm32f1xx_it.o
 .debug_frame   0x0000000000000a28       0x34 ./Core/Src/sysmem.o
 .debug_frame   0x0000000000000a5c       0x58 ./Core/Src/system_stm32f1xx.o
 .debug_frame   0x0000000000000ab4       0x34 ./Core/Src/timer.o
 .debug_frame   0x0000000000000ae8      0x334 ./Drivers/STM32F1xx_HAL_Driver/Src/stm32f1xx_hal.o
 .debug_frame   0x0000000000000e1c      0x428 ./Drivers/STM32F1xx_HAL_Driver/Src/stm32f1xx_hal_cortex.o
 .debug_frame   0x0000000000001244      0x14c ./Drivers/STM32F1xx_HAL_Driver/Src/stm32f1xx_hal_gpio.o
 .debug_frame   0x0000000000001390      0x21c ./Drivers/STM32F1xx_HAL_Driver/Src/stm32f1xx_hal_rcc.o
 .debug_frame   0x00000000000015ac     0x11b8 ./Drivers/STM32F1xx_HAL_Driver/Src/stm32f1xx_hal_tim.o
 .debug_frame   0x0000000000002764      0x638 ./Drivers/STM32F1xx_HAL_Driver/Src/stm32f1xx_hal_tim_ex.o
 .debug_frame   0x0000000000002d9c      0x914 ./Drivers/STM32F1xx_HAL_Driver/Src/stm32f1xx_hal_uart.o
 .debug_frame   0x00000000000036b0       0x20 c:/st/stm32cubeide_1.7.0/stm32cubeide/plugins/com.st.stm32cube.ide.mcu.externaltools.gnu-tools-for-stm32.9-2020-q2-update.win32_2.0.0.202105311346/tools/bin/../lib/gcc/arm-none-eabi/9.3.1/../../../../arm-none-eabi/lib/thumb/v7-m/nofp\libc_nano.a(lib_a-errno.o)
 .debug_frame   0x00000000000036d0       0x2c c:/st/stm32cubeide_1.7.0/stm32cubeide/plugins/com.st.stm32cube.ide.mcu.externaltools.gnu-tools-for-stm32.9-2020-q2-update.win32_2.0.0.202105311346/tools/bin/../lib/gcc/arm-none-eabi/9.3.1/../../../../arm-none-eabi/lib/thumb/v7-m/nofp\libc_nano.a(lib_a-init.o)
 .debug_frame   0x00000000000036fc       0x20 c:/st/stm32cubeide_1.7.0/stm32cubeide/plugins/com.st.stm32cube.ide.mcu.externaltools.gnu-tools-for-stm32.9-2020-q2-update.win32_2.0.0.202105311346/tools/bin/../lib/gcc/arm-none-eabi/9.3.1/../../../../arm-none-eabi/lib/thumb/v7-m/nofp\libc_nano.a(lib_a-memset.o)
 .debug_frame   0x000000000000371c       0x6c c:/st/stm32cubeide_1.7.0/stm32cubeide/plugins/com.st.stm32cube.ide.mcu.externaltools.gnu-tools-for-stm32.9-2020-q2-update.win32_2.0.0.202105311346/tools/bin/../lib/gcc/arm-none-eabi/9.3.1/../../../../arm-none-eabi/lib/thumb/v7-m/nofp\libc_nano.a(lib_a-sprintf.o)
 .debug_frame   0x0000000000003788       0x90 c:/st/stm32cubeide_1.7.0/stm32cubeide/plugins/com.st.stm32cube.ide.mcu.externaltools.gnu-tools-for-stm32.9-2020-q2-update.win32_2.0.0.202105311346/tools/bin/../lib/gcc/arm-none-eabi/9.3.1/../../../../arm-none-eabi/lib/thumb/v7-m/nofp\libc_nano.a(lib_a-nano-svfprintf.o)
 .debug_frame   0x0000000000003818       0x60 c:/st/stm32cubeide_1.7.0/stm32cubeide/plugins/com.st.stm32cube.ide.mcu.externaltools.gnu-tools-for-stm32.9-2020-q2-update.win32_2.0.0.202105311346/tools/bin/../lib/gcc/arm-none-eabi/9.3.1/../../../../arm-none-eabi/lib/thumb/v7-m/nofp\libc_nano.a(lib_a-nano-vfprintf_i.o)
 .debug_frame   0x0000000000003878       0x28 c:/st/stm32cubeide_1.7.0/stm32cubeide/plugins/com.st.stm32cube.ide.mcu.externaltools.gnu-tools-for-stm32.9-2020-q2-update.win32_2.0.0.202105311346/tools/bin/../lib/gcc/arm-none-eabi/9.3.1/../../../../arm-none-eabi/lib/thumb/v7-m/nofp\libc_nano.a(lib_a-memchr-stub.o)
 .debug_frame   0x00000000000038a0       0x28 c:/st/stm32cubeide_1.7.0/stm32cubeide/plugins/com.st.stm32cube.ide.mcu.externaltools.gnu-tools-for-stm32.9-2020-q2-update.win32_2.0.0.202105311346/tools/bin/../lib/gcc/arm-none-eabi/9.3.1/../../../../arm-none-eabi/lib/thumb/v7-m/nofp\libc_nano.a(lib_a-memcpy-stub.o)
 .debug_frame   0x00000000000038c8       0x28 c:/st/stm32cubeide_1.7.0/stm32cubeide/plugins/com.st.stm32cube.ide.mcu.externaltools.gnu-tools-for-stm32.9-2020-q2-update.win32_2.0.0.202105311346/tools/bin/../lib/gcc/arm-none-eabi/9.3.1/../../../../arm-none-eabi/lib/thumb/v7-m/nofp\libc_nano.a(lib_a-memmove.o)
 .debug_frame   0x00000000000038f0       0x38 c:/st/stm32cubeide_1.7.0/stm32cubeide/plugins/com.st.stm32cube.ide.mcu.externaltools.gnu-tools-for-stm32.9-2020-q2-update.win32_2.0.0.202105311346/tools/bin/../lib/gcc/arm-none-eabi/9.3.1/../../../../arm-none-eabi/lib/thumb/v7-m/nofp\libc_nano.a(lib_a-nano-freer.o)
 .debug_frame   0x0000000000003928       0x30 c:/st/stm32cubeide_1.7.0/stm32cubeide/plugins/com.st.stm32cube.ide.mcu.externaltools.gnu-tools-for-stm32.9-2020-q2-update.win32_2.0.0.202105311346/tools/bin/../lib/gcc/arm-none-eabi/9.3.1/../../../../arm-none-eabi/lib/thumb/v7-m/nofp\libc_nano.a(lib_a-nano-mallocr.o)
 .debug_frame   0x0000000000003958       0x3c c:/st/stm32cubeide_1.7.0/stm32cubeide/plugins/com.st.stm32cube.ide.mcu.externaltools.gnu-tools-for-stm32.9-2020-q2-update.win32_2.0.0.202105311346/tools/bin/../lib/gcc/arm-none-eabi/9.3.1/../../../../arm-none-eabi/lib/thumb/v7-m/nofp\libc_nano.a(lib_a-nano-reallocr.o)
 .debug_frame   0x0000000000003994       0x2c c:/st/stm32cubeide_1.7.0/stm32cubeide/plugins/com.st.stm32cube.ide.mcu.externaltools.gnu-tools-for-stm32.9-2020-q2-update.win32_2.0.0.202105311346/tools/bin/../lib/gcc/arm-none-eabi/9.3.1/../../../../arm-none-eabi/lib/thumb/v7-m/nofp\libc_nano.a(lib_a-sbrkr.o)
 .debug_frame   0x00000000000039c0       0x30 c:/st/stm32cubeide_1.7.0/stm32cubeide/plugins/com.st.stm32cube.ide.mcu.externaltools.gnu-tools-for-stm32.9-2020-q2-update.win32_2.0.0.202105311346/tools/bin/../lib/gcc/arm-none-eabi/9.3.1/../../../../arm-none-eabi/lib/thumb/v7-m/nofp\libc_nano.a(lib_a-mlock.o)
 .debug_frame   0x00000000000039f0       0x20 c:/st/stm32cubeide_1.7.0/stm32cubeide/plugins/com.st.stm32cube.ide.mcu.externaltools.gnu-tools-for-stm32.9-2020-q2-update.win32_2.0.0.202105311346/tools/bin/../lib/gcc/arm-none-eabi/9.3.1/../../../../arm-none-eabi/lib/thumb/v7-m/nofp\libc_nano.a(lib_a-nano-msizer.o)
 .debug_frame   0x0000000000003a10       0x5c c:/st/stm32cubeide_1.7.0/stm32cubeide/plugins/com.st.stm32cube.ide.mcu.externaltools.gnu-tools-for-stm32.9-2020-q2-update.win32_2.0.0.202105311346/tools/bin/../lib/gcc/arm-none-eabi/9.3.1/../../../../arm-none-eabi/lib/thumb/v7-m/nofp\libc_nano.a(lib_a-reent.o)
 .debug_frame   0x0000000000003a6c       0xb0 c:/st/stm32cubeide_1.7.0/stm32cubeide/plugins/com.st.stm32cube.ide.mcu.externaltools.gnu-tools-for-stm32.9-2020-q2-update.win32_2.0.0.202105311346/tools/bin/../lib/gcc/arm-none-eabi/9.3.1/../../../../arm-none-eabi/lib/thumb/v7-m/nofp\libc_nano.a(lib_a-lock.o)
