Archive member included to satisfy reference by file (symbol)

c:/st/stm32cubeide_1.7.0/stm32cubeide/plugins/com.st.stm32cube.ide.mcu.externaltools.gnu-tools-for-stm32.10.3-2021.10.win32_1.0.100.202210260954/tools/bin/../lib/gcc/arm-none-eabi/10.3.1/../../../../arm-none-eabi/lib/thumb/v7-m/nofp\libc_nano.a(lib_a-errno.o)
                              ./Core/Src/syscalls.o (__errno)
c:/st/stm32cubeide_1.7.0/stm32cubeide/plugins/com.st.stm32cube.ide.mcu.externaltools.gnu-tools-for-stm32.10.3-2021.10.win32_1.0.100.202210260954/tools/bin/../lib/gcc/arm-none-eabi/10.3.1/../../../../arm-none-eabi/lib/thumb/v7-m/nofp\libc_nano.a(lib_a-exit.o)
                              c:/st/stm32cubeide_1.7.0/stm32cubeide/plugins/com.st.stm32cube.ide.mcu.externaltools.gnu-tools-for-stm32.10.3-2021.10.win32_1.0.100.202210260954/tools/bin/../lib/gcc/arm-none-eabi/10.3.1/../../../../arm-none-eabi/lib/thumb/v7-m/nofp/crt0.o (exit)
c:/st/stm32cubeide_1.7.0/stm32cubeide/plugins/com.st.stm32cube.ide.mcu.externaltools.gnu-tools-for-stm32.10.3-2021.10.win32_1.0.100.202210260954/tools/bin/../lib/gcc/arm-none-eabi/10.3.1/../../../../arm-none-eabi/lib/thumb/v7-m/nofp\libc_nano.a(lib_a-impure.o)
                              c:/st/stm32cubeide_1.7.0/stm32cubeide/plugins/com.st.stm32cube.ide.mcu.externaltools.gnu-tools-for-stm32.10.3-2021.10.win32_1.0.100.202210260954/tools/bin/../lib/gcc/arm-none-eabi/10.3.1/../../../../arm-none-eabi/lib/thumb/v7-m/nofp\libc_nano.a(lib_a-exit.o) (_global_impure_ptr)
c:/st/stm32cubeide_1.7.0/stm32cubeide/plugins/com.st.stm32cube.ide.mcu.externaltools.gnu-tools-for-stm32.10.3-2021.10.win32_1.0.100.202210260954/tools/bin/../lib/gcc/arm-none-eabi/10.3.1/../../../../arm-none-eabi/lib/thumb/v7-m/nofp\libc_nano.a(lib_a-init.o)
                              c:/st/stm32cubeide_1.7.0/stm32cubeide/plugins/com.st.stm32cube.ide.mcu.externaltools.gnu-tools-for-stm32.10.3-2021.10.win32_1.0.100.202210260954/tools/bin/../lib/gcc/arm-none-eabi/10.3.1/../../../../arm-none-eabi/lib/thumb/v7-m/nofp/crt0.o (__libc_init_array)
c:/st/stm32cubeide_1.7.0/stm32cubeide/plugins/com.st.stm32cube.ide.mcu.externaltools.gnu-tools-for-stm32.10.3-2021.10.win32_1.0.100.202210260954/tools/bin/../lib/gcc/arm-none-eabi/10.3.1/../../../../arm-none-eabi/lib/thumb/v7-m/nofp\libc_nano.a(lib_a-memset.o)
                              c:/st/stm32cubeide_1.7.0/stm32cubeide/plugins/com.st.stm32cube.ide.mcu.externaltools.gnu-tools-for-stm32.10.3-2021.10.win32_1.0.100.202210260954/tools/bin/../lib/gcc/arm-none-eabi/10.3.1/../../../../arm-none-eabi/lib/thumb/v7-m/nofp/crt0.o (memset)
c:/st/stm32cubeide_1.7.0/stm32cubeide/plugins/com.st.stm32cube.ide.mcu.externaltools.gnu-tools-for-stm32.10.3-2021.10.win32_1.0.100.202210260954/tools/bin/../lib/gcc/arm-none-eabi/10.3.1/../../../../arm-none-eabi/lib/thumb/v7-m/nofp\libc_nano.a(lib_a-sprintf.o)
                              ./Core/Src/main.o (sprintf)
c:/st/stm32cubeide_1.7.0/stm32cubeide/plugins/com.st.stm32cube.ide.mcu.externaltools.gnu-tools-for-stm32.10.3-2021.10.win32_1.0.100.202210260954/tools/bin/../lib/gcc/arm-none-eabi/10.3.1/../../../../arm-none-eabi/lib/thumb/v7-m/nofp\libc_nano.a(lib_a-nano-svfprintf.o)
                              c:/st/stm32cubeide_1.7.0/stm32cubeide/plugins/com.st.stm32cube.ide.mcu.externaltools.gnu-tools-for-stm32.10.3-2021.10.win32_1.0.100.202210260954/tools/bin/../lib/gcc/arm-none-eabi/10.3.1/../../../../arm-none-eabi/lib/thumb/v7-m/nofp\libc_nano.a(lib_a-sprintf.o) (_svfprintf_r)
c:/st/stm32cubeide_1.7.0/stm32cubeide/plugins/com.st.stm32cube.ide.mcu.externaltools.gnu-tools-for-stm32.10.3-2021.10.win32_1.0.100.202210260954/tools/bin/../lib/gcc/arm-none-eabi/10.3.1/../../../../arm-none-eabi/lib/thumb/v7-m/nofp\libc_nano.a(lib_a-nano-vfprintf_i.o)
                              c:/st/stm32cubeide_1.7.0/stm32cubeide/plugins/com.st.stm32cube.ide.mcu.externaltools.gnu-tools-for-stm32.10.3-2021.10.win32_1.0.100.202210260954/tools/bin/../lib/gcc/arm-none-eabi/10.3.1/../../../../arm-none-eabi/lib/thumb/v7-m/nofp\libc_nano.a(lib_a-nano-svfprintf.o) (_printf_i)
c:/st/stm32cubeide_1.7.0/stm32cubeide/plugins/com.st.stm32cube.ide.mcu.externaltools.gnu-tools-for-stm32.10.3-2021.10.win32_1.0.100.202210260954/tools/bin/../lib/gcc/arm-none-eabi/10.3.1/../../../../arm-none-eabi/lib/thumb/v7-m/nofp\libc_nano.a(lib_a-memchr-stub.o)
                              c:/st/stm32cubeide_1.7.0/stm32cubeide/plugins/com.st.stm32cube.ide.mcu.externaltools.gnu-tools-for-stm32.10.3-2021.10.win32_1.0.100.202210260954/tools/bin/../lib/gcc/arm-none-eabi/10.3.1/../../../../arm-none-eabi/lib/thumb/v7-m/nofp\libc_nano.a(lib_a-nano-svfprintf.o) (memchr)
c:/st/stm32cubeide_1.7.0/stm32cubeide/plugins/com.st.stm32cube.ide.mcu.externaltools.gnu-tools-for-stm32.10.3-2021.10.win32_1.0.100.202210260954/tools/bin/../lib/gcc/arm-none-eabi/10.3.1/../../../../arm-none-eabi/lib/thumb/v7-m/nofp\libc_nano.a(lib_a-memcpy-stub.o)
[...]
Memory Configuration

Name             Origin             Length             Attributes
RAM              0x0000000020000000 0x0000000000005000 xrw
FLASH            0x0000000008000000 0x0000000000020000 xr
*default*        0x0000000000000000 0xffffffffffffffff

Linker script and memory map

LOAD c:/st/stm32cubeide_1.7.0/stm32cubeide/plugins/com.st.stm32cube.ide.mcu.externaltools.gnu-tools-for-stm32.10.3-2021.10.win32_1.0.100.202210260954/tools/bin/../lib/gcc/arm-none-eabi/10.3.1/thumb/v7-m/nofp/crti.o
LOAD c:/st/stm32cubeide_1.7.0/stm32cubeide/plugins/com.st.stm32cube.ide.mcu.externaltools.gnu-tools-for-stm32.10.3-2021.10.win32_1.0.100.202210260954/tools/bin/../lib/gcc/arm-none-eabi/10.3.1/thumb/v7-m/nofp/crtbegin.o
LOAD c:/st/stm32cubeide_1.7.0/stm32cubeide/plugins/com.st.stm32cube.ide.mcu.externaltools.gnu-tools-for-stm32.10.3-2021.10.win32_1.0.100.202210260954/tools/bin/../lib/gcc/arm-none-eabi/10.3.1/../../../../arm-none-eabi/lib/thumb/v7-m/nofp/crt0.o
LOAD ./Core/Src/TM1637.o
LOAD ./Core/Src/button.o
LOAD ./Core/Src/fsm_automatic_1.o
LOAD ./Core/Src/fsm_automatic_2.o
LOAD ./Core/Src/fsm_mode.o
LOAD ./Core/Src/fsm_mode_Led7Seg.o
LOAD ./Core/Src/global.o
LOAD ./Core/Src/input_reading.o
LOAD ./Core/Src/led_display.o
LOAD ./Core/Src/main.o
LOAD ./Core/Src/pedestrian.o
LOAD ./Core/Src/scheduler.o
LOAD ./Core/Src/software_timer.o
LOAD ./Core/Src/stm32f1xx_hal_msp.o
LOAD ./Core/Src/stm32f1xx_it.o
LOAD ./Core/Src/syscalls.o
LOAD ./Core/Src/sysmem.o
LOAD ./Core/Src/system_stm32f1xx.o
LOAD ./Core/Src/timer.o
LOAD ./Core/Startup/startup_stm32f103rbtx.o
LOAD ./Drivers/STM32F1xx_HAL_Driver/Src/stm32f1xx_hal.o
LOAD ./Drivers/STM32F1xx_HAL_Driver/Src/stm32f1xx_hal_cortex.o
LOAD ./Drivers/STM32F1xx_HAL_Driver/Src/stm32f1xx_hal_dma.o
LOAD ./Drivers/STM32F1xx_HAL_Driver/Src/stm32f1xx_hal_exti.o
LOAD ./Drivers/STM32F1xx_HAL_Driver/Src/stm32f1xx_hal_flash.o
LOAD ./Drivers/STM32F1xx_HAL_Driver/Src/stm32f1xx_hal_flash_ex.o
LOAD ./Drivers/STM32F1xx_HAL_Driver/Src/stm32f1xx_hal_gpio.o
LOAD ./Drivers/STM32F1xx_HAL_Driver/Src/stm32f1xx_hal_gpio_ex.o
LOAD ./Drivers/STM32F1xx_HAL_Driver/Src/stm32f1xx_hal_pwr.o
LOAD ./Drivers/STM32F1xx_HAL_Driver/Src/stm32f1xx_hal_rcc.o
LOAD ./Drivers/STM32F1xx_HAL_Driver/Src/stm32f1xx_hal_rcc_ex.o
LOAD ./Drivers/STM32F1xx_HAL_Driver/Src/stm32f1xx_hal_tim.o
LOAD ./Drivers/STM32F1xx_HAL_Driver/Src/stm32f1xx_hal_tim_ex.o
LOAD ./Drivers/STM32F1xx_HAL_Driver/Src/stm32f1xx_hal_uart.o
START GROUP
LOAD c:/st/stm32cubeide_1.7.0/stm32cubeide/plugins/com.st.stm32cube.ide.mcu.externaltools.gnu-tools-for-stm32.10.3-2021.10.win32_1.0.100.202210260954/tools/bin/../lib/gcc/arm-none-eabi/10.3.1/../../../../arm-none-eabi/lib/thumb/v7-m/nofp\libc_nano.a
LOAD c:/st/stm32cubeide_1.7.0/stm32cubeide/plugins/com.st.stm32cube.ide.mcu.externaltools.gnu-tools-for-stm32.10.3-2021.10.win32_1.0.100.202210260954/tools/bin/../lib/gcc/arm-none-eabi/10.3.1/../../../../arm-none-eabi/lib/thumb/v7-m/nofp\libm.a
END GROUP
START GROUP
LOAD c:/st/stm32cubeide_1.7.0/stm32cubeide/plugins/com.st.stm32cube.ide.mcu.externaltools.gnu-tools-for-stm32.10.3-2021.10.win32_1.0.100.202210260954/tools/bin/../lib/gcc/arm-none-eabi/10.3.1/thumb/v7-m/nofp\libgcc.a
LOAD c:/st/stm32cubeide_1.7.0/stm32cubeide/plugins/com.st.stm32cube.ide.mcu.externaltools.gnu-tools-for-stm32.10.3-2021.10.win32_1.0.100.202210260954/tools/bin/../lib/gcc/arm-none-eabi/10.3.1/../../../../arm-none-eabi/lib/thumb/v7-m/nofp\libc_nano.a
END GROUP
START GROUP
LOAD c:/st/stm32cubeide_1.7.0/stm32cubeide/plugins/com.st.stm32cube.ide.mcu.externaltools.gnu-tools-for-stm32.10.3-2021.10.win32_1.0.100.202210260954/tools/bin/../lib/gcc/arm-none-eabi/10.3.1/thumb/v7-m/nofp\libgcc.a
LOAD c:/st/stm32cubeide_1.7.0/stm32cubeide/plugins/com.st.stm32cube.ide.mcu.externaltools.gnu-tools-for-stm32.10.3-2021.10.win32_1.0.100.202210260954/tools/bin/../lib/gcc/arm-none-eabi/10.3.1/../../../../arm-none-eabi/lib/thumb/v7-m/nofp\libc_nano.a
LOAD c:/st/stm32cubeide_1.7.0/stm32cubeide/plugins/com.st.stm32cube.ide.mcu.externaltools.gnu-tools-for-stm32.10.3-2021.10.win32_1.0.100.202210260954/tools/bin/../lib/gcc/arm-none-eabi/10.3.1/../../../../arm-none-eabi/lib/thumb/v7-m/nofp\libnosys.a
END GROUP
START GROUP
LOAD c:/st/stm32cubeide_1.7.0/stm32cubeide/plugins/com.st.stm32cube.ide.mcu.externaltools.gnu-tools-for-stm32.10.3-2021.10.win32_1.0.100.202210260954/tools/bin/../lib/gcc/arm-none-eabi/10.3.1/thumb/v7-m/nofp\libgcc.a
LOAD c:/st/stm32cubeide_1.7.0/stm32cubeide/plugins/com.st.stm32cube.ide.mcu.externaltools.gnu-tools-for-stm32.10.3-2021.10.win32_1.0.100.202210260954/tools/bin/../lib/gcc/arm-none-eabi/10.3.1/../../../../arm-none-eabi/lib/thumb/v7-m/nofp\libc_nano.a
LOAD c:/st/stm32cubeide_1.7.0/stm32cubeide/plugins/com.st.stm32cube.ide.mcu.externaltools.gnu-tools-for-stm32.10.3-2021.10.win32_1.0.100.202210260954/tools/bin/../lib/gcc/arm-none-eabi/10.3.1/../../../../arm-none-eabi/lib/thumb/v7-m/nofp\libnosys.a
END GROUP
LOAD c:/st/stm32cubeide_1.7.0/stm32cubeide/plugins/com.st.stm32cube.ide.mcu.externaltools.gnu-tools-for-stm32.10.3-2021.10.win32_1.0.100.202210260954/tools/bin/../lib/gcc/arm-none-eabi/10.3.1/thumb/v7-m/nofp/crtend.o
LOAD c:/st/stm32cubeide_1.7.0/stm32cubeide/plugins/com.st.stm32cube.ide.mcu.externaltools.gnu-tools-for-stm32.10.3-2021.10.win32_1.0.100.202210260954/tools/bin/../lib/gcc/arm-none-eabi/10.3.1/thumb/v7-m/nofp/crtn.o
                0x0000000020005000                _estack = (ORIGIN (RAM) + LENGTH (RAM))
                0x0000000000000200                _Min_Heap_Size = 0x200
                0x0000000000000400                _Min_Stack_Size = 0x400

.isr_vector     0x0000000008000000      0x10c
                0x0000000008000000                . = ALIGN (0x4)
 *(.isr_vector)
 .isr_vector    0x0000000008000000      0x10c ./Core/Startup/startup_stm32f103rbtx.o
                0x0000000008000000                g_pfnVectors
                0x000000000800010c                . = ALIGN (0x4)

.text           0x000000000800010c     0x4fa4
                0x000000000800010c                . = ALIGN (0x4)
 *(.text)
 .text          0x000000000800010c       0x40 c:/st/stm32cubeide_1.7.0/stm32cubeide/plugins/com.st.stm32cube.ide.mcu.externaltools.gnu-tools-for-stm32.10.3-2021.10.win32_1.0.100.202210260954/tools/bin/../lib/gcc/arm-none-eabi/10.3.1/thumb/v7-m/nofp/crtbegin.o
 *(.text*)
 .text.fsm_automatic_1_run
                0x000000000800014c      0x178 ./Core/Src/fsm_automatic_1.o
                0x000000000800014c                fsm_automatic_1_run
 .text.fsm_automatic_2_run
                0x00000000080002c4      0x178 ./Core/Src/fsm_automatic_2.o
                0x00000000080002c4                fsm_automatic_2_run
 .text.fsm_mode_run
                0x000000000800043c      0x264 ./Core/Src/fsm_mode.o
                0x000000000800043c                fsm_mode_run
 .text.fsm_mode_led7seg
                0x00000000080006a0      0x20c ./Core/Src/fsm_mode_Led7Seg.o
                0x00000000080006a0                fsm_mode_led7seg
 .text.timeTimer
                0x00000000080008ac       0x1c ./Core/Src/global.o
                0x00000000080008ac                timeTimer
 .text.isButtonflag
                0x00000000080008c8       0x34 ./Core/Src/input_reading.o
                0x00000000080008c8                isButtonflag
 .text.is_button_pressed
                0x00000000080008fc       0x34 ./Core/Src/input_reading.o
                0x00000000080008fc                is_button_pressed
 .text.is_button_pressed_3s
                0x0000000008000930       0x34 ./Core/Src/input_reading.o
                0x0000000008000930                is_button_pressed_3s
 .text.fsm_for_input_processing
                0x0000000008000964      0x1bc ./Core/Src/input_reading.o
                0x0000000008000964                fsm_for_input_processing
 .text.button_reading
                0x0000000008000b20       0xf4 ./Core/Src/input_reading.o
                0x0000000008000b20                button_reading
 .text.BlinkyRedVer
                0x0000000008000c14       0x24 ./Core/Src/led_display.o
                0x0000000008000c14                BlinkyRedVer
 .text.BlinkyGreenVer
                0x0000000008000c38       0x24 ./Core/Src/led_display.o
                0x0000000008000c38                BlinkyGreenVer
 .text.BlinkyYellowVer
                0x0000000008000c5c       0x20 ./Core/Src/led_display.o
                0x0000000008000c5c                BlinkyYellowVer
 .text.BlinkyRedHor
                0x0000000008000c7c       0x24 ./Core/Src/led_display.o
                0x0000000008000c7c                BlinkyRedHor
 .text.BlinkyGreenHor
                0x0000000008000ca0       0x24 ./Core/Src/led_display.o
                0x0000000008000ca0                BlinkyGreenHor
 .text.BlinkyYellowHor
                0x0000000008000cc4       0x20 ./Core/Src/led_display.o
                0x0000000008000cc4                BlinkyYellowHor
 .text.SetOffVerHor
                0x0000000008000ce4       0x40 ./Core/Src/led_display.o
                0x0000000008000ce4                SetOffVerHor
 .text.SetOffVer
                0x0000000008000d24       0x24 ./Core/Src/led_display.o
                0x0000000008000d24                SetOffVer
 .text.SetPedesRed
                0x0000000008000d48       0x24 ./Core/Src/led_display.o
                0x0000000008000d48                SetPedesRed
 .text.SetPedesGreen
                0x0000000008000d6c       0x24 ./Core/Src/led_display.o
                0x0000000008000d6c                SetPedesGreen
 .text.SetPedesOff
                0x0000000008000d90       0x24 ./Core/Src/led_display.o
                0x0000000008000d90                SetPedesOff
 .text.SetRedVer
                0x0000000008000db4       0x24 ./Core/Src/led_display.o
                0x0000000008000db4                SetRedVer
 .text.SetGreenVer
                0x0000000008000dd8       0x24 ./Core/Src/led_display.o
                0x0000000008000dd8                SetGreenVer
 .text.SetYellowVer
                0x0000000008000dfc       0x24 ./Core/Src/led_display.o
                0x0000000008000dfc                SetYellowVer
 .text.SetOffHor
                0x0000000008000e20       0x24 ./Core/Src/led_display.o
                0x0000000008000e20                SetOffHor
 .text.SetRedHor
                0x0000000008000e44       0x24 ./Core/Src/led_display.o
                0x0000000008000e44                SetRedHor
 .text.SetGreenHor
                0x0000000008000e68       0x24 ./Core/Src/led_display.o
                0x0000000008000e68                SetGreenHor
 .text.SetYellowHor
                0x0000000008000e8c       0x24 ./Core/Src/led_display.o
                0x0000000008000e8c                SetYellowHor
 .text.Buzzer_On
                0x0000000008000eb0       0x88 ./Core/Src/main.o
                0x0000000008000eb0                Buzzer_On
 .text.Buzzer_Off
                0x0000000008000f38       0x24 ./Core/Src/main.o
                0x0000000008000f38                Buzzer_Off
 .text.Uart_transmit
                0x0000000008000f5c       0x3c ./Core/Src/main.o
                0x0000000008000f5c                Uart_transmit
 .text.main     0x0000000008000f98       0xe8 ./Core/Src/main.o
                0x0000000008000f98                main
 .text.SystemClock_Config
                0x0000000008001080       0x82 ./Core/Src/main.o
                0x0000000008001080                SystemClock_Config
 *fill*         0x0000000008001102        0x2 
 .text.MX_TIM2_Init
                0x0000000008001104       0x98 ./Core/Src/main.o
 .text.MX_TIM3_Init
                0x000000000800119c       0xec ./Core/Src/main.o
 .text.MX_USART2_UART_Init
                0x0000000008001288       0x54 ./Core/Src/main.o
 .text.MX_GPIO_Init
                0x00000000080012dc      0x158 ./Core/Src/main.o
 .text.Error_Handler
                0x0000000008001434        0xa ./Core/Src/main.o
                0x0000000008001434                Error_Handler
 *fill*         0x000000000800143e        0x2 
 .text.pedestrian_cramble
                0x0000000008001440      0x134 ./Core/Src/pedestrian.o
                0x0000000008001440                pedestrian_cramble
 .text.SCH_Init
                0x0000000008001574       0x18 ./Core/Src/scheduler.o
                0x0000000008001574                SCH_Init
 .text.SCH_Add_Task
                0x000000000800158c       0xc0 ./Core/Src/scheduler.o
                0x000000000800158c                SCH_Add_Task
 .text.SCH_Update
                0x000000000800164c       0xc0 ./Core/Src/scheduler.o
                0x000000000800164c                SCH_Update
 .text.SCH_Dispatch_Tasks
                0x000000000800170c       0xa0 ./Core/Src/scheduler.o
                0x000000000800170c                SCH_Dispatch_Tasks
 .text.SCH_Delete_Task
                0x00000000080017ac       0xe4 ./Core/Src/scheduler.o
                0x00000000080017ac                SCH_Delete_Task
 .text.clearTimer1
                0x0000000008001890       0x20 ./Core/Src/software_timer.o
                0x0000000008001890                clearTimer1
 .text.clearTimer2
                0x00000000080018b0       0x20 ./Core/Src/software_timer.o
                0x00000000080018b0                clearTimer2
 .text.clearTimer3
                0x00000000080018d0       0x20 ./Core/Src/software_timer.o
                0x00000000080018d0                clearTimer3
 .text.clearTimer6
                0x00000000080018f0       0x20 ./Core/Src/software_timer.o
                0x00000000080018f0                clearTimer6
 .text.setTimer1
                0x0000000008001910       0x34 ./Core/Src/software_timer.o
                0x0000000008001910                setTimer1
 .text.setTimer2
                0x0000000008001944       0x34 ./Core/Src/software_timer.o
                0x0000000008001944                setTimer2
 .text.setTimer3
                0x0000000008001978       0x34 ./Core/Src/software_timer.o
                0x0000000008001978                setTimer3
 .text.setTimer4
                0x00000000080019ac       0x34 ./Core/Src/software_timer.o
                0x00000000080019ac                setTimer4
 .text.setTimer5
                0x00000000080019e0       0x34 ./Core/Src/software_timer.o
                0x00000000080019e0                setTimer5
 .text.setTimer6
                0x0000000008001a14       0x34 ./Core/Src/software_timer.o
                0x0000000008001a14                setTimer6
 .text.timerRun
                0x0000000008001a48      0x124 ./Core/Src/software_timer.o
                0x0000000008001a48                timerRun
 .text.HAL_MspInit
                0x0000000008001b6c       0x64 ./Core/Src/stm32f1xx_hal_msp.o
                0x0000000008001b6c                HAL_MspInit
 .text.HAL_TIM_Base_MspInit
                0x0000000008001bd0       0x80 ./Core/Src/stm32f1xx_hal_msp.o
                0x0000000008001bd0                HAL_TIM_Base_MspInit
 .text.HAL_TIM_MspPostInit
                0x0000000008001c50       0x64 ./Core/Src/stm32f1xx_hal_msp.o
                0x0000000008001c50                HAL_TIM_MspPostInit
 .text.HAL_UART_MspInit
                0x0000000008001cb4       0xa4 ./Core/Src/stm32f1xx_hal_msp.o
                0x0000000008001cb4                HAL_UART_MspInit
 .text.NMI_Handler
                0x0000000008001d58        0x6 ./Core/Src/stm32f1xx_it.o
                0x0000000008001d58                NMI_Handler
 .text.HardFault_Handler
                0x0000000008001d5e        0x6 ./Core/Src/stm32f1xx_it.o
                0x0000000008001d5e                HardFault_Handler
 .text.MemManage_Handler
                0x0000000008001d64        0x6 ./Core/Src/stm32f1xx_it.o
                0x0000000008001d64                MemManage_Handler
 .text.BusFault_Handler
                0x0000000008001d6a        0x6 ./Core/Src/stm32f1xx_it.o
                0x0000000008001d6a                BusFault_Handler
 .text.UsageFault_Handler
                0x0000000008001d70        0x6 ./Core/Src/stm32f1xx_it.o
                0x0000000008001d70                UsageFault_Handler
 .text.SVC_Handler
                0x0000000008001d76        0xc ./Core/Src/stm32f1xx_it.o
                0x0000000008001d76                SVC_Handler
 .text.DebugMon_Handler
                0x0000000008001d82        0xc ./Core/Src/stm32f1xx_it.o
                0x0000000008001d82                DebugMon_Handler
 .text.PendSV_Handler
                0x0000000008001d8e        0xc ./Core/Src/stm32f1xx_it.o
                0x0000000008001d8e                PendSV_Handler
 .text.SysTick_Handler
                0x0000000008001d9a        0xc ./Core/Src/stm32f1xx_it.o
                0x0000000008001d9a                SysTick_Handler
 *fill*         0x0000000008001da6        0x2 
 .text.TIM2_IRQHandler
                0x0000000008001da8       0x14 ./Core/Src/stm32f1xx_it.o
                0x0000000008001da8                TIM2_IRQHandler
 .text.TIM3_IRQHandler
                0x0000000008001dbc       0x14 ./Core/Src/stm32f1xx_it.o
                0x0000000008001dbc                TIM3_IRQHandler
 .text.USART2_IRQHandler
                0x0000000008001dd0       0x14 ./Core/Src/stm32f1xx_it.o
                0x0000000008001dd0                USART2_IRQHandler
 .text._sbrk    0x0000000008001de4       0x6c ./Core/Src/sysmem.o
                0x0000000008001de4                _sbrk
 .text.SystemInit
                0x0000000008001e50        0xc ./Core/Src/system_stm32f1xx.o
                0x0000000008001e50                SystemInit
 .text.HAL_TIM_PeriodElapsedCallback
                0x0000000008001e5c       0x1e ./Core/Src/timer.o
                0x0000000008001e5c                HAL_TIM_PeriodElapsedCallback
 *fill*         0x0000000008001e7a        0x2 
 .text.Reset_Handler
                0x0000000008001e7c       0x48 ./Core/Startup/startup_stm32f103rbtx.o
                0x0000000008001e7c                Reset_Handler
 .text.Default_Handler
                0x0000000008001ec4        0x2 ./Core/Startup/startup_stm32f103rbtx.o
                0x0000000008001ec4                RTC_Alarm_IRQHandler
                0x0000000008001ec4                EXTI2_IRQHandler
                0x0000000008001ec4                TIM1_CC_IRQHandler
                0x0000000008001ec4                PVD_IRQHandler
                0x0000000008001ec4                EXTI3_IRQHandler
                0x0000000008001ec4                EXTI0_IRQHandler
                0x0000000008001ec4                I2C2_EV_IRQHandler
                0x0000000008001ec4                ADC1_2_IRQHandler
                0x0000000008001ec4                SPI1_IRQHandler
                0x0000000008001ec4                TAMPER_IRQHandler
                0x0000000008001ec4                DMA1_Channel4_IRQHandler
                0x0000000008001ec4                USART3_IRQHandler
                0x0000000008001ec4                RTC_IRQHandler
                0x0000000008001ec4                DMA1_Channel7_IRQHandler
                0x0000000008001ec4                CAN1_RX1_IRQHandler
                0x0000000008001ec4                TIM4_IRQHandler
                0x0000000008001ec4                I2C1_EV_IRQHandler
                0x0000000008001ec4                DMA1_Channel6_IRQHandler
                0x0000000008001ec4                RCC_IRQHandler
                0x0000000008001ec4                TIM1_TRG_COM_IRQHandler
                0x0000000008001ec4                DMA1_Channel1_IRQHandler
                0x0000000008001ec4                Default_Handler
                0x0000000008001ec4                EXTI15_10_IRQHandler
                0x0000000008001ec4                EXTI9_5_IRQHandler
                0x0000000008001ec4                SPI2_IRQHandler
                0x0000000008001ec4                DMA1_Channel5_IRQHandler
                0x0000000008001ec4                EXTI4_IRQHandler
                0x0000000008001ec4                USB_LP_CAN1_RX0_IRQHandler
                0x0000000008001ec4                USB_HP_CAN1_TX_IRQHandler
                0x0000000008001ec4                DMA1_Channel3_IRQHandler
                0x0000000008001ec4                TIM1_UP_IRQHandler
                0x0000000008001ec4                WWDG_IRQHandler
                0x0000000008001ec4                TIM1_BRK_IRQHandler
                0x0000000008001ec4                EXTI1_IRQHandler
                0x0000000008001ec4                I2C2_ER_IRQHandler
                0x0000000008001ec4                DMA1_Channel2_IRQHandler
                0x0000000008001ec4                CAN1_SCE_IRQHandler
                0x0000000008001ec4                FLASH_IRQHandler
                0x0000000008001ec4                USART1_IRQHandler
                0x0000000008001ec4                I2C1_ER_IRQHandler
                0x0000000008001ec4                USBWakeUp_IRQHandler
 *fill*         0x0000000008001ec6        0x2 
 .text.HAL_Init
                0x0000000008001ec8       0x2c ./Drivers/STM32F1xx_HAL_Driver/Src/stm32f1xx_hal.o
                0x0000000008001ec8                HAL_Init
 .text.HAL_InitTick
                0x0000000008001ef4       0x60 ./Drivers/STM32F1xx_HAL_Driver/Src/stm32f1xx_hal.o
                0x0000000008001ef4                HAL_InitTick
 .text.HAL_IncTick
                0x0000000008001f54       0x24 ./Drivers/STM32F1xx_HAL_Driver/Src/stm32f1xx_hal.o
                0x0000000008001f54                HAL_IncTick
 .text.HAL_GetTick
                0x0000000008001f78       0x14 ./Drivers/STM32F1xx_HAL_Driver/Src/stm32f1xx_hal.o
                0x0000000008001f78                HAL_GetTick
 .text.__NVIC_SetPriorityGrouping
                0x0000000008001f8c       0x48 ./Drivers/STM32F1xx_HAL_Driver/Src/stm32f1xx_hal_cortex.o
 .text.__NVIC_GetPriorityGrouping
                0x0000000008001fd4       0x1c ./Drivers/STM32F1xx_HAL_Driver/Src/stm32f1xx_hal_cortex.o
 .text.__NVIC_EnableIRQ
                0x0000000008001ff0       0x38 ./Drivers/STM32F1xx_HAL_Driver/Src/stm32f1xx_hal_cortex.o
 .text.__NVIC_SetPriority
                0x0000000008002028       0x54 ./Drivers/STM32F1xx_HAL_Driver/Src/stm32f1xx_hal_cortex.o
 .text.NVIC_EncodePriority
                0x000000000800207c       0x64 ./Drivers/STM32F1xx_HAL_Driver/Src/stm32f1xx_hal_cortex.o
 .text.SysTick_Config
                0x00000000080020e0       0x44 ./Drivers/STM32F1xx_HAL_Driver/Src/stm32f1xx_hal_cortex.o
 .text.HAL_NVIC_SetPriorityGrouping
                0x0000000008002124       0x16 ./Drivers/STM32F1xx_HAL_Driver/Src/stm32f1xx_hal_cortex.o
                0x0000000008002124                HAL_NVIC_SetPriorityGrouping
 .text.HAL_NVIC_SetPriority
                0x000000000800213a       0x38 ./Drivers/STM32F1xx_HAL_Driver/Src/stm32f1xx_hal_cortex.o
                0x000000000800213a                HAL_NVIC_SetPriority
 .text.HAL_NVIC_EnableIRQ
                0x0000000008002172       0x1c ./Drivers/STM32F1xx_HAL_Driver/Src/stm32f1xx_hal_cortex.o
                0x0000000008002172                HAL_NVIC_EnableIRQ
 .text.HAL_SYSTICK_Config
                0x000000000800218e       0x18 ./Drivers/STM32F1xx_HAL_Driver/Src/stm32f1xx_hal_cortex.o
                0x000000000800218e                HAL_SYSTICK_Config
 .text.HAL_DMA_Abort
                0x00000000080021a6       0x74 ./Drivers/STM32F1xx_HAL_Driver/Src/stm32f1xx_hal_dma.o
                0x00000000080021a6                HAL_DMA_Abort
 *fill*         0x000000000800221a        0x2 
 .text.HAL_DMA_Abort_IT
                0x000000000800221c       0xec ./Drivers/STM32F1xx_HAL_Driver/Src/stm32f1xx_hal_dma.o
                0x000000000800221c                HAL_DMA_Abort_IT
 .text.HAL_GPIO_Init
                0x0000000008002308      0x308 ./Drivers/STM32F1xx_HAL_Driver/Src/stm32f1xx_hal_gpio.o
                0x0000000008002308                HAL_GPIO_Init
 .text.HAL_GPIO_ReadPin
                0x0000000008002610       0x2e ./Drivers/STM32F1xx_HAL_Driver/Src/stm32f1xx_hal_gpio.o
                0x0000000008002610                HAL_GPIO_ReadPin
 .text.HAL_GPIO_WritePin
                0x000000000800263e       0x30 ./Drivers/STM32F1xx_HAL_Driver/Src/stm32f1xx_hal_gpio.o
                0x000000000800263e                HAL_GPIO_WritePin
 .text.HAL_GPIO_TogglePin
                0x000000000800266e       0x32 ./Drivers/STM32F1xx_HAL_Driver/Src/stm32f1xx_hal_gpio.o
                0x000000000800266e                HAL_GPIO_TogglePin
 .text.HAL_RCC_OscConfig
                0x00000000080026a0      0x504 ./Drivers/STM32F1xx_HAL_Driver/Src/stm32f1xx_hal_rcc.o
                0x00000000080026a0                HAL_RCC_OscConfig
 .text.HAL_RCC_ClockConfig
                0x0000000008002ba4      0x1d4 ./Drivers/STM32F1xx_HAL_Driver/Src/stm32f1xx_hal_rcc.o
                0x0000000008002ba4                HAL_RCC_ClockConfig
 .text.HAL_RCC_GetSysClockFreq
                0x0000000008002d78       0xbc ./Drivers/STM32F1xx_HAL_Driver/Src/stm32f1xx_hal_rcc.o
                0x0000000008002d78                HAL_RCC_GetSysClockFreq
 .text.HAL_RCC_GetHCLKFreq
                0x0000000008002e34       0x14 ./Drivers/STM32F1xx_HAL_Driver/Src/stm32f1xx_hal_rcc.o
                0x0000000008002e34                HAL_RCC_GetHCLKFreq
 .text.HAL_RCC_GetPCLK1Freq
                0x0000000008002e48       0x28 ./Drivers/STM32F1xx_HAL_Driver/Src/stm32f1xx_hal_rcc.o
                0x0000000008002e48                HAL_RCC_GetPCLK1Freq
 .text.HAL_RCC_GetPCLK2Freq
                0x0000000008002e70       0x28 ./Drivers/STM32F1xx_HAL_Driver/Src/stm32f1xx_hal_rcc.o
                0x0000000008002e70                HAL_RCC_GetPCLK2Freq
 .text.RCC_Delay
                0x0000000008002e98       0x3c ./Drivers/STM32F1xx_HAL_Driver/Src/stm32f1xx_hal_rcc.o
 .text.HAL_TIM_Base_Init
                0x0000000008002ed4       0x9e ./Drivers/STM32F1xx_HAL_Driver/Src/stm32f1xx_hal_tim.o
                0x0000000008002ed4                HAL_TIM_Base_Init
 *fill*         0x0000000008002f72        0x2 
 .text.HAL_TIM_Base_Start_IT
                0x0000000008002f74       0xa4 ./Drivers/STM32F1xx_HAL_Driver/Src/stm32f1xx_hal_tim.o
                0x0000000008002f74                HAL_TIM_Base_Start_IT
 .text.HAL_TIM_PWM_Init
                0x0000000008003018       0x9e ./Drivers/STM32F1xx_HAL_Driver/Src/stm32f1xx_hal_tim.o
                0x0000000008003018                HAL_TIM_PWM_Init
 .text.HAL_TIM_PWM_MspInit
                0x00000000080030b6       0x12 ./Drivers/STM32F1xx_HAL_Driver/Src/stm32f1xx_hal_tim.o
                0x00000000080030b6                HAL_TIM_PWM_MspInit
 .text.HAL_TIM_PWM_Start
                0x00000000080030c8      0x144 ./Drivers/STM32F1xx_HAL_Driver/Src/stm32f1xx_hal_tim.o
                0x00000000080030c8                HAL_TIM_PWM_Start
 .text.HAL_TIM_IRQHandler
                0x000000000800320c      0x210 ./Drivers/STM32F1xx_HAL_Driver/Src/stm32f1xx_hal_tim.o
                0x000000000800320c                HAL_TIM_IRQHandler
 .text.HAL_TIM_PWM_ConfigChannel
                0x000000000800341c      0x17c ./Drivers/STM32F1xx_HAL_Driver/Src/stm32f1xx_hal_tim.o
                0x000000000800341c                HAL_TIM_PWM_ConfigChannel
 .text.HAL_TIM_ConfigClockSource
                0x0000000008003598      0x188 ./Drivers/STM32F1xx_HAL_Driver/Src/stm32f1xx_hal_tim.o
                0x0000000008003598                HAL_TIM_ConfigClockSource
 .text.HAL_TIM_OC_DelayElapsedCallback
                0x0000000008003720       0x12 ./Drivers/STM32F1xx_HAL_Driver/Src/stm32f1xx_hal_tim.o
                0x0000000008003720                HAL_TIM_OC_DelayElapsedCallback
 .text.HAL_TIM_IC_CaptureCallback
                0x0000000008003732       0x12 ./Drivers/STM32F1xx_HAL_Driver/Src/stm32f1xx_hal_tim.o
                0x0000000008003732                HAL_TIM_IC_CaptureCallback
 .text.HAL_TIM_PWM_PulseFinishedCallback
                0x0000000008003744       0x12 ./Drivers/STM32F1xx_HAL_Driver/Src/stm32f1xx_hal_tim.o
                0x0000000008003744                HAL_TIM_PWM_PulseFinishedCallback
 .text.HAL_TIM_TriggerCallback
                0x0000000008003756       0x12 ./Drivers/STM32F1xx_HAL_Driver/Src/stm32f1xx_hal_tim.o
                0x0000000008003756                HAL_TIM_TriggerCallback
 .text.TIM_Base_SetConfig
                0x0000000008003768       0xc4 ./Drivers/STM32F1xx_HAL_Driver/Src/stm32f1xx_hal_tim.o
                0x0000000008003768                TIM_Base_SetConfig
 .text.TIM_OC1_SetConfig
                0x000000000800382c       0xcc ./Drivers/STM32F1xx_HAL_Driver/Src/stm32f1xx_hal_tim.o
 .text.TIM_OC2_SetConfig
                0x00000000080038f8       0xd4 ./Drivers/STM32F1xx_HAL_Driver/Src/stm32f1xx_hal_tim.o
                0x00000000080038f8                TIM_OC2_SetConfig
 .text.TIM_OC3_SetConfig
                0x00000000080039cc       0xd4 ./Drivers/STM32F1xx_HAL_Driver/Src/stm32f1xx_hal_tim.o
 .text.TIM_OC4_SetConfig
                0x0000000008003aa0       0x9c ./Drivers/STM32F1xx_HAL_Driver/Src/stm32f1xx_hal_tim.o
 .text.TIM_TI1_ConfigInputStage
                0x0000000008003b3c       0x5c ./Drivers/STM32F1xx_HAL_Driver/Src/stm32f1xx_hal_tim.o
 .text.TIM_TI2_ConfigInputStage
                0x0000000008003b98       0x5e ./Drivers/STM32F1xx_HAL_Driver/Src/stm32f1xx_hal_tim.o
 .text.TIM_ITRx_SetConfig
                0x0000000008003bf6       0x34 ./Drivers/STM32F1xx_HAL_Driver/Src/stm32f1xx_hal_tim.o
 .text.TIM_ETR_SetConfig
                0x0000000008003c2a       0x3e ./Drivers/STM32F1xx_HAL_Driver/Src/stm32f1xx_hal_tim.o
                0x0000000008003c2a                TIM_ETR_SetConfig
 .text.TIM_CCxChannelCmd
                0x0000000008003c68       0x48 ./Drivers/STM32F1xx_HAL_Driver/Src/stm32f1xx_hal_tim.o
                0x0000000008003c68                TIM_CCxChannelCmd
 .text.HAL_TIMEx_MasterConfigSynchronization
                0x0000000008003cb0       0xbc ./Drivers/STM32F1xx_HAL_Driver/Src/stm32f1xx_hal_tim_ex.o
                0x0000000008003cb0                HAL_TIMEx_MasterConfigSynchronization
 .text.HAL_TIMEx_CommutCallback
                0x0000000008003d6c       0x12 ./Drivers/STM32F1xx_HAL_Driver/Src/stm32f1xx_hal_tim_ex.o
                0x0000000008003d6c                HAL_TIMEx_CommutCallback
 .text.HAL_TIMEx_BreakCallback
                0x0000000008003d7e       0x12 ./Drivers/STM32F1xx_HAL_Driver/Src/stm32f1xx_hal_tim_ex.o
                0x0000000008003d7e                HAL_TIMEx_BreakCallback
 .text.HAL_UART_Init
                0x0000000008003d90       0x9a ./Drivers/STM32F1xx_HAL_Driver/Src/stm32f1xx_hal_uart.o
                0x0000000008003d90                HAL_UART_Init
 .text.HAL_UART_Transmit
                0x0000000008003e2a      0x124 ./Drivers/STM32F1xx_HAL_Driver/Src/stm32f1xx_hal_uart.o
                0x0000000008003e2a                HAL_UART_Transmit
 *fill*         0x0000000008003f4e        0x2 
 .text.HAL_UART_IRQHandler
                0x0000000008003f50      0x354 ./Drivers/STM32F1xx_HAL_Driver/Src/stm32f1xx_hal_uart.o
                0x0000000008003f50                HAL_UART_IRQHandler
 .text.HAL_UART_TxCpltCallback
                0x00000000080042a4       0x12 ./Drivers/STM32F1xx_HAL_Driver/Src/stm32f1xx_hal_uart.o
                0x00000000080042a4                HAL_UART_TxCpltCallback
 .text.HAL_UART_RxCpltCallback
                0x00000000080042b6       0x12 ./Drivers/STM32F1xx_HAL_Driver/Src/stm32f1xx_hal_uart.o
                0x00000000080042b6                HAL_UART_RxCpltCallback
 .text.HAL_UART_ErrorCallback
                0x00000000080042c8       0x12 ./Drivers/STM32F1xx_HAL_Driver/Src/stm32f1xx_hal_uart.o
                0x00000000080042c8                HAL_UART_ErrorCallback
 .text.HAL_UARTEx_RxEventCallback
                0x00000000080042da       0x16 ./Drivers/STM32F1xx_HAL_Driver/Src/stm32f1xx_hal_uart.o
                0x00000000080042da                HAL_UARTEx_RxEventCallback
 .text.UART_WaitOnFlagUntilTimeout
                0x00000000080042f0       0x94 ./Drivers/STM32F1xx_HAL_Driver/Src/stm32f1xx_hal_uart.o
 .text.UART_EndRxTransfer
                0x0000000008004384       0x58 ./Drivers/STM32F1xx_HAL_Driver/Src/stm32f1xx_hal_uart.o
 .text.UART_DMAAbortOnError
                0x00000000080043dc       0x28 ./Drivers/STM32F1xx_HAL_Driver/Src/stm32f1xx_hal_uart.o
 .text.UART_Transmit_IT
                0x0000000008004404       0x9e ./Drivers/STM32F1xx_HAL_Driver/Src/stm32f1xx_hal_uart.o
 .text.UART_EndTransmit_IT
                0x00000000080044a2       0x30 ./Drivers/STM32F1xx_HAL_Driver/Src/stm32f1xx_hal_uart.o
 .text.UART_Receive_IT
                0x00000000080044d2      0x152 ./Drivers/STM32F1xx_HAL_Driver/Src/stm32f1xx_hal_uart.o
 .text.UART_SetConfig
                0x0000000008004624      0x11c ./Drivers/STM32F1xx_HAL_Driver/Src/stm32f1xx_hal_uart.o
 .text.__errno  0x0000000008004740        0xc c:/st/stm32cubeide_1.7.0/stm32cubeide/plugins/com.st.stm32cube.ide.mcu.externaltools.gnu-tools-for-stm32.10.3-2021.10.win32_1.0.100.202210260954/tools/bin/../lib/gcc/arm-none-eabi/10.3.1/../../../../arm-none-eabi/lib/thumb/v7-m/nofp\libc_nano.a(lib_a-errno.o)
                0x0000000008004740                __errno
 .text.__libc_init_array
                0x000000000800474c       0x48 c:/st/stm32cubeide_1.7.0/stm32cubeide/plugins/com.st.stm32cube.ide.mcu.externaltools.gnu-tools-for-stm32.10.3-2021.10.win32_1.0.100.202210260954/tools/bin/../lib/gcc/arm-none-eabi/10.3.1/../../../../arm-none-eabi/lib/thumb/v7-m/nofp\libc_nano.a(lib_a-init.o)
                0x000000000800474c                __libc_init_array
 .text.memset   0x0000000008004794       0x10 c:/st/stm32cubeide_1.7.0/stm32cubeide/plugins/com.st.stm32cube.ide.mcu.externaltools.gnu-tools-for-stm32.10.3-2021.10.win32_1.0.100.202210260954/tools/bin/../lib/gcc/arm-none-eabi/10.3.1/../../../../arm-none-eabi/lib/thumb/v7-m/nofp\libc_nano.a(lib_a-memset.o)
                0x0000000008004794                memset
 .text.sprintf  0x00000000080047a4       0x40 c:/st/stm32cubeide_1.7.0/stm32cubeide/plugins/com.st.stm32cube.ide.mcu.externaltools.gnu-tools-for-stm32.10.3-2021.10.win32_1.0.100.202210260954/tools/bin/../lib/gcc/arm-none-eabi/10.3.1/../../../../arm-none-eabi/lib/thumb/v7-m/nofp\libc_nano.a(lib_a-sprintf.o)
                0x00000000080047a4                siprintf
                0x00000000080047a4                sprintf
 .text.__ssputs_r
                0x00000000080047e4       0xb6 c:/st/stm32cubeide_1.7.0/stm32cubeide/plugins/com.st.stm32cube.ide.mcu.externaltools.gnu-tools-for-stm32.10.3-2021.10.win32_1.0.100.202210260954/tools/bin/../lib/gcc/arm-none-eabi/10.3.1/../../../../arm-none-eabi/lib/thumb/v7-m/nofp\libc_nano.a(lib_a-nano-svfprintf.o)
                0x00000000080047e4                __ssputs_r
 *fill*         0x000000000800489a        0x2 
 .text._svfprintf_r
                0x000000000800489c      0x200 c:/st/stm32cubeide_1.7.0/stm32cubeide/plugins/com.st.stm32cube.ide.mcu.externaltools.gnu-tools-for-stm32.10.3-2021.10.win32_1.0.100.202210260954/tools/bin/../lib/gcc/arm-none-eabi/10.3.1/../../../../arm-none-eabi/lib/thumb/v7-m/nofp\libc_nano.a(lib_a-nano-svfprintf.o)
                0x000000000800489c                _svfiprintf_r
                0x000000000800489c                _svfprintf_r
 .text._printf_common
                0x0000000008004a9c       0xde c:/st/stm32cubeide_1.7.0/stm32cubeide/plugins/com.st.stm32cube.ide.mcu.externaltools.gnu-tools-for-stm32.10.3-2021.10.win32_1.0.100.202210260954/tools/bin/../lib/gcc/arm-none-eabi/10.3.1/../../../../arm-none-eabi/lib/thumb/v7-m/nofp\libc_nano.a(lib_a-nano-vfprintf_i.o)
                0x0000000008004a9c                _printf_common
 *fill*         0x0000000008004b7a        0x2 
 .text._printf_i
                0x0000000008004b7c      0x24c c:/st/stm32cubeide_1.7.0/stm32cubeide/plugins/com.st.stm32cube.ide.mcu.externaltools.gnu-tools-for-stm32.10.3-2021.10.win32_1.0.100.202210260954/tools/bin/../lib/gcc/arm-none-eabi/10.3.1/../../../../arm-none-eabi/lib/thumb/v7-m/nofp\libc_nano.a(lib_a-nano-vfprintf_i.o)
                0x0000000008004b7c                _printf_i
 .text.memchr   0x0000000008004dc8       0x1c c:/st/stm32cubeide_1.7.0/stm32cubeide/plugins/com.st.stm32cube.ide.mcu.externaltools.gnu-tools-for-stm32.10.3-2021.10.win32_1.0.100.202210260954/tools/bin/../lib/gcc/arm-none-eabi/10.3.1/../../../../arm-none-eabi/lib/thumb/v7-m/nofp\libc_nano.a(lib_a-memchr-stub.o)
                0x0000000008004dc8                memchr
 .text.memcpy   0x0000000008004de4       0x1c c:/st/stm32cubeide_1.7.0/stm32cubeide/plugins/com.st.stm32cube.ide.mcu.externaltools.gnu-tools-for-stm32.10.3-2021.10.win32_1.0.100.202210260954/tools/bin/../lib/gcc/arm-none-eabi/10.3.1/../../../../arm-none-eabi/lib/thumb/v7-m/nofp\libc_nano.a(lib_a-memcpy-stub.o)
                0x0000000008004de4                memcpy
 .text.memmove  0x0000000008004e00       0x34 c:/st/stm32cubeide_1.7.0/stm32cubeide/plugins/com.st.stm32cube.ide.mcu.externaltools.gnu-tools-for-stm32.10.3-2021.10.win32_1.0.100.202210260954/tools/bin/../lib/gcc/arm-none-eabi/10.3.1/../../../../arm-none-eabi/lib/thumb/v7-m/nofp\libc_nano.a(lib_a-memmove.o)
                0x0000000008004e00                memmove
 .text._free_r  0x0000000008004e34       0x90 c:/st/stm32cubeide_1.7.0/stm32cubeide/plugins/com.st.stm32cube.ide.mcu.externaltools.gnu-tools-for-stm32.10.3-2021.10.win32_1.0.100.202210260954/tools/bin/../lib/gcc/arm-none-eabi/10.3.1/../../../../arm-none-eabi/lib/thumb/v7-m/nofp\libc_nano.a(lib_a-nano-freer.o)
                0x0000000008004e34                _free_r
 .text.sbrk_aligned
                0x0000000008004ec4       0x40 c:/st/stm32cubeide_1.7.0/stm32cubeide/plugins/com.st.stm32cube.ide.mcu.externaltools.gnu-tools-for-stm32.10.3-2021.10.win32_1.0.100.202210260954/tools/bin/../lib/gcc/arm-none-eabi/10.3.1/../../../../arm-none-eabi/lib/thumb/v7-m/nofp\libc_nano.a(lib_a-nano-mallocr.o)
 .text._malloc_r
                0x0000000008004f04       0xe8 c:/st/stm32cubeide_1.7.0/stm32cubeide/plugins/com.st.stm32cube.ide.mcu.externaltools.gnu-tools-for-stm32.10.3-2021.10.win32_1.0.100.202210260954/tools/bin/../lib/gcc/arm-none-eabi/10.3.1/../../../../arm-none-eabi/lib/thumb/v7-m/nofp\libc_nano.a(lib_a-nano-mallocr.o)
                0x0000000008004f04                _malloc_r
 .text._realloc_r
                0x0000000008004fec       0x5e c:/st/stm32cubeide_1.7.0/stm32cubeide/plugins/com.st.stm32cube.ide.mcu.externaltools.gnu-tools-for-stm32.10.3-2021.10.win32_1.0.100.202210260954/tools/bin/../lib/gcc/arm-none-eabi/10.3.1/../../../../arm-none-eabi/lib/thumb/v7-m/nofp\libc_nano.a(lib_a-nano-reallocr.o)
                0x0000000008004fec                _realloc_r
 *fill*         0x000000000800504a        0x2 
 .text._sbrk_r  0x000000000800504c       0x20 c:/st/stm32cubeide_1.7.0/stm32cubeide/plugins/com.st.stm32cube.ide.mcu.externaltools.gnu-tools-for-stm32.10.3-2021.10.win32_1.0.100.202210260954/tools/bin/../lib/gcc/arm-none-eabi/10.3.1/../../../../arm-none-eabi/lib/thumb/v7-m/nofp\libc_nano.a(lib_a-sbrkr.o)
                0x000000000800504c                _sbrk_r
 .text.__malloc_lock
                0x000000000800506c        0xc c:/st/stm32cubeide_1.7.0/stm32cubeide/plugins/com.st.stm32cube.ide.mcu.externaltools.gnu-tools-for-stm32.10.3-2021.10.win32_1.0.100.202210260954/tools/bin/../lib/gcc/arm-none-eabi/10.3.1/../../../../arm-none-eabi/lib/thumb/v7-m/nofp\libc_nano.a(lib_a-mlock.o)
                0x000000000800506c                __malloc_lock
 .text.__malloc_unlock
                0x0000000008005078        0xc c:/st/stm32cubeide_1.7.0/stm32cubeide/plugins/com.st.stm32cube.ide.mcu.externaltools.gnu-tools-for-stm32.10.3-2021.10.win32_1.0.100.202210260954/tools/bin/../lib/gcc/arm-none-eabi/10.3.1/../../../../arm-none-eabi/lib/thumb/v7-m/nofp\libc_nano.a(lib_a-mlock.o)
                0x0000000008005078                __malloc_unlock
 .text._malloc_usable_size_r
                0x0000000008005084       0x10 c:/st/stm32cubeide_1.7.0/stm32cubeide/plugins/com.st.stm32cube.ide.mcu.externaltools.gnu-tools-for-stm32.10.3-2021.10.win32_1.0.100.202210260954/tools/bin/../lib/gcc/arm-none-eabi/10.3.1/../../../../arm-none-eabi/lib/thumb/v7-m/nofp\libc_nano.a(lib_a-nano-msizer.o)
                0x0000000008005084                _malloc_usable_size_r
 .text.__retarget_lock_acquire_recursive
                0x0000000008005094        0x2 c:/st/stm32cubeide_1.7.0/stm32cubeide/plugins/com.st.stm32cube.ide.mcu.externaltools.gnu-tools-for-stm32.10.3-2021.10.win32_1.0.100.202210260954/tools/bin/../lib/gcc/arm-none-eabi/10.3.1/../../../../arm-none-eabi/lib/thumb/v7-m/nofp\libc_nano.a(lib_a-lock.o)
                0x0000000008005094                __retarget_lock_acquire_recursive
 .text.__retarget_lock_release_recursive
                0x0000000008005096        0x2 c:/st/stm32cubeide_1.7.0/stm32cubeide/plugins/com.st.stm32cube.ide.mcu.externaltools.gnu-tools-for-stm32.10.3-2021.10.win32_1.0.100.202210260954/tools/bin/../lib/gcc/arm-none-eabi/10.3.1/../../../../arm-none-eabi/lib/thumb/v7-m/nofp\libc_nano.a(lib_a-lock.o)
                0x0000000008005096                __retarget_lock_release_recursive
 *(.glue_7)
 .glue_7        0x0000000008005098        0x0 linker stubs
 *(.glue_7t)
 .glue_7t       0x0000000008005098        0x0 linker stubs
 *(.eh_frame)
 .eh_frame      0x0000000008005098        0x0 c:/st/stm32cubeide_1.7.0/stm32cubeide/plugins/com.st.stm32cube.ide.mcu.externaltools.gnu-tools-for-stm32.10.3-2021.10.win32_1.0.100.202210260954/tools/bin/../lib/gcc/arm-none-eabi/10.3.1/thumb/v7-m/nofp/crtbegin.o
 *(.init)
 .init          0x0000000008005098        0x4 c:/st/stm32cubeide_1.7.0/stm32cubeide/plugins/com.st.stm32cube.ide.mcu.externaltools.gnu-tools-for-stm32.10.3-2021.10.win32_1.0.100.202210260954/tools/bin/../lib/gcc/arm-none-eabi/10.3.1/thumb/v7-m/nofp/crti.o
                0x0000000008005098                _init
 .init          0x000000000800509c        0x8 c:/st/stm32cubeide_1.7.0/stm32cubeide/plugins/com.st.stm32cube.ide.mcu.externaltools.gnu-tools-for-stm32.10.3-2021.10.win32_1.0.100.202210260954/tools/bin/../lib/gcc/arm-none-eabi/10.3.1/thumb/v7-m/nofp/crtn.o
 *(.fini)
 .fini          0x00000000080050a4        0x4 c:/st/stm32cubeide_1.7.0/stm32cubeide/plugins/com.st.stm32cube.ide.mcu.externaltools.gnu-tools-for-stm32.10.3-2021.10.win32_1.0.100.202210260954/tools/bin/../lib/gcc/arm-none-eabi/10.3.1/thumb/v7-m/nofp/crti.o
                0x00000000080050a4                _fini
 .fini          0x00000000080050a8        0x8 c:/st/stm32cubeide_1.7.0/stm32cubeide/plugins/com.st.stm32cube.ide.mcu.externaltools.gnu-tools-for-stm32.10.3-2021.10.win32_1.0.100.202210260954/tools/bin/../lib/gcc/arm-none-eabi/10.3.1/thumb/v7-m/nofp/crtn.o
                0x00000000080050b0                . = ALIGN (0x4)
                0x00000000080050b0                _etext = .

.vfp11_veneer   0x00000000080050b0        0x0
 .vfp11_veneer  0x00000000080050b0        0x0 linker stubs

.v4_bx          0x00000000080050b0        0x0
 .v4_bx         0x00000000080050b0        0x0 linker stubs

.iplt           0x00000000080050b0        0x0
 .iplt          0x00000000080050b0        0x0 c:/st/stm32cubeide_1.7.0/stm32cubeide/plugins/com.st.stm32cube.ide.mcu.externaltools.gnu-tools-for-stm32.10.3-2021.10.win32_1.0.100.202210260954/tools/bin/../lib/gcc/arm-none-eabi/10.3.1/thumb/v7-m/nofp/crtbegin.o

.rodata         0x00000000080050b0       0x6c
                0x00000000080050b0                . = ALIGN (0x4)
 *(.rodata)
 .rodata        0x00000000080050b0        0xe ./Core/Src/main.o
 *fill*         0x00000000080050be        0x2 
 .rodata        0x00000000080050c0       0x10 ./Drivers/STM32F1xx_HAL_Driver/Src/stm32f1xx_hal_rcc.o
 *(.rodata*)
 .rodata.AHBPrescTable
                0x00000000080050d0       0x10 ./Core/Src/system_stm32f1xx.o
                0x00000000080050d0                AHBPrescTable
 .rodata.APBPrescTable
                0x00000000080050e0        0x8 ./Core/Src/system_stm32f1xx.o
                0x00000000080050e0                APBPrescTable
 .rodata._svfprintf_r.str1.1
                0x00000000080050e8       0x11 c:/st/stm32cubeide_1.7.0/stm32cubeide/plugins/com.st.stm32cube.ide.mcu.externaltools.gnu-tools-for-stm32.10.3-2021.10.win32_1.0.100.202210260954/tools/bin/../lib/gcc/arm-none-eabi/10.3.1/../../../../arm-none-eabi/lib/thumb/v7-m/nofp\libc_nano.a(lib_a-nano-svfprintf.o)
 .rodata._printf_i.str1.1
                0x00000000080050f9       0x22 c:/st/stm32cubeide_1.7.0/stm32cubeide/plugins/com.st.stm32cube.ide.mcu.externaltools.gnu-tools-for-stm32.10.3-2021.10.win32_1.0.100.202210260954/tools/bin/../lib/gcc/arm-none-eabi/10.3.1/../../../../arm-none-eabi/lib/thumb/v7-m/nofp\libc_nano.a(lib_a-nano-vfprintf_i.o)
                0x000000000800511c                . = ALIGN (0x4)
 *fill*         0x000000000800511b        0x1 

.rel.dyn        0x000000000800511c        0x0
 .rel.iplt      0x000000000800511c        0x0 c:/st/stm32cubeide_1.7.0/stm32cubeide/plugins/com.st.stm32cube.ide.mcu.externaltools.gnu-tools-for-stm32.10.3-2021.10.win32_1.0.100.202210260954/tools/bin/../lib/gcc/arm-none-eabi/10.3.1/thumb/v7-m/nofp/crtbegin.o

.ARM.extab      0x000000000800511c        0x0
                0x000000000800511c                . = ALIGN (0x4)
 *(.ARM.extab* .gnu.linkonce.armextab.*)
                0x000000000800511c                . = ALIGN (0x4)

.ARM            0x000000000800511c        0x0
                0x000000000800511c                . = ALIGN (0x4)
                0x000000000800511c                __exidx_start = .
 *(.ARM.exidx*)
                0x000000000800511c                __exidx_end = .
                0x000000000800511c                . = ALIGN (0x4)

.preinit_array  0x000000000800511c        0x0
                0x000000000800511c                . = ALIGN (0x4)
                0x000000000800511c                PROVIDE (__preinit_array_start = .)
 *(.preinit_array*)
                0x000000000800511c                PROVIDE (__preinit_array_end = .)
                0x000000000800511c                . = ALIGN (0x4)

.init_array     0x000000000800511c        0x4
                0x000000000800511c                . = ALIGN (0x4)
                0x000000000800511c                PROVIDE (__init_array_start = .)
 *(SORT_BY_NAME(.init_array.*))
 *(.init_array*)
 .init_array    0x000000000800511c        0x4 c:/st/stm32cubeide_1.7.0/stm32cubeide/plugins/com.st.stm32cube.ide.mcu.externaltools.gnu-tools-for-stm32.10.3-2021.10.win32_1.0.100.202210260954/tools/bin/../lib/gcc/arm-none-eabi/10.3.1/thumb/v7-m/nofp/crtbegin.o
                0x0000000008005120                PROVIDE (__init_array_end = .)
                0x0000000008005120                . = ALIGN (0x4)

.fini_array     0x0000000008005120        0x4
                0x0000000008005120                . = ALIGN (0x4)
                [!provide]                        PROVIDE (__fini_array_start = .)
 *(SORT_BY_NAME(.fini_array.*))
 *(.fini_array*)
 .fini_array    0x0000000008005120        0x4 c:/st/stm32cubeide_1.7.0/stm32cubeide/plugins/com.st.stm32cube.ide.mcu.externaltools.gnu-tools-for-stm32.10.3-2021.10.win32_1.0.100.202210260954/tools/bin/../lib/gcc/arm-none-eabi/10.3.1/thumb/v7-m/nofp/crtbegin.o
                [!provide]                        PROVIDE (__fini_array_end = .)
                0x0000000008005124                . = ALIGN (0x4)
                0x0000000008005124                _sidata = LOADADDR (.data)

.data           0x0000000020000000       0x9c load address 0x0000000008005124
                0x0000000020000000                . = ALIGN (0x4)
                0x0000000020000000                _sdata = .
 *(.data)
 *(.data*)
 .data.but2     0x0000000020000000        0x4 ./Core/Src/global.o
                0x0000000020000000                but2
 .data.but3     0x0000000020000004        0x4 ./Core/Src/global.o
                0x0000000020000004                but3
 .data.butp     0x0000000020000008        0x4 ./Core/Src/global.o
                0x0000000020000008                butp
 .data.timered  0x000000002000000c        0x4 ./Core/Src/global.o
                0x000000002000000c                timered
 .data.timegreen
                0x0000000020000010        0x4 ./Core/Src/global.o
                0x0000000020000010                timegreen
 .data.timeyellow
                0x0000000020000014        0x4 ./Core/Src/global.o
                0x0000000020000014                timeyellow
 .data.led12    0x0000000020000018        0x4 ./Core/Src/global.o
                0x0000000020000018                led12
 .data.led34    0x000000002000001c        0x4 ./Core/Src/global.o
                0x000000002000001c                led34
 .data.increase
                0x0000000020000020        0x4 ./Core/Src/main.o
                0x0000000020000020                increase
 .data.delay    0x0000000020000024        0x4 ./Core/Src/pedestrian.o
                0x0000000020000024                delay
 .data.TIMER_CYCLE
                0x0000000020000028        0x4 ./Core/Src/software_timer.o
                0x0000000020000028                TIMER_CYCLE
 .data.SystemCoreClock
                0x000000002000002c        0x4 ./Core/Src/system_stm32f1xx.o
                0x000000002000002c                SystemCoreClock
 .data.uwTickPrio
                0x0000000020000030        0x4 ./Drivers/STM32F1xx_HAL_Driver/Src/stm32f1xx_hal.o
                0x0000000020000030                uwTickPrio
 .data.uwTickFreq
                0x0000000020000034        0x1 ./Drivers/STM32F1xx_HAL_Driver/Src/stm32f1xx_hal.o
                0x0000000020000034                uwTickFreq
 *fill*         0x0000000020000035        0x3 
 .data._impure_ptr
                0x0000000020000038        0x4 c:/st/stm32cubeide_1.7.0/stm32cubeide/plugins/com.st.stm32cube.ide.mcu.externaltools.gnu-tools-for-stm32.10.3-2021.10.win32_1.0.100.202210260954/tools/bin/../lib/gcc/arm-none-eabi/10.3.1/../../../../arm-none-eabi/lib/thumb/v7-m/nofp\libc_nano.a(lib_a-impure.o)
                0x0000000020000038                _impure_ptr
 .data.impure_data
                0x000000002000003c       0x60 c:/st/stm32cubeide_1.7.0/stm32cubeide/plugins/com.st.stm32cube.ide.mcu.externaltools.gnu-tools-for-stm32.10.3-2021.10.win32_1.0.100.202210260954/tools/bin/../lib/gcc/arm-none-eabi/10.3.1/../../../../arm-none-eabi/lib/thumb/v7-m/nofp\libc_nano.a(lib_a-impure.o)
 *(.RamFunc)
 *(.RamFunc*)
                0x000000002000009c                . = ALIGN (0x4)
                0x000000002000009c                _edata = .

.igot.plt       0x000000002000009c        0x0 load address 0x00000000080051c0
 .igot.plt      0x000000002000009c        0x0 c:/st/stm32cubeide_1.7.0/stm32cubeide/plugins/com.st.stm32cube.ide.mcu.externaltools.gnu-tools-for-stm32.10.3-2021.10.win32_1.0.100.202210260954/tools/bin/../lib/gcc/arm-none-eabi/10.3.1/thumb/v7-m/nofp/crtbegin.o
                0x000000002000009c                . = ALIGN (0x4)

.bss            0x000000002000009c      0x4ec load address 0x00000000080051c0
                0x000000002000009c                _sbss = .
                0x000000002000009c                __bss_start__ = _sbss
 *(.bss)
 .bss           0x000000002000009c       0x1c c:/st/stm32cubeide_1.7.0/stm32cubeide/plugins/com.st.stm32cube.ide.mcu.externaltools.gnu-tools-for-stm32.10.3-2021.10.win32_1.0.100.202210260954/tools/bin/../lib/gcc/arm-none-eabi/10.3.1/thumb/v7-m/nofp/crtbegin.o
 *(.bss*)
 .bss.status_mode
                0x00000000200000b8        0x4 ./Core/Src/global.o
                0x00000000200000b8                status_mode
 .bss.status_ver
                0x00000000200000bc        0x4 ./Core/Src/global.o
                0x00000000200000bc                status_ver
 .bss.status_hor
                0x00000000200000c0        0x4 ./Core/Src/global.o
                0x00000000200000c0                status_hor
 .bss.status_led7seg
                0x00000000200000c4        0x4 ./Core/Src/global.o
                0x00000000200000c4                status_led7seg
 .bss.status_pedes
                0x00000000200000c8        0x4 ./Core/Src/global.o
                0x00000000200000c8                status_pedes
 .bss.index_led
                0x00000000200000cc        0x4 ./Core/Src/global.o
                0x00000000200000cc                index_led
 .bss.but1      0x00000000200000d0        0x4 ./Core/Src/global.o
                0x00000000200000d0                but1
 .bss.buttonBuffer
                0x00000000200000d4        0x4 ./Core/Src/input_reading.o
 .bss.debounceButtonBuffer0
                0x00000000200000d8        0x4 ./Core/Src/input_reading.o
 .bss.debounceButtonBuffer1
                0x00000000200000dc        0x4 ./Core/Src/input_reading.o
 .bss.debounceButtonBuffer2
                0x00000000200000e0        0x4 ./Core/Src/input_reading.o
 .bss.flagForButtonPress1s
                0x00000000200000e4        0x4 ./Core/Src/input_reading.o
 .bss.flagForButton
                0x00000000200000e8        0x4 ./Core/Src/input_reading.o
 .bss.counterForButtonPress1s
                0x00000000200000ec        0x8 ./Core/Src/input_reading.o
 .bss.counterForButtonAfterPress1s
                0x00000000200000f4        0x8 ./Core/Src/input_reading.o
 .bss.buttonState
                0x00000000200000fc        0x4 ./Core/Src/input_reading.o
                0x00000000200000fc                buttonState
 .bss.counter10S
                0x0000000020000100        0x4 ./Core/Src/input_reading.o
                0x0000000020000100                counter10S
 .bss.htim2     0x0000000020000104       0x48 ./Core/Src/main.o
                0x0000000020000104                htim2
 .bss.htim3     0x000000002000014c       0x48 ./Core/Src/main.o
                0x000000002000014c                htim3
 .bss.huart2    0x0000000020000194       0x44 ./Core/Src/main.o
                0x0000000020000194                huart2
 .bss.str       0x00000000200001d8       0x32 ./Core/Src/main.o
                0x00000000200001d8                str
 *fill*         0x000000002000020a        0x2 
 .bss.dutycycle
                0x000000002000020c        0x4 ./Core/Src/pedestrian.o
                0x000000002000020c                dutycycle
 .bss.count     0x0000000020000210        0x4 ./Core/Src/pedestrian.o
                0x0000000020000210                count
 .bss.SCH_tasks_G
                0x0000000020000214      0x320 ./Core/Src/scheduler.o
                0x0000000020000214                SCH_tasks_G
 .bss.current_index_task
                0x0000000020000534        0x1 ./Core/Src/scheduler.o
                0x0000000020000534                current_index_task
 *fill*         0x0000000020000535        0x3 
 .bss.timer0_flag
                0x0000000020000538        0x4 ./Core/Src/software_timer.o
                0x0000000020000538                timer0_flag
 .bss.timer1_flag
                0x000000002000053c        0x4 ./Core/Src/software_timer.o
                0x000000002000053c                timer1_flag
 .bss.timer2_flag
                0x0000000020000540        0x4 ./Core/Src/software_timer.o
                0x0000000020000540                timer2_flag
 .bss.timer3_flag
                0x0000000020000544        0x4 ./Core/Src/software_timer.o
                0x0000000020000544                timer3_flag
 .bss.timer4_flag
                0x0000000020000548        0x4 ./Core/Src/software_timer.o
                0x0000000020000548                timer4_flag
 .bss.timer5_flag
                0x000000002000054c        0x4 ./Core/Src/software_timer.o
                0x000000002000054c                timer5_flag
 .bss.timer6_flag
                0x0000000020000550        0x4 ./Core/Src/software_timer.o
                0x0000000020000550                timer6_flag
 .bss.timer0_counter
                0x0000000020000554        0x4 ./Core/Src/software_timer.o
                0x0000000020000554                timer0_counter
 .bss.timer1_counter
                0x0000000020000558        0x4 ./Core/Src/software_timer.o
                0x0000000020000558                timer1_counter
 .bss.timer2_counter
                0x000000002000055c        0x4 ./Core/Src/software_timer.o
                0x000000002000055c                timer2_counter
 .bss.timer3_counter
                0x0000000020000560        0x4 ./Core/Src/software_timer.o
                0x0000000020000560                timer3_counter
 .bss.timer4_counter
                0x0000000020000564        0x4 ./Core/Src/software_timer.o
                0x0000000020000564                timer4_counter
 .bss.timer5_counter
                0x0000000020000568        0x4 ./Core/Src/software_timer.o
                0x0000000020000568                timer5_counter
 .bss.timer6_counter
                0x000000002000056c        0x4 ./Core/Src/software_timer.o
                0x000000002000056c                timer6_counter
 .bss.__sbrk_heap_end
                0x0000000020000570        0x4 ./Core/Src/sysmem.o
 .bss.uwTick    0x0000000020000574        0x4 ./Drivers/STM32F1xx_HAL_Driver/Src/stm32f1xx_hal.o
                0x0000000020000574                uwTick
 .bss.__malloc_free_list
                0x0000000020000578        0x4 c:/st/stm32cubeide_1.7.0/stm32cubeide/plugins/com.st.stm32cube.ide.mcu.externaltools.gnu-tools-for-stm32.10.3-2021.10.win32_1.0.100.202210260954/tools/bin/../lib/gcc/arm-none-eabi/10.3.1/../../../../arm-none-eabi/lib/thumb/v7-m/nofp\libc_nano.a(lib_a-nano-mallocr.o)
                0x0000000020000578                __malloc_free_list
 .bss.__malloc_sbrk_start
                0x000000002000057c        0x4 c:/st/stm32cubeide_1.7.0/stm32cubeide/plugins/com.st.stm32cube.ide.mcu.externaltools.gnu-tools-for-stm32.10.3-2021.10.win32_1.0.100.202210260954/tools/bin/../lib/gcc/arm-none-eabi/10.3.1/../../../../arm-none-eabi/lib/thumb/v7-m/nofp\libc_nano.a(lib_a-nano-mallocr.o)
                0x000000002000057c                __malloc_sbrk_start
 .bss.errno     0x0000000020000580        0x4 c:/st/stm32cubeide_1.7.0/stm32cubeide/plugins/com.st.stm32cube.ide.mcu.externaltools.gnu-tools-for-stm32.10.3-2021.10.win32_1.0.100.202210260954/tools/bin/../lib/gcc/arm-none-eabi/10.3.1/../../../../arm-none-eabi/lib/thumb/v7-m/nofp\libc_nano.a(lib_a-reent.o)
                0x0000000020000580                errno
 .bss.__lock___malloc_recursive_mutex
                0x0000000020000584        0x1 c:/st/stm32cubeide_1.7.0/stm32cubeide/plugins/com.st.stm32cube.ide.mcu.externaltools.gnu-tools-for-stm32.10.3-2021.10.win32_1.0.100.202210260954/tools/bin/../lib/gcc/arm-none-eabi/10.3.1/../../../../arm-none-eabi/lib/thumb/v7-m/nofp\libc_nano.a(lib_a-lock.o)
                0x0000000020000584                __lock___malloc_recursive_mutex
 *(COMMON)
                0x0000000020000588                . = ALIGN (0x4)
 *fill*         0x0000000020000585        0x3 
                0x0000000020000588                _ebss = .
                0x0000000020000588                __bss_end__ = _ebss

._user_heap_stack
                0x0000000020000588      0x600 load address 0x00000000080051c0
                0x0000000020000588                . = ALIGN (0x8)
                [!provide]                        PROVIDE (end = .)
                0x0000000020000588                PROVIDE (_end = .)
                0x0000000020000788                . = (. + _Min_Heap_Size)
 *fill*         0x0000000020000588      0x200 
                0x0000000020000b88                . = (. + _Min_Stack_Size)
 *fill*         0x0000000020000788      0x400 
                0x0000000020000b88                . = ALIGN (0x8)

/DISCARD/
 libc.a(*)
 libm.a(*)
 libgcc.a(*)

.ARM.attributes
                0x0000000000000000       0x29
 *(.ARM.attributes)
 .ARM.attributes
                0x0000000000000000       0x1d c:/st/stm32cubeide_1.7.0/stm32cubeide/plugins/com.st.stm32cube.ide.mcu.externaltools.gnu-tools-for-stm32.10.3-2021.10.win32_1.0.100.202210260954/tools/bin/../lib/gcc/arm-none-eabi/10.3.1/thumb/v7-m/nofp/crti.o
 .ARM.attributes
                0x000000000000001d       0x2d c:/st/stm32cubeide_1.7.0/stm32cubeide/plugins/com.st.stm32cube.ide.mcu.externaltools.gnu-tools-for-stm32.10.3-2021.10.win32_1.0.100.202210260954/tools/bin/../lib/gcc/arm-none-eabi/10.3.1/thumb/v7-m/nofp/crtbegin.o
 .ARM.attributes
                0x000000000000004a       0x2d ./Core/Src/fsm_automatic_1.o
 .ARM.attributes
                0x0000000000000077       0x2d ./Core/Src/fsm_automatic_2.o
 .ARM.attributes
                0x00000000000000a4       0x2d ./Core/Src/fsm_mode.o
 .ARM.attributes
                0x00000000000000d1       0x2d ./Core/Src/fsm_mode_Led7Seg.o
 .ARM.attributes
                0x00000000000000fe       0x2d ./Core/Src/global.o
 .ARM.attributes
                0x000000000000012b       0x2d ./Core/Src/input_reading.o
 .ARM.attributes
                0x0000000000000158       0x2d ./Core/Src/led_display.o
 .ARM.attributes
                0x0000000000000185       0x2d ./Core/Src/main.o
 .ARM.attributes
                0x00000000000001b2       0x2d ./Core/Src/pedestrian.o
 .ARM.attributes
                0x00000000000001df       0x2d ./Core/Src/scheduler.o
 .ARM.attributes
                0x000000000000020c       0x2d ./Core/Src/software_timer.o
 .ARM.attributes
                0x0000000000000239       0x2d ./Core/Src/stm32f1xx_hal_msp.o
 .ARM.attributes
                0x0000000000000266       0x2d ./Core/Src/stm32f1xx_it.o
 .ARM.attributes
                0x0000000000000293       0x2d ./Core/Src/sysmem.o
 .ARM.attributes
                0x00000000000002c0       0x2d ./Core/Src/system_stm32f1xx.o
 .ARM.attributes
                0x00000000000002ed       0x2d ./Core/Src/timer.o
 .ARM.attributes
                0x000000000000031a       0x21 ./Core/Startup/startup_stm32f103rbtx.o
 .ARM.attributes
                0x000000000000033b       0x2d ./Drivers/STM32F1xx_HAL_Driver/Src/stm32f1xx_hal.o
 .ARM.attributes
                0x0000000000000368       0x2d ./Drivers/STM32F1xx_HAL_Driver/Src/stm32f1xx_hal_cortex.o
 .ARM.attributes
                0x0000000000000395       0x2d ./Drivers/STM32F1xx_HAL_Driver/Src/stm32f1xx_hal_dma.o
 .ARM.attributes
                0x00000000000003c2       0x2d ./Drivers/STM32F1xx_HAL_Driver/Src/stm32f1xx_hal_gpio.o
 .ARM.attributes
                0x00000000000003ef       0x2d ./Drivers/STM32F1xx_HAL_Driver/Src/stm32f1xx_hal_rcc.o
 .ARM.attributes
                0x000000000000041c       0x2d ./Drivers/STM32F1xx_HAL_Driver/Src/stm32f1xx_hal_tim.o
 .ARM.attributes
                0x0000000000000449       0x2d ./Drivers/STM32F1xx_HAL_Driver/Src/stm32f1xx_hal_tim_ex.o
 .ARM.attributes
                0x0000000000000476       0x2d ./Drivers/STM32F1xx_HAL_Driver/Src/stm32f1xx_hal_uart.o
 .ARM.attributes
                0x00000000000004a3       0x2d c:/st/stm32cubeide_1.7.0/stm32cubeide/plugins/com.st.stm32cube.ide.mcu.externaltools.gnu-tools-for-stm32.10.3-2021.10.win32_1.0.100.202210260954/tools/bin/../lib/gcc/arm-none-eabi/10.3.1/../../../../arm-none-eabi/lib/thumb/v7-m/nofp\libc_nano.a(lib_a-errno.o)
 .ARM.attributes
                0x00000000000004d0       0x2d c:/st/stm32cubeide_1.7.0/stm32cubeide/plugins/com.st.stm32cube.ide.mcu.externaltools.gnu-tools-for-stm32.10.3-2021.10.win32_1.0.100.202210260954/tools/bin/../lib/gcc/arm-none-eabi/10.3.1/../../../../arm-none-eabi/lib/thumb/v7-m/nofp\libc_nano.a(lib_a-impure.o)
 .ARM.attributes
                0x00000000000004fd       0x2d c:/st/stm32cubeide_1.7.0/stm32cubeide/plugins/com.st.stm32cube.ide.mcu.externaltools.gnu-tools-for-stm32.10.3-2021.10.win32_1.0.100.202210260954/tools/bin/../lib/gcc/arm-none-eabi/10.3.1/../../../../arm-none-eabi/lib/thumb/v7-m/nofp\libc_nano.a(lib_a-init.o)
 .ARM.attributes
                0x000000000000052a       0x2d c:/st/stm32cubeide_1.7.0/stm32cubeide/plugins/com.st.stm32cube.ide.mcu.externaltools.gnu-tools-for-stm32.10.3-2021.10.win32_1.0.100.202210260954/tools/bin/../lib/gcc/arm-none-eabi/10.3.1/../../../../arm-none-eabi/lib/thumb/v7-m/nofp\libc_nano.a(lib_a-memset.o)
 .ARM.attributes
                0x0000000000000557       0x2d c:/st/stm32cubeide_1.7.0/stm32cubeide/plugins/com.st.stm32cube.ide.mcu.externaltools.gnu-tools-for-stm32.10.3-2021.10.win32_1.0.100.202210260954/tools/bin/../lib/gcc/arm-none-eabi/10.3.1/../../../../arm-none-eabi/lib/thumb/v7-m/nofp\libc_nano.a(lib_a-sprintf.o)
 .ARM.attributes
                0x0000000000000584       0x2d c:/st/stm32cubeide_1.7.0/stm32cubeide/plugins/com.st.stm32cube.ide.mcu.externaltools.gnu-tools-for-stm32.10.3-2021.10.win32_1.0.100.202210260954/tools/bin/../lib/gcc/arm-none-eabi/10.3.1/../../../../arm-none-eabi/lib/thumb/v7-m/nofp\libc_nano.a(lib_a-nano-svfprintf.o)
 .ARM.attributes
                0x00000000000005b1       0x2d c:/st/stm32cubeide_1.7.0/stm32cubeide/plugins/com.st.stm32cube.ide.mcu.externaltools.gnu-tools-for-stm32.10.3-2021.10.win32_1.0.100.202210260954/tools/bin/../lib/gcc/arm-none-eabi/10.3.1/../../../../arm-none-eabi/lib/thumb/v7-m/nofp\libc_nano.a(lib_a-nano-vfprintf_i.o)
 .ARM.attributes
                0x00000000000005de       0x2d c:/st/stm32cubeide_1.7.0/stm32cubeide/plugins/com.st.stm32cube.ide.mcu.externaltools.gnu-tools-for-stm32.10.3-2021.10.win32_1.0.100.202210260954/tools/bin/../lib/gcc/arm-none-eabi/10.3.1/../../../../arm-none-eabi/lib/thumb/v7-m/nofp\libc_nano.a(lib_a-memchr-stub.o)
 .ARM.attributes
                0x000000000000060b       0x2d c:/st/stm32cubeide_1.7.0/stm32cubeide/plugins/com.st.stm32cube.ide.mcu.externaltools.gnu-tools-for-stm32.10.3-2021.10.win32_1.0.100.202210260954/tools/bin/../lib/gcc/arm-none-eabi/10.3.1/../../../../arm-none-eabi/lib/thumb/v7-m/nofp\libc_nano.a(lib_a-memcpy-stub.o)
 .ARM.attributes
                0x0000000000000638       0x2d c:/st/stm32cubeide_1.7.0/stm32cubeide/plugins/com.st.stm32cube.ide.mcu.externaltools.gnu-tools-for-stm32.10.3-2021.10.win32_1.0.100.202210260954/tools/bin/../lib/gcc/arm-none-eabi/10.3.1/../../../../arm-none-eabi/lib/thumb/v7-m/nofp\libc_nano.a(lib_a-memmove.o)
 .ARM.attributes
                0x0000000000000665       0x2d c:/st/stm32cubeide_1.7.0/stm32cubeide/plugins/com.st.stm32cube.ide.mcu.externaltools.gnu-tools-for-stm32.10.3-2021.10.win32_1.0.100.202210260954/tools/bin/../lib/gcc/arm-none-eabi/10.3.1/../../../../arm-none-eabi/lib/thumb/v7-m/nofp\libc_nano.a(lib_a-nano-freer.o)
 .ARM.attributes
                0x0000000000000692       0x2d c:/st/stm32cubeide_1.7.0/stm32cubeide/plugins/com.st.stm32cube.ide.mcu.externaltools.gnu-tools-for-stm32.10.3-2021.10.win32_1.0.100.202210260954/tools/bin/../lib/gcc/arm-none-eabi/10.3.1/../../../../arm-none-eabi/lib/thumb/v7-m/nofp\libc_nano.a(lib_a-nano-mallocr.o)
 .ARM.attributes
                0x00000000000006bf       0x2d c:/st/stm32cubeide_1.7.0/stm32cubeide/plugins/com.st.stm32cube.ide.mcu.externaltools.gnu-tools-for-stm32.10.3-2021.10.win32_1.0.100.202210260954/tools/bin/../lib/gcc/arm-none-eabi/10.3.1/../../../../arm-none-eabi/lib/thumb/v7-m/nofp\libc_nano.a(lib_a-nano-reallocr.o)
 .ARM.attributes
                0x00000000000006ec       0x2d c:/st/stm32cubeide_1.7.0/stm32cubeide/plugins/com.st.stm32cube.ide.mcu.externaltools.gnu-tools-for-stm32.10.3-2021.10.win32_1.0.100.202210260954/tools/bin/../lib/gcc/arm-none-eabi/10.3.1/../../../../arm-none-eabi/lib/thumb/v7-m/nofp\libc_nano.a(lib_a-sbrkr.o)
 .ARM.attributes
                0x0000000000000719       0x2d c:/st/stm32cubeide_1.7.0/stm32cubeide/plugins/com.st.stm32cube.ide.mcu.externaltools.gnu-tools-for-stm32.10.3-2021.10.win32_1.0.100.202210260954/tools/bin/../lib/gcc/arm-none-eabi/10.3.1/../../../../arm-none-eabi/lib/thumb/v7-m/nofp\libc_nano.a(lib_a-mlock.o)
 .ARM.attributes
                0x0000000000000746       0x2d c:/st/stm32cubeide_1.7.0/stm32cubeide/plugins/com.st.stm32cube.ide.mcu.externaltools.gnu-tools-for-stm32.10.3-2021.10.win32_1.0.100.202210260954/tools/bin/../lib/gcc/arm-none-eabi/10.3.1/../../../../arm-none-eabi/lib/thumb/v7-m/nofp\libc_nano.a(lib_a-nano-msizer.o)
 .ARM.attributes
                0x0000000000000773       0x2d c:/st/stm32cubeide_1.7.0/stm32cubeide/plugins/com.st.stm32cube.ide.mcu.externaltools.gnu-tools-for-stm32.10.3-2021.10.win32_1.0.100.202210260954/tools/bin/../lib/gcc/arm-none-eabi/10.3.1/../../../../arm-none-eabi/lib/thumb/v7-m/nofp\libc_nano.a(lib_a-reent.o)
 .ARM.attributes
                0x00000000000007a0       0x2d c:/st/stm32cubeide_1.7.0/stm32cubeide/plugins/com.st.stm32cube.ide.mcu.externaltools.gnu-tools-for-stm32.10.3-2021.10.win32_1.0.100.202210260954/tools/bin/../lib/gcc/arm-none-eabi/10.3.1/../../../../arm-none-eabi/lib/thumb/v7-m/nofp\libc_nano.a(lib_a-lock.o)
 .ARM.attributes
                0x00000000000007cd       0x1d c:/st/stm32cubeide_1.7.0/stm32cubeide/plugins/com.st.stm32cube.ide.mcu.externaltools.gnu-tools-for-stm32.10.3-2021.10.win32_1.0.100.202210260954/tools/bin/../lib/gcc/arm-none-eabi/10.3.1/thumb/v7-m/nofp/crtn.o
OUTPUT(ass.elf elf32-littlearm)
LOAD linker stubs
LOAD c:/st/stm32cubeide_1.7.0/stm32cubeide/plugins/com.st.stm32cube.ide.mcu.externaltools.gnu-tools-for-stm32.10.3-2021.10.win32_1.0.100.202210260954/tools/bin/../lib/gcc/arm-none-eabi/10.3.1/../../../../arm-none-eabi/lib/thumb/v7-m/nofp\libc.a
LOAD c:/st/stm32cubeide_1.7.0/stm32cubeide/plugins/com.st.stm32cube.ide.mcu.externaltools.gnu-tools-for-stm32.10.3-2021.10.win32_1.0.100.202210260954/tools/bin/../lib/gcc/arm-none-eabi/10.3.1/../../../../arm-none-eabi/lib/thumb/v7-m/nofp\libm.a
LOAD c:/st/stm32cubeide_1.7.0/stm32cubeide/plugins/com.st.stm32cube.ide.mcu.externaltools.gnu-tools-for-stm32.10.3-2021.10.win32_1.0.100.202210260954/tools/bin/../lib/gcc/arm-none-eabi/10.3.1/thumb/v7-m/nofp\libgcc.a

.debug_info     0x0000000000000000     0xc444
 .debug_info    0x0000000000000000      0x15b ./Core/Src/fsm_automatic_1.o
 .debug_info    0x000000000000015b      0x15b ./Core/Src/fsm_automatic_2.o
 .debug_info    0x00000000000002b6      0x191 ./Core/Src/fsm_mode.o
 .debug_info    0x0000000000000447       0xd7 ./Core/Src/fsm_mode_Led7Seg.o
 .debug_info    0x000000000000051e      0x223 ./Core/Src/global.o
 .debug_info    0x0000000000000741      0x397 ./Core/Src/input_reading.o
 .debug_info    0x0000000000000ad8      0x2d5 ./Core/Src/led_display.o
 .debug_info    0x0000000000000dad     0x118a ./Core/Src/main.o
 .debug_info    0x0000000000001f37      0x15d ./Core/Src/pedestrian.o
 .debug_info    0x0000000000002094      0x22e ./Core/Src/scheduler.o
 .debug_info    0x00000000000022c2      0x311 ./Core/Src/software_timer.o
 .debug_info    0x00000000000025d3      0xded ./Core/Src/stm32f1xx_hal_msp.o
 .debug_info    0x00000000000033c0      0x9a7 ./Core/Src/stm32f1xx_it.o
 .debug_info    0x0000000000003d67      0x171 ./Core/Src/sysmem.o
 .debug_info    0x0000000000003ed8      0x23d ./Core/Src/system_stm32f1xx.o
 .debug_info    0x0000000000004115      0x63c ./Core/Src/timer.o
 .debug_info    0x0000000000004751       0x22 ./Core/Startup/startup_stm32f103rbtx.o
 .debug_info    0x0000000000004773      0x734 ./Drivers/STM32F1xx_HAL_Driver/Src/stm32f1xx_hal.o
 .debug_info    0x0000000000004ea7      0xb20 ./Drivers/STM32F1xx_HAL_Driver/Src/stm32f1xx_hal_cortex.o
 .debug_info    0x00000000000059c7      0x73f ./Drivers/STM32F1xx_HAL_Driver/Src/stm32f1xx_hal_dma.o
 .debug_info    0x0000000000006106      0x615 ./Drivers/STM32F1xx_HAL_Driver/Src/stm32f1xx_hal_gpio.o
 .debug_info    0x000000000000671b      0x860 ./Drivers/STM32F1xx_HAL_Driver/Src/stm32f1xx_hal_rcc.o
 .debug_info    0x0000000000006f7b     0x29de ./Drivers/STM32F1xx_HAL_Driver/Src/stm32f1xx_hal_tim.o
 .debug_info    0x0000000000009959     0x1513 ./Drivers/STM32F1xx_HAL_Driver/Src/stm32f1xx_hal_tim_ex.o
 .debug_info    0x000000000000ae6c     0x15d8 ./Drivers/STM32F1xx_HAL_Driver/Src/stm32f1xx_hal_uart.o

.debug_abbrev   0x0000000000000000     0x242e
 .debug_abbrev  0x0000000000000000       0xa3 ./Core/Src/fsm_automatic_1.o
 .debug_abbrev  0x00000000000000a3       0xa3 ./Core/Src/fsm_automatic_2.o
 .debug_abbrev  0x0000000000000146       0xa3 ./Core/Src/fsm_mode.o
 .debug_abbrev  0x00000000000001e9       0x74 ./Core/Src/fsm_mode_Led7Seg.o
 .debug_abbrev  0x000000000000025d       0x7c ./Core/Src/global.o
 .debug_abbrev  0x00000000000002d9      0x1ba ./Core/Src/input_reading.o
 .debug_abbrev  0x0000000000000493       0xf4 ./Core/Src/led_display.o
 .debug_abbrev  0x0000000000000587      0x318 ./Core/Src/main.o
 .debug_abbrev  0x000000000000089f       0xb0 ./Core/Src/pedestrian.o
 .debug_abbrev  0x000000000000094f      0x11a ./Core/Src/scheduler.o
 .debug_abbrev  0x0000000000000a69       0x9c ./Core/Src/software_timer.o
 .debug_abbrev  0x0000000000000b05      0x1c5 ./Core/Src/stm32f1xx_hal_msp.o
 .debug_abbrev  0x0000000000000cca      0x184 ./Core/Src/stm32f1xx_it.o
 .debug_abbrev  0x0000000000000e4e       0xbb ./Core/Src/sysmem.o
 .debug_abbrev  0x0000000000000f09      0x13b ./Core/Src/system_stm32f1xx.o
 .debug_abbrev  0x0000000000001044      0x155 ./Core/Src/timer.o
 .debug_abbrev  0x0000000000001199       0x12 ./Core/Startup/startup_stm32f103rbtx.o
 .debug_abbrev  0x00000000000011ab      0x1fb ./Drivers/STM32F1xx_HAL_Driver/Src/stm32f1xx_hal.o
 .debug_abbrev  0x00000000000013a6      0x2ed ./Drivers/STM32F1xx_HAL_Driver/Src/stm32f1xx_hal_cortex.o
 .debug_abbrev  0x0000000000001693      0x1fe ./Drivers/STM32F1xx_HAL_Driver/Src/stm32f1xx_hal_dma.o
 .debug_abbrev  0x0000000000001891      0x1bb ./Drivers/STM32F1xx_HAL_Driver/Src/stm32f1xx_hal_gpio.o
 .debug_abbrev  0x0000000000001a4c      0x2a8 ./Drivers/STM32F1xx_HAL_Driver/Src/stm32f1xx_hal_rcc.o
 .debug_abbrev  0x0000000000001cf4      0x25d ./Drivers/STM32F1xx_HAL_Driver/Src/stm32f1xx_hal_tim.o
 .debug_abbrev  0x0000000000001f51      0x265 ./Drivers/STM32F1xx_HAL_Driver/Src/stm32f1xx_hal_tim_ex.o
 .debug_abbrev  0x00000000000021b6      0x278 ./Drivers/STM32F1xx_HAL_Driver/Src/stm32f1xx_hal_uart.o

.debug_aranges  0x0000000000000000      0xeb0
 .debug_aranges
                0x0000000000000000       0x20 ./Core/Src/fsm_automatic_1.o
 .debug_aranges
                0x0000000000000020       0x20 ./Core/Src/fsm_automatic_2.o
 .debug_aranges
                0x0000000000000040       0x20 ./Core/Src/fsm_mode.o
 .debug_aranges
                0x0000000000000060       0x20 ./Core/Src/fsm_mode_Led7Seg.o
 .debug_aranges
                0x0000000000000080       0x20 ./Core/Src/global.o
 .debug_aranges
                0x00000000000000a0       0x40 ./Core/Src/input_reading.o
 .debug_aranges
                0x00000000000000e0       0xa8 ./Core/Src/led_display.o
 .debug_aranges
                0x0000000000000188       0x68 ./Core/Src/main.o
 .debug_aranges
                0x00000000000001f0       0x20 ./Core/Src/pedestrian.o
 .debug_aranges
                0x0000000000000210       0x40 ./Core/Src/scheduler.o
 .debug_aranges
                0x0000000000000250       0x90 ./Core/Src/software_timer.o
 .debug_aranges
                0x00000000000002e0       0x48 ./Core/Src/stm32f1xx_hal_msp.o
 .debug_aranges
                0x0000000000000328       0x78 ./Core/Src/stm32f1xx_it.o
 .debug_aranges
                0x00000000000003a0       0x20 ./Core/Src/sysmem.o
 .debug_aranges
                0x00000000000003c0       0x28 ./Core/Src/system_stm32f1xx.o
 .debug_aranges
                0x00000000000003e8       0x20 ./Core/Src/timer.o
 .debug_aranges
                0x0000000000000408       0x28 ./Core/Startup/startup_stm32f103rbtx.o
 .debug_aranges
                0x0000000000000430       0xe0 ./Drivers/STM32F1xx_HAL_Driver/Src/stm32f1xx_hal.o
 .debug_aranges
                0x0000000000000510      0x100 ./Drivers/STM32F1xx_HAL_Driver/Src/stm32f1xx_hal_cortex.o
 .debug_aranges
                0x0000000000000610       0x80 ./Drivers/STM32F1xx_HAL_Driver/Src/stm32f1xx_hal_dma.o
 .debug_aranges
                0x0000000000000690       0x58 ./Drivers/STM32F1xx_HAL_Driver/Src/stm32f1xx_hal_gpio.o
 .debug_aranges
                0x00000000000006e8       0x90 ./Drivers/STM32F1xx_HAL_Driver/Src/stm32f1xx_hal_rcc.o
 .debug_aranges
                0x0000000000000778      0x3d0 ./Drivers/STM32F1xx_HAL_Driver/Src/stm32f1xx_hal_tim.o
 .debug_aranges
                0x0000000000000b48      0x168 ./Drivers/STM32F1xx_HAL_Driver/Src/stm32f1xx_hal_tim_ex.o
 .debug_aranges
                0x0000000000000cb0      0x200 ./Drivers/STM32F1xx_HAL_Driver/Src/stm32f1xx_hal_uart.o

.debug_ranges   0x0000000000000000      0xd58
 .debug_ranges  0x0000000000000000       0x10 ./Core/Src/fsm_automatic_1.o
 .debug_ranges  0x0000000000000010       0x10 ./Core/Src/fsm_automatic_2.o
 .debug_ranges  0x0000000000000020       0x10 ./Core/Src/fsm_mode.o
 .debug_ranges  0x0000000000000030       0x10 ./Core/Src/fsm_mode_Led7Seg.o
 .debug_ranges  0x0000000000000040       0x10 ./Core/Src/global.o
 .debug_ranges  0x0000000000000050       0x30 ./Core/Src/input_reading.o
 .debug_ranges  0x0000000000000080       0x98 ./Core/Src/led_display.o
 .debug_ranges  0x0000000000000118       0x58 ./Core/Src/main.o
 .debug_ranges  0x0000000000000170       0x10 ./Core/Src/pedestrian.o
 .debug_ranges  0x0000000000000180       0x30 ./Core/Src/scheduler.o
 .debug_ranges  0x00000000000001b0       0x80 ./Core/Src/software_timer.o
 .debug_ranges  0x0000000000000230       0x38 ./Core/Src/stm32f1xx_hal_msp.o
 .debug_ranges  0x0000000000000268       0x68 ./Core/Src/stm32f1xx_it.o
 .debug_ranges  0x00000000000002d0       0x10 ./Core/Src/sysmem.o
 .debug_ranges  0x00000000000002e0       0x18 ./Core/Src/system_stm32f1xx.o
 .debug_ranges  0x00000000000002f8       0x10 ./Core/Src/timer.o
 .debug_ranges  0x0000000000000308       0x20 ./Core/Startup/startup_stm32f103rbtx.o
 .debug_ranges  0x0000000000000328       0xd0 ./Drivers/STM32F1xx_HAL_Driver/Src/stm32f1xx_hal.o
 .debug_ranges  0x00000000000003f8       0xf0 ./Drivers/STM32F1xx_HAL_Driver/Src/stm32f1xx_hal_cortex.o
 .debug_ranges  0x00000000000004e8       0x70 ./Drivers/STM32F1xx_HAL_Driver/Src/stm32f1xx_hal_dma.o
 .debug_ranges  0x0000000000000558       0x48 ./Drivers/STM32F1xx_HAL_Driver/Src/stm32f1xx_hal_gpio.o
 .debug_ranges  0x00000000000005a0       0x80 ./Drivers/STM32F1xx_HAL_Driver/Src/stm32f1xx_hal_rcc.o
 .debug_ranges  0x0000000000000620      0x3c0 ./Drivers/STM32F1xx_HAL_Driver/Src/stm32f1xx_hal_tim.o
 .debug_ranges  0x00000000000009e0      0x158 ./Drivers/STM32F1xx_HAL_Driver/Src/stm32f1xx_hal_tim_ex.o
 .debug_ranges  0x0000000000000b38      0x220 ./Drivers/STM32F1xx_HAL_Driver/Src/stm32f1xx_hal_uart.o

.debug_macro    0x0000000000000000     0x3652
 .debug_macro   0x0000000000000000      0x1fa ./Core/Src/fsm_automatic_1.o
 .debug_macro   0x00000000000001fa      0x1ec ./Core/Src/fsm_automatic_2.o
 .debug_macro   0x00000000000003e6      0x1f6 ./Core/Src/fsm_mode.o
 .debug_macro   0x00000000000005dc      0x1ec ./Core/Src/fsm_mode_Led7Seg.o
 .debug_macro   0x00000000000007c8      0x1bb ./Core/Src/global.o
 .debug_macro   0x0000000000000983      0x1f1 ./Core/Src/input_reading.o
 .debug_macro   0x0000000000000b74      0x1d3 ./Core/Src/led_display.o
 .debug_macro   0x0000000000000d47      0x3ba ./Core/Src/main.o
 .debug_macro   0x0000000000001101       0x52 ./Core/Src/main.o
 .debug_macro   0x0000000000001153       0x18 ./Core/Src/main.o
 .debug_macro   0x000000000000116b       0x3c ./Core/Src/main.o
 .debug_macro   0x00000000000011a7       0x34 ./Core/Src/main.o
 .debug_macro   0x00000000000011db       0x16 ./Core/Src/main.o
 .debug_macro   0x00000000000011f1       0x35 ./Core/Src/main.o
 .debug_macro   0x0000000000001226      0x341 ./Core/Src/main.o
 .debug_macro   0x0000000000001567       0x10 ./Core/Src/main.o
 .debug_macro   0x0000000000001577       0x16 ./Core/Src/main.o
 .debug_macro   0x000000000000158d       0x43 ./Core/Src/main.o
 .debug_macro   0x00000000000015d0       0x34 ./Core/Src/main.o
 .debug_macro   0x0000000000001604       0x10 ./Core/Src/main.o
 .debug_macro   0x0000000000001614       0x58 ./Core/Src/main.o
 .debug_macro   0x000000000000166c       0x71 ./Core/Src/main.o
 .debug_macro   0x00000000000016dd       0x1c ./Core/Src/main.o
 .debug_macro   0x00000000000016f9      0x12a ./Core/Src/main.o
 .debug_macro   0x0000000000001823       0x10 ./Core/Src/main.o
 .debug_macro   0x0000000000001833       0x1c ./Core/Src/main.o
 .debug_macro   0x000000000000184f       0x52 ./Core/Src/main.o
 .debug_macro   0x00000000000018a1       0x22 ./Core/Src/main.o
 .debug_macro   0x00000000000018c3       0x10 ./Core/Src/main.o
 .debug_macro   0x00000000000018d3       0x52 ./Core/Src/main.o
 .debug_macro   0x0000000000001925       0xd5 ./Core/Src/main.o
 .debug_macro   0x00000000000019fa       0x1c ./Core/Src/main.o
 .debug_macro   0x0000000000001a16       0x3d ./Core/Src/main.o
 .debug_macro   0x0000000000001a53       0x16 ./Core/Src/main.o
 .debug_macro   0x0000000000001a69      0x145 ./Core/Src/main.o
 .debug_macro   0x0000000000001bae       0x16 ./Core/Src/main.o
 .debug_macro   0x0000000000001bc4      0x200 ./Core/Src/pedestrian.o
 .debug_macro   0x0000000000001dc4       0x72 ./Core/Src/scheduler.o
 .debug_macro   0x0000000000001e36       0x10 ./Core/Src/scheduler.o
 .debug_macro   0x0000000000001e46       0x1b ./Core/Src/software_timer.o
 .debug_macro   0x0000000000001e61      0x1b2 ./Core/Src/stm32f1xx_hal_msp.o
 .debug_macro   0x0000000000002013      0x1bc ./Core/Src/stm32f1xx_it.o
 .debug_macro   0x00000000000021cf       0xff ./Core/Src/sysmem.o
 .debug_macro   0x00000000000022ce      0x23b ./Core/Src/sysmem.o
 .debug_macro   0x0000000000002509      0x1a3 ./Core/Src/system_stm32f1xx.o
 .debug_macro   0x00000000000026ac      0x1eb ./Core/Src/timer.o
 .debug_macro   0x0000000000002897      0x1c7 ./Drivers/STM32F1xx_HAL_Driver/Src/stm32f1xx_hal.o
 .debug_macro   0x0000000000002a5e      0x1a3 ./Drivers/STM32F1xx_HAL_Driver/Src/stm32f1xx_hal_cortex.o
 .debug_macro   0x0000000000002c01      0x1a3 ./Drivers/STM32F1xx_HAL_Driver/Src/stm32f1xx_hal_dma.o
 .debug_macro   0x0000000000002da4      0x20e ./Drivers/STM32F1xx_HAL_Driver/Src/stm32f1xx_hal_gpio.o
 .debug_macro   0x0000000000002fb2      0x1b5 ./Drivers/STM32F1xx_HAL_Driver/Src/stm32f1xx_hal_rcc.o
 .debug_macro   0x0000000000003167      0x1a4 ./Drivers/STM32F1xx_HAL_Driver/Src/stm32f1xx_hal_tim.o
 .debug_macro   0x000000000000330b      0x1a3 ./Drivers/STM32F1xx_HAL_Driver/Src/stm32f1xx_hal_tim_ex.o
 .debug_macro   0x00000000000034ae      0x1a4 ./Drivers/STM32F1xx_HAL_Driver/Src/stm32f1xx_hal_uart.o

.debug_line     0x0000000000000000    0x10f50
 .debug_line    0x0000000000000000      0x755 ./Core/Src/fsm_automatic_1.o
 .debug_line    0x0000000000000755      0x73e ./Core/Src/fsm_automatic_2.o
 .debug_line    0x0000000000000e93      0x7ad ./Core/Src/fsm_mode.o
 .debug_line    0x0000000000001640      0x798 ./Core/Src/fsm_mode_Led7Seg.o
 .debug_line    0x0000000000001dd8      0x675 ./Core/Src/global.o
 .debug_line    0x000000000000244d      0x8a3 ./Core/Src/input_reading.o
 .debug_line    0x0000000000002cf0      0x84c ./Core/Src/led_display.o
 .debug_line    0x000000000000353c      0xb8f ./Core/Src/main.o
 .debug_line    0x00000000000040cb      0x768 ./Core/Src/pedestrian.o
 .debug_line    0x0000000000004833      0x505 ./Core/Src/scheduler.o
 .debug_line    0x0000000000004d38      0x276 ./Core/Src/software_timer.o
 .debug_line    0x0000000000004fae      0x756 ./Core/Src/stm32f1xx_hal_msp.o
 .debug_line    0x0000000000005704      0x780 ./Core/Src/stm32f1xx_it.o
 .debug_line    0x0000000000005e84      0x4ef ./Core/Src/sysmem.o
 .debug_line    0x0000000000006373      0x6f4 ./Core/Src/system_stm32f1xx.o
 .debug_line    0x0000000000006a67      0x6bc ./Core/Src/timer.o
 .debug_line    0x0000000000007123       0x87 ./Core/Startup/startup_stm32f103rbtx.o
 .debug_line    0x00000000000071aa      0x921 ./Drivers/STM32F1xx_HAL_Driver/Src/stm32f1xx_hal.o
 .debug_line    0x0000000000007acb      0xb09 ./Drivers/STM32F1xx_HAL_Driver/Src/stm32f1xx_hal_cortex.o
 .debug_line    0x00000000000085d4      0xd79 ./Drivers/STM32F1xx_HAL_Driver/Src/stm32f1xx_hal_dma.o
 .debug_line    0x000000000000934d      0x9b8 ./Drivers/STM32F1xx_HAL_Driver/Src/stm32f1xx_hal_gpio.o
 .debug_line    0x0000000000009d05      0xd2f ./Drivers/STM32F1xx_HAL_Driver/Src/stm32f1xx_hal_rcc.o
 .debug_line    0x000000000000aa34     0x32d7 ./Drivers/STM32F1xx_HAL_Driver/Src/stm32f1xx_hal_tim.o
 .debug_line    0x000000000000dd0b     0x1849 ./Drivers/STM32F1xx_HAL_Driver/Src/stm32f1xx_hal_tim_ex.o
 .debug_line    0x000000000000f554     0x19fc ./Drivers/STM32F1xx_HAL_Driver/Src/stm32f1xx_hal_uart.o

.debug_str      0x0000000000000000    0x8b185
 .debug_str     0x0000000000000000    0x833b8 ./Core/Src/fsm_automatic_1.o
                                      0x836de (size before relaxing)
 .debug_str     0x00000000000833b8       0xb2 ./Core/Src/fsm_automatic_2.o
                                      0x836c6 (size before relaxing)
 .debug_str     0x000000000008346a       0xd4 ./Core/Src/fsm_mode.o
                                      0x836e8 (size before relaxing)
 .debug_str     0x000000000008353e       0x55 ./Core/Src/fsm_mode_Led7Seg.o
                                      0x83659 (size before relaxing)
 .debug_str     0x0000000000083593       0x1f ./Core/Src/global.o
                                      0x8360d (size before relaxing)
 .debug_str     0x00000000000835b2      0x280 ./Core/Src/input_reading.o
                                      0x83860 (size before relaxing)
 .debug_str     0x0000000000083832       0x65 ./Core/Src/led_display.o
                                      0x8371c (size before relaxing)
 .debug_str     0x0000000000083897     0x4877 ./Core/Src/main.o
                                      0x880b0 (size before relaxing)
 .debug_str     0x000000000008810e       0x2b ./Core/Src/pedestrian.o
                                      0x836c1 (size before relaxing)
 .debug_str     0x0000000000088139       0x7c ./Core/Src/scheduler.o
                                       0x3c86 (size before relaxing)
 .debug_str     0x00000000000881b5       0xe1 ./Core/Src/software_timer.o
                                       0x2e07 (size before relaxing)
 .debug_str     0x0000000000088296      0x379 ./Core/Src/stm32f1xx_hal_msp.o
                                      0x83f59 (size before relaxing)
 .debug_str     0x000000000008860f      0x122 ./Core/Src/stm32f1xx_it.o
                                      0x83bf9 (size before relaxing)
 .debug_str     0x0000000000088731      0x4da ./Core/Src/sysmem.o
                                       0x5d35 (size before relaxing)
 .debug_str     0x0000000000088c0b       0x7e ./Core/Src/system_stm32f1xx.o
                                      0x832a0 (size before relaxing)
 .debug_str     0x0000000000088c89       0x32 ./Core/Src/timer.o
                                      0x83b0c (size before relaxing)
 .debug_str     0x0000000000088cbb       0x36 ./Core/Startup/startup_stm32f103rbtx.o
                                         0x4f (size before relaxing)
 .debug_str     0x0000000000088cf1      0x38e ./Drivers/STM32F1xx_HAL_Driver/Src/stm32f1xx_hal.o
                                      0x839d3 (size before relaxing)
 .debug_str     0x000000000008907f      0x294 ./Drivers/STM32F1xx_HAL_Driver/Src/stm32f1xx_hal_cortex.o
                                      0x8391f (size before relaxing)
 .debug_str     0x0000000000089313      0x235 ./Drivers/STM32F1xx_HAL_Driver/Src/stm32f1xx_hal_dma.o
                                      0x83649 (size before relaxing)
 .debug_str     0x0000000000089548      0x2bd ./Drivers/STM32F1xx_HAL_Driver/Src/stm32f1xx_hal_gpio.o
                                      0x83626 (size before relaxing)
 .debug_str     0x0000000000089805      0x229 ./Drivers/STM32F1xx_HAL_Driver/Src/stm32f1xx_hal_rcc.o
                                      0x836cf (size before relaxing)
 .debug_str     0x0000000000089a2e      0xd0b ./Drivers/STM32F1xx_HAL_Driver/Src/stm32f1xx_hal_tim.o
                                      0x846ba (size before relaxing)
 .debug_str     0x000000000008a739      0x493 ./Drivers/STM32F1xx_HAL_Driver/Src/stm32f1xx_hal_tim_ex.o
                                      0x83ed6 (size before relaxing)
 .debug_str     0x000000000008abcc      0x5b9 ./Drivers/STM32F1xx_HAL_Driver/Src/stm32f1xx_hal_uart.o
                                      0x83cda (size before relaxing)

.comment        0x0000000000000000       0x50
 .comment       0x0000000000000000       0x50 ./Core/Src/fsm_automatic_1.o
                                         0x51 (size before relaxing)
 .comment       0x0000000000000050       0x51 ./Core/Src/fsm_automatic_2.o
 .comment       0x0000000000000050       0x51 ./Core/Src/fsm_mode.o
 .comment       0x0000000000000050       0x51 ./Core/Src/fsm_mode_Led7Seg.o
 .comment       0x0000000000000050       0x51 ./Core/Src/global.o
 .comment       0x0000000000000050       0x51 ./Core/Src/input_reading.o
 .comment       0x0000000000000050       0x51 ./Core/Src/led_display.o
 .comment       0x0000000000000050       0x51 ./Core/Src/main.o
 .comment       0x0000000000000050       0x51 ./Core/Src/pedestrian.o
 .comment       0x0000000000000050       0x51 ./Core/Src/scheduler.o
 .comment       0x0000000000000050       0x51 ./Core/Src/software_timer.o
 .comment       0x0000000000000050       0x51 ./Core/Src/stm32f1xx_hal_msp.o
 .comment       0x0000000000000050       0x51 ./Core/Src/stm32f1xx_it.o
 .comment       0x0000000000000050       0x51 ./Core/Src/sysmem.o
 .comment       0x0000000000000050       0x51 ./Core/Src/system_stm32f1xx.o
 .comment       0x0000000000000050       0x51 ./Core/Src/timer.o
 .comment       0x0000000000000050       0x51 ./Drivers/STM32F1xx_HAL_Driver/Src/stm32f1xx_hal.o
 .comment       0x0000000000000050       0x51 ./Drivers/STM32F1xx_HAL_Driver/Src/stm32f1xx_hal_cortex.o
 .comment       0x0000000000000050       0x51 ./Drivers/STM32F1xx_HAL_Driver/Src/stm32f1xx_hal_dma.o
 .comment       0x0000000000000050       0x51 ./Drivers/STM32F1xx_HAL_Driver/Src/stm32f1xx_hal_gpio.o
 .comment       0x0000000000000050       0x51 ./Drivers/STM32F1xx_HAL_Driver/Src/stm32f1xx_hal_rcc.o
 .comment       0x0000000000000050       0x51 ./Drivers/STM32F1xx_HAL_Driver/Src/stm32f1xx_hal_tim.o
 .comment       0x0000000000000050       0x51 ./Drivers/STM32F1xx_HAL_Driver/Src/stm32f1xx_hal_tim_ex.o
 .comment       0x0000000000000050       0x51 ./Drivers/STM32F1xx_HAL_Driver/Src/stm32f1xx_hal_uart.o

.debug_frame    0x0000000000000000     0x3d88
 .debug_frame   0x0000000000000000       0x2c ./Core/Src/fsm_automatic_1.o
 .debug_frame   0x000000000000002c       0x2c ./Core/Src/fsm_automatic_2.o
 .debug_frame   0x0000000000000058       0x2c ./Core/Src/fsm_mode.o
 .debug_frame   0x0000000000000084       0x2c ./Core/Src/fsm_mode_Led7Seg.o
 .debug_frame   0x00000000000000b0       0x38 ./Core/Src/global.o
 .debug_frame   0x00000000000000e8       0xd4 ./Core/Src/input_reading.o
 .debug_frame   0x00000000000001bc      0x208 ./Core/Src/led_display.o
 .debug_frame   0x00000000000003c4      0x148 ./Core/Src/main.o
 .debug_frame   0x000000000000050c       0x2c ./Core/Src/pedestrian.o
 .debug_frame   0x0000000000000538       0xcc ./Core/Src/scheduler.o
 .debug_frame   0x0000000000000604      0x228 ./Core/Src/software_timer.o
 .debug_frame   0x000000000000082c       0xec ./Core/Src/stm32f1xx_hal_msp.o
 .debug_frame   0x0000000000000918      0x158 ./Core/Src/stm32f1xx_it.o
 .debug_frame   0x0000000000000a70       0x34 ./Core/Src/sysmem.o
 .debug_frame   0x0000000000000aa4       0x58 ./Core/Src/system_stm32f1xx.o
 .debug_frame   0x0000000000000afc       0x34 ./Core/Src/timer.o
 .debug_frame   0x0000000000000b30      0x334 ./Drivers/STM32F1xx_HAL_Driver/Src/stm32f1xx_hal.o
 .debug_frame   0x0000000000000e64      0x428 ./Drivers/STM32F1xx_HAL_Driver/Src/stm32f1xx_hal_cortex.o
 .debug_frame   0x000000000000128c      0x208 ./Drivers/STM32F1xx_HAL_Driver/Src/stm32f1xx_hal_dma.o
 .debug_frame   0x0000000000001494      0x14c ./Drivers/STM32F1xx_HAL_Driver/Src/stm32f1xx_hal_gpio.o
 .debug_frame   0x00000000000015e0      0x21c ./Drivers/STM32F1xx_HAL_Driver/Src/stm32f1xx_hal_rcc.o
 .debug_frame   0x00000000000017fc     0x11b8 ./Drivers/STM32F1xx_HAL_Driver/Src/stm32f1xx_hal_tim.o
 .debug_frame   0x00000000000029b4      0x638 ./Drivers/STM32F1xx_HAL_Driver/Src/stm32f1xx_hal_tim_ex.o
 .debug_frame   0x0000000000002fec      0x914 ./Drivers/STM32F1xx_HAL_Driver/Src/stm32f1xx_hal_uart.o
 .debug_frame   0x0000000000003900       0x20 c:/st/stm32cubeide_1.7.0/stm32cubeide/plugins/com.st.stm32cube.ide.mcu.externaltools.gnu-tools-for-stm32.10.3-2021.10.win32_1.0.100.202210260954/tools/bin/../lib/gcc/arm-none-eabi/10.3.1/../../../../arm-none-eabi/lib/thumb/v7-m/nofp\libc_nano.a(lib_a-errno.o)
 .debug_frame   0x0000000000003920       0x2c c:/st/stm32cubeide_1.7.0/stm32cubeide/plugins/com.st.stm32cube.ide.mcu.externaltools.gnu-tools-for-stm32.10.3-2021.10.win32_1.0.100.202210260954/tools/bin/../lib/gcc/arm-none-eabi/10.3.1/../../../../arm-none-eabi/lib/thumb/v7-m/nofp\libc_nano.a(lib_a-init.o)
 .debug_frame   0x000000000000394c       0x20 c:/st/stm32cubeide_1.7.0/stm32cubeide/plugins/com.st.stm32cube.ide.mcu.externaltools.gnu-tools-for-stm32.10.3-2021.10.win32_1.0.100.202210260954/tools/bin/../lib/gcc/arm-none-eabi/10.3.1/../../../../arm-none-eabi/lib/thumb/v7-m/nofp\libc_nano.a(lib_a-memset.o)
 .debug_frame   0x000000000000396c       0x6c c:/st/stm32cubeide_1.7.0/stm32cubeide/plugins/com.st.stm32cube.ide.mcu.externaltools.gnu-tools-for-stm32.10.3-2021.10.win32_1.0.100.202210260954/tools/bin/../lib/gcc/arm-none-eabi/10.3.1/../../../../arm-none-eabi/lib/thumb/v7-m/nofp\libc_nano.a(lib_a-sprintf.o)
 .debug_frame   0x00000000000039d8       0x90 c:/st/stm32cubeide_1.7.0/stm32cubeide/plugins/com.st.stm32cube.ide.mcu.externaltools.gnu-tools-for-stm32.10.3-2021.10.win32_1.0.100.202210260954/tools/bin/../lib/gcc/arm-none-eabi/10.3.1/../../../../arm-none-eabi/lib/thumb/v7-m/nofp\libc_nano.a(lib_a-nano-svfprintf.o)
 .debug_frame   0x0000000000003a68       0x60 c:/st/stm32cubeide_1.7.0/stm32cubeide/plugins/com.st.stm32cube.ide.mcu.externaltools.gnu-tools-for-stm32.10.3-2021.10.win32_1.0.100.202210260954/tools/bin/../lib/gcc/arm-none-eabi/10.3.1/../../../../arm-none-eabi/lib/thumb/v7-m/nofp\libc_nano.a(lib_a-nano-vfprintf_i.o)
 .debug_frame   0x0000000000003ac8       0x28 c:/st/stm32cubeide_1.7.0/stm32cubeide/plugins/com.st.stm32cube.ide.mcu.externaltools.gnu-tools-for-stm32.10.3-2021.10.win32_1.0.100.202210260954/tools/bin/../lib/gcc/arm-none-eabi/10.3.1/../../../../arm-none-eabi/lib/thumb/v7-m/nofp\libc_nano.a(lib_a-memchr-stub.o)
 .debug_frame   0x0000000000003af0       0x28 c:/st/stm32cubeide_1.7.0/stm32cubeide/plugins/com.st.stm32cube.ide.mcu.externaltools.gnu-tools-for-stm32.10.3-2021.10.win32_1.0.100.202210260954/tools/bin/../lib/gcc/arm-none-eabi/10.3.1/../../../../arm-none-eabi/lib/thumb/v7-m/nofp\libc_nano.a(lib_a-memcpy-stub.o)