../Core/Src/led_display.c:149:6:BlinkyRedVer	8	static
../Core/Src/led_display.c:160:6:BlinkyGreenVer	8	static
../Core/Src/led_display.c:167:6:BlinkyYellowVer	8	static
../Core/Src/led_display.c:175:6:BlinkyRedHor	8	static
../Core/Src/led_display.c:183:6:BlinkyGreenHor	8	static
../Core/Src/led_display.c:190:6:BlinkyYellowHor	8	static
../Core/Src/led_display.c:247:6:SetOffVerHor	8	static
../Core/Src/led_display.c:256:6:SetOffVer	8	static
../Core/Src/led_display.c:265:6:SetPedesRed	8	static
../Core/Src/led_display.c:272:6:SetPedesGreen	8	static
../Core/Src/led_display.c:280:6:SetPedesOff	8	static
../Core/Src/led_display.c:285:6:SetRedVer	8	static
../Core/Src/led_display.c:293:6:SetGreenVer	8	static
../Core/Src/led_display.c:301:6:SetYellowVer	8	static
../Core/Src/led_display.c:310:6:SetOffHor	8	static
../Core/Src/led_display.c:318:6:SetRedHor	8	static
../Core/Src/led_display.c:326:6:SetGreenHor	8	static
../Core/Src/led_display.c:334:6:SetYellowHor	8	static
