led_display.c:119:6:update7SEG	16	static
led_display.c:142:6:updateLedBuffer	16	static
led_display.c:149:6:BlinkyRedVer	8	static
led_display.c:160:6:BlinkyGreenVer	8	static
led_display.c:167:6:BlinkyYellowVer	8	static
led_display.c:175:6:BlinkyRedHor	8	static
led_display.c:183:6:BlinkyGreenHor	8	static
led_display.c:190:6:BlinkyYellowHor	8	static
led_display.c:253:6:SetOffVer	8	static
led_display.c:262:6:SetPedesRed	8	static
led_display.c:269:6:SetPedesGreen	8	static
led_display.c:277:6:SetPedesOff	8	static
led_display.c:282:6:SetRedVer	8	static
led_display.c:290:6:SetGreenVer	8	static
led_display.c:298:6:SetYellowVer	8	static
led_display.c:307:6:SetOffHor	8	static
led_display.c:315:6:SetRedHor	8	static
led_display.c:323:6:SetGreenHor	8	static
led_display.c:331:6:SetYellowHor	8	static
