23:14:43 **** Incremental Build of configuration Debug for project ass ****
make -j12 all 
arm-none-eabi-gcc "../Core/Src/main.c" -mcpu=cortex-m3 -std=gnu11 -g3 -DDEBUG -DUSE_HAL_DRIVER -DSTM32F103xB -c -I../Core/Inc -I../Drivers/STM32F1xx_HAL_Driver/Inc -I../Drivers/STM32F1xx_HAL_Driver/Inc/Legacy -I../Drivers/CMSIS/Device/ST/STM32F1xx/Include -I../Drivers/CMSIS/Include -O0 -ffunction-sections -fdata-sections -Wall -fstack-usage -MMD -MP -MF"Core/Src/main.d" -MT"Core/Src/main.o" --specs=nano.specs -mfloat-abi=soft -mthumb -o "Core/Src/main.o"
arm-none-eabi-gcc "../Core/Src/pedestrian.c" -mcpu=cortex-m3 -std=gnu11 -g3 -DDEBUG -DUSE_HAL_DRIVER -DSTM32F103xB -c -I../Core/Inc -I../Drivers/STM32F1xx_HAL_Driver/Inc -I../Drivers/STM32F1xx_HAL_Driver/Inc/Legacy -I../Drivers/CMSIS/Device/ST/STM32F1xx/Include -I../Drivers/CMSIS/Include -O0 -ffunction-sections -fdata-sections -Wall -fstack-usage -MMD -MP -MF"Core/Src/pedestrian.d" -MT"Core/Src/pedestrian.o" --specs=nano.specs -mfloat-abi=soft -mthumb -o "Core/Src/pedestrian.o"
../Core/Src/main.c: In function 'main':
../Core/Src/main.c:146:31: warning: pointer targets in passing argument 2 of 'HAL_UART_Transmit' differ in signedness [-Wpointer-sign]
  146 |    HAL_UART_Transmit(&huart2, str, sprintf(str, "%s","Hello\r\n"), 1000);
      |                               ^~~
      |                               |
      |                               char *
In file included from ../Core/Inc/stm32f1xx_hal_conf.h:337,
                 from ../Drivers/STM32F1xx_HAL_Driver/Inc/stm32f1xx_hal.h:30,
                 from ../Core/Inc/main.h:31,
                 from ../Core/Src/main.c:21:
../Drivers/STM32F1xx_HAL_Driver/Inc/stm32f1xx_hal_uart.h:725:73: note: expected 'uint8_t *' {aka 'unsigned char *'} but argument is of type 'char *'
  725 | HAL_StatusTypeDef HAL_UART_Transmit(UART_HandleTypeDef *huart, uint8_t *pData, uint16_t Size, uint32_t Timeout);
      |                                                                ~~~~~~~~~^~~~~
arm-none-eabi-gcc -o "ass.elf" @"objects.list"   -mcpu=cortex-m3 -T"D:\MCU_LAB\ASS\ass\STM32F103RBTX_FLASH.ld" --specs=nosys.specs -Wl,-Map="ass.map" -Wl,--gc-sections -static --specs=nano.specs -mfloat-abi=soft -mthumb -Wl,--start-group -lc -lm -Wl,--end-group
Finished building target: ass.elf
 
arm-none-eabi-size   ass.elf 
arm-none-eabi-objdump -h -S  ass.elf  > "ass.list"
arm-none-eabi-objcopy  -O ihex  ass.elf  "ass.hex"
   text	   data	    bss	    dec	    hex	filename
  17188	    156	   2740	  20084	   4e74	ass.elf
arm-none-eabi-objcopy  -O binary  ass.elf  "ass.bin"
Finished building: default.size.stdout
 
Finished building: ass.hex
Finished building: ass.bin
 
 
Finished building: ass.list
 

23:14:44 Build Finished. 0 errors, 1 warnings. (took 990ms)

