18:31:00 **** Incremental Build of configuration Debug for project ass ****
make -j12 all 
arm-none-eabi-size   ass.elf 
   text	   data	    bss	    dec	    hex	filename
  21460	    164	   2796	  24420	   5f64	ass.elf
Finished building: default.size.stdout
 
18:31:04 **** Incremental Build of configuration Debug for project ass ****
make -j12 all 
arm-none-eabi-size   ass.elf 
   text	   data	    bss	    dec	    hex	filename
  21460	    164	   2796	  24420	   5f64	ass.elf
Finished building: default.size.stdout
 
